Archive member included because of file (symbol)

c:/cortus-ide-new/toolchain/bin/../lib/gcc/aps/4.7.3/../../../../aps/lib/aps1\libg.a(lib_a-memset.o)
                              ./release3A0/src/main.o (memset)

Allocating common symbols
Common symbol       size              file

__gnu_lto_v1        0x1               ./release3A0/src/main.o

Discarded input sections

 .text          0x00000000        0x0 ./release3A0/src/main.o
 .data          0x00000000        0x0 ./release3A0/src/main.o
 .bss           0x00000000        0x0 ./release3A0/src/main.o
 .sbss          0x00000000        0x0 ./release3A0/src/main.o
 .gnu.lto_.jmpfuncs.cd3a9ea9
                0x00000000       0x71 ./release3A0/src/main.o
 .gnu.lto_.inline.cd3a9ea9
                0x00000000       0xfb ./release3A0/src/main.o
 .gnu.lto_.pureconst.cd3a9ea9
                0x00000000       0x30 ./release3A0/src/main.o
 .gnu.lto_cpu_int_enable.cd3a9ea9
                0x00000000      0x117 ./release3A0/src/main.o
 .gnu.lto_spi_flash_load_to_cortus_mem.cd3a9ea9
                0x00000000      0x3ad ./release3A0/src/main.o
 .gnu.lto_load_spi_eeprom.cd3a9ea9
                0x00000000      0x8ae ./release3A0/src/main.o
 .gnu.lto_crc7.cd3a9ea9
                0x00000000      0x429 ./release3A0/src/main.o
 .gnu.lto_gpio_init.cd3a9ea9
                0x00000000       0x72 ./release3A0/src/main.o
 .gnu.lto_set_gpio4.cd3a9ea9
                0x00000000       0x9f ./release3A0/src/main.o
 .gnu.lto_gpio_message.cd3a9ea9
                0x00000000       0xa3 ./release3A0/src/main.o
 .gnu.lto_spi_init.cd3a9ea9
                0x00000000      0x153 ./release3A0/src/main.o
 .gnu.lto_nmi_get_chipid.cd3a9ea9
                0x00000000      0x2a6 ./release3A0/src/main.o
 .gnu.lto_wait_for_host.cd3a9ea9
                0x00000000      0x125 ./release3A0/src/main.o
 .gnu.lto_wait_for_host_rom.cd3a9ea9
                0x00000000      0x13b ./release3A0/src/main.o
 .gnu.lto_ota_get_working_image_offset.cd3a9ea9
                0x00000000      0x71b ./release3A0/src/main.o
 .gnu.lto_gpio_check.cd3a9ea9
                0x00000000      0x25a ./release3A0/src/main.o
 .gnu.lto_main.cd3a9ea9
                0x00000000      0x3a2 ./release3A0/src/main.o
 .gnu.lto_.cgraph.cd3a9ea9
                0x00000000       0xc1 ./release3A0/src/main.o
 .gnu.lto_.vars.cd3a9ea9
                0x00000000       0x19 ./release3A0/src/main.o
 .gnu.lto_.refs.cd3a9ea9
                0x00000000       0x1d ./release3A0/src/main.o
 .gnu.lto_.statics.cd3a9ea9
                0x00000000       0x14 ./release3A0/src/main.o
 .gnu.lto_.decls.cd3a9ea9
                0x00000000      0xe24 ./release3A0/src/main.o
 .gnu.lto_.symtab.cd3a9ea9
                0x00000000      0x11c ./release3A0/src/main.o
 .gnu.lto_.opts
                0x00000000       0x2e ./release3A0/src/main.o
 .text.gpio_init
                0x00000000        0x2 ./release3A0/src/main.o
 .text.set_gpio4
                0x00000000        0x2 ./release3A0/src/main.o
 .text.gpio_message
                0x00000000        0x2 ./release3A0/src/main.o
 .text.nmi_get_chipid
                0x00000000       0x76 ./release3A0/src/main.o
 .sbss.chipid.2159
                0x00000000        0x4 ./release3A0/src/main.o
 .text          0x00000000        0x0 ./release3A0/src/memconfig.o
 .data          0x00000000        0x0 ./release3A0/src/memconfig.o
 .bss           0x00000000        0x0 ./release3A0/src/memconfig.o
 .sbss          0x00000000        0x0 ./release3A0/src/memconfig.o
 .gnu.lto_.inline.cd3a90d3
                0x00000000       0x12 ./release3A0/src/memconfig.o
 .gnu.lto_.pureconst.cd3a90d3
                0x00000000       0x12 ./release3A0/src/memconfig.o
 .gnu.lto_.cgraph.cd3a90d3
                0x00000000       0x13 ./release3A0/src/memconfig.o
 .gnu.lto_.asm.cd3a90d3
                0x00000000       0x8c ./release3A0/src/memconfig.o
 .gnu.lto_.vars.cd3a90d3
                0x00000000       0x12 ./release3A0/src/memconfig.o
 .gnu.lto_.refs.cd3a90d3
                0x00000000       0x13 ./release3A0/src/memconfig.o
 .gnu.lto_.statics.cd3a90d3
                0x00000000       0x14 ./release3A0/src/memconfig.o
 .gnu.lto_.decls.cd3a90d3
                0x00000000       0x1a ./release3A0/src/memconfig.o
 .gnu.lto_.symtab.cd3a90d3
                0x00000000        0x0 ./release3A0/src/memconfig.o
 .gnu.lto_.opts
                0x00000000       0x2e ./release3A0/src/memconfig.o
 .comment       0x00000000       0x24 ./release3A0/src/memconfig.o
 .text          0x00000000        0x0 ./release3A0/src/wifi_crt0.o
 .data          0x00000000        0x0 ./release3A0/src/wifi_crt0.o
 .bss           0x00000000        0x0 ./release3A0/src/wifi_crt0.o
 .sbss          0x00000000        0x0 ./release3A0/src/wifi_crt0.o
 .gnu.lto_.jmpfuncs.cd3affe1
                0x00000000       0x17 ./release3A0/src/wifi_crt0.o
 .gnu.lto_.inline.cd3affe1
                0x00000000       0x2d ./release3A0/src/wifi_crt0.o
 .gnu.lto_.pureconst.cd3affe1
                0x00000000       0x15 ./release3A0/src/wifi_crt0.o
 .gnu.lto_start.cd3affe1
                0x00000000      0x26e ./release3A0/src/wifi_crt0.o
 .gnu.lto_.cgraph.cd3affe1
                0x00000000       0x3c ./release3A0/src/wifi_crt0.o
 .gnu.lto_.vars.cd3affe1
                0x00000000       0x2e ./release3A0/src/wifi_crt0.o
 .gnu.lto_.refs.cd3affe1
                0x00000000       0x24 ./release3A0/src/wifi_crt0.o
 .gnu.lto_.statics.cd3affe1
                0x00000000       0x14 ./release3A0/src/wifi_crt0.o
 .gnu.lto_.decls.cd3affe1
                0x00000000      0x3af ./release3A0/src/wifi_crt0.o
 .gnu.lto_.symtab.cd3affe1
                0x00000000       0xd2 ./release3A0/src/wifi_crt0.o
 .gnu.lto_.opts
                0x00000000       0x2e ./release3A0/src/wifi_crt0.o
 .text          0x00000000        0x0 c:/cortus-ide-new/toolchain/bin/../lib/gcc/aps/4.7.3/../../../../aps/lib/aps1\libg.a(lib_a-memset.o)
 .data          0x00000000        0x0 c:/cortus-ide-new/toolchain/bin/../lib/gcc/aps/4.7.3/../../../../aps/lib/aps1\libg.a(lib_a-memset.o)
 .bss           0x00000000        0x0 c:/cortus-ide-new/toolchain/bin/../lib/gcc/aps/4.7.3/../../../../aps/lib/aps1\libg.a(lib_a-memset.o)
 .sbss          0x00000000        0x0 c:/cortus-ide-new/toolchain/bin/../lib/gcc/aps/4.7.3/../../../../aps/lib/aps1\libg.a(lib_a-memset.o)

Memory Configuration

Name             Origin             Length             Attributes
program_memory   0x60000000         0x20000000         xr
data_memory      0x0000d000         0x20000000         !xr
*default*        0x00000000         0xffffffff

Linker script and memory map

                [0x00001000]                _STACK_SIZE = DEFINED (_STACK_SIZE)?_STACK_SIZE:0x10000
                [0x00000000]                _HEAP_SIZE = DEFINED (_HEAP_SIZE)?_HEAP_SIZE:0x10000
                [0x00002000]                _PROGRAM_MEMORY_SIZE = DEFINED (_PROGRAM_MEMORY_SIZE)?_PROGRAM_MEMORY_SIZE:0x80000
                [0x00002000]                _DATA_MEMORY_SIZE = DEFINED (_DATA_MEMORY_SIZE)?_DATA_MEMORY_SIZE:0x80000

.note.gnu.build-id
 *(.note.gnu.build-id)

.hash
 *(.hash)

.dynsym
 *(.dynsym)

.dynstr
 *(.dynstr)

.gnu.version
 *(.gnu.version)

.gnu.version_d
 *(.gnu.version_d)

.gnu.version_r
 *(.gnu.version_r)

.rel.init
 *(.rel.init)

.rela.init
 *(.rela.init)

.rel.text
 *(.rel.text .rel.text.* .rel.gnu.linkonce.t.*)

.rela.text
 *(.rela.text .rela.text.* .rela.gnu.linkonce.t.*)

.rel.fini
 *(.rel.fini)

.rela.fini
 *(.rela.fini)

.rel.rodata
 *(.rel.rodata .rel.rodata.* .rel.gnu.linkonce.r.*)

.rela.rodata
 *(.rela.rodata .rela.rodata.* .rela.gnu.linkonce.r.*)

.rel.srodata
 *(.rel.srodata .rel.srodata.* .rel.gnu.linkonce.sr.*)

.rela.srodata
 *(.rela.srodata .rela.srodata.* .rela.gnu.linkonce.sr.*)

.rel.data.rel.ro
 *(.rel.data.rel.ro* .rel.gnu.linkonce.d.rel.ro.*)

.rela.data.rel.ro
 *(.rela.data.rel.ro* .rela.gnu.linkonce.d.rel.ro.*)

.rel.data
 *(.rel.data .rel.data.* .rel.gnu.linkonce.d.*)
 *(.rel.data .rel.data.* .rel.gnu.linkonce.b.*)

.rela.data
 *(.rela.data .rela.data.* .rela.gnu.linkonce.d.*)
 *(.rela.data .rela.bss.* .rela.gnu.linkonce.b.*)

.rel.ctors
 *(.rel.ctors)

.rela.ctors
 *(.rela.ctors)

.rel.dtors
 *(.rel.dtors)

.rela.dtors
 *(.rela.dtors)

.rel.bss
 *(.rel.bss .rel.bss.* .rel.gnu.linkonce.b.*)

.rela.bss
 *(.rela.bss .rela.bss.* .rela.gnu.linkonce.b.*)

.rel.sbss
 *(.rel.sbss .rel.sbss.* .rel.gnu.linkonce.sb.*)

.rela.sbss
 *(.rela.sbss .rela.sbss.* .rela.gnu.linkonce.sb.*)

.rel.sdata
 *(.rel.sdata .rel.sdata.* .rel.gnu.linkonce.s.*)

.rela.sdata
 *(.rela.sdata .rela.bss.* .rela.gnu.linkonce.s.*)

.rel.vectors
 *(.rel.vectors .rel.vectors.*)

.rela.vectors
 *(.rela.vectors .rela.vectors.*)

.text           0x60000000      0x4f4
 *(.vectors)
 .vectors       0x60000000        0x4 ./release3A0/src/wifi_crt0.o
                0x60000000                trap_vectors
                0x60000004                PROVIDE (_text, .)
 *(.init .init.*)
 .init          0x60000004       0x42 ./release3A0/src/wifi_crt0.o
                0x60000004                start
 *(.text .text.* .libgcc .gnu.linkonce.t.*)
 *fill*         0x60000046        0x2 00
 .text.spi_flash_load_to_cortus_mem
                0x60000048       0x4e ./release3A0/src/main.o
 *fill*         0x60000096        0x2 00
 .text.crc7.constprop.0
                0x60000098       0x62 ./release3A0/src/main.o
 *fill*         0x600000fa        0x2 00
 .text.spi_init
                0x600000fc       0x18 ./release3A0/src/main.o
                0x600000fc                spi_init
 .text.wait_for_host
                0x60000114       0x14 ./release3A0/src/main.o
                0x60000114                wait_for_host
 .text.wait_for_host_rom
                0x60000128       0x1e ./release3A0/src/main.o
                0x60000128                wait_for_host_rom
 *fill*         0x60000146        0x2 00
 .text.ota_get_working_image_offset
                0x60000148      0x14e ./release3A0/src/main.o
                0x60000148                ota_get_working_image_offset
 *fill*         0x60000296        0x2 00
 .text.gpio_check
                0x60000298       0x54 ./release3A0/src/main.o
                0x60000298                gpio_check
 .text.startup.main
                0x600002ec      0x1f2 ./release3A0/src/main.o
                0x600002ec                main
 *fill*         0x600004de        0x2 00
 .text.memset   0x600004e0       0x12 c:/cortus-ide-new/toolchain/bin/../lib/gcc/aps/4.7.3/../../../../aps/lib/aps1\libg.a(lib_a-memset.o)
                0x600004e0                memset
 *(.fini .fini.*)
                0x600004f4                . = ALIGN (0x4)
 *fill*         0x600004f2        0x2 00
                0x600004f4                PROVIDE (_etext, .)

.sec_ovrly1     0x600004f4        0x0 load address 0x60100000
 sec_ovrly1*(.text)
                0x60100000                PROVIDE (__load_start_sec_ovrly1, LOADADDR (.sec_ovrly1))
                0x60100000                PROVIDE (__load_stop_sec_ovrly1, (LOADADDR (.sec_ovrly1) + SIZEOF (.sec_ovrly1)))

.reserve        0x0000d000       0x68
                0x0000d020                . = (. + 0x20)
 *fill*         0x0000d000       0x20 00
                0x0000d020                PROVIDE (_debugger_register_save_area, .)
                0x0000d068                . = (. + 0x48)
 *fill*         0x0000d020       0x48 00

.data           0x0000d068        0x0
                0x0000d068                PROVIDE (_sdata, .)
 *(.sdata)
 *(SORT(.sdata.*))
 *(SORT(.gnu.linkonce.s.*))
                0x0000d068                . = ALIGN (0x4)
                0x0000d068                PROVIDE (_esdata, .)
                0x0000d068                PROVIDE (_srodata, .)
 *(.srodata)
 *(SORT(.srodata.*))
 *(.gnu.linkonce.sr.*)
                0x0000d068                . = ALIGN (0x4)
                0x0000d068                _esrodata = .
                0x0000d068                PROVIDE (_rodata, .)
 *(.rodata)
 *(SORT(.rodata.*))
 *(.gnu.linkonce.r.*)
 *(.gcc_except_table)
 *(SORT(.gcc_except_table.*))
                0x0000d068                . = ALIGN (0x4)
                0x0000d068                _erodata = .
                0x0000d068                PROVIDE (__CTOR_LIST__, .)
 *(.ctors)
                0x0000d068                PROVIDE (__CTOR_END__, .)
                0x0000d068                PROVIDE (__DTOR_LIST__, .)
 *(.dtors)
                0x0000d068                PROVIDE (__DTOR_END__, .)
                0x0000d068                PROVIDE (_data, .)
 *(.data)
 *(SORT(.data.*))
 *(SORT(.patchtable.*))
 *(SORT(.gnu.linkonce.d.*))
                0x0000d068                . = ALIGN (0x4)
                0x0000d068                PROVIDE (_edata, .)

.bss            0x0000d068     0x1004
                0x0000d068                PROVIDE (_sbss, .)
 *(.sbss)
 *(.scommon)
 .scommon       0x0000d068        0x1 ./release3A0/src/main.o
                0x0000d068                __gnu_lto_v1
 .scommon       0x0000d069        0x0 ./release3A0/src/memconfig.o
 .scommon       0x0000d069        0x0 ./release3A0/src/wifi_crt0.o
 *(SORT(.sbss.*))
 *(SORT(.scommon.*))
 *(SORT(.gnu.linkonce.sb.*))
                0x0000d06c                . = ALIGN (0x4)
 *fill*         0x0000d069        0x3 00
                0x0000d06c                PROVIDE (_esbss, .)
                0x0000d06c                PROVIDE (_bss, .)
 *(.bss)
 *(SORT(.bss.*))
 *(SORT(.gnu.linkonce.b.*))
 *(SORT(COMMON))
                0x0000d06c                . = ALIGN (0x4)
                0x0000d06c                __heap_bottom = .
                0x0000d06c                . = (. + _HEAP_SIZE)
                0x0000d06c                __heap_top = .
                0x0000d06c                . = ALIGN (0x4)
                0x0000d06c                __stack_bottom = .
                0x0000e06c                . = (. + _STACK_SIZE)
 *fill*         0x0000d06c     0x1000 00
                0x0000e06c                __stack_top = .
                0x0000e06c                . = ALIGN (0x4)
                0x0000e06c                _ebss = .
                0x0000e06c                _end = .
                0x0000e06c                PROVIDE (end, .)

.noinit         0x0000e06c        0x0
                0x0000e06c                PROVIDE (__noinit_start, .)
 *(.noinit .noinit.*)
                0x0000e06c                PROVIDE (__noinit_end, .)
                0x0000d068                _sdata_size = _esrodata
                0x000004f4                _program_memory_size = SIZEOF (.text)
                0x0000e06c                _data_memory_size = __noinit_end
                0x00000001                _dummy = ASSERT ((_sdata_size <= 0x10000), Run out of space in short data section)
                0x00000001                _dummy = ASSERT (! (((DEFINED (aps_malloc) || DEFINED (aps_malloc_dbg)) && DEFINED (malloc))), Warning: Using a mixture of newlib heap and Cortus heap)
                0x00000001                _dummy = ASSERT (! ((DEFINED (aps_malloc) && DEFINED (aps_malloc_dbg))), Warning: Some but not all code compiled with DEBUG_HEAP defined)
                0x60100000                _sec_ovrly1_ld_adr = LOADADDR (.sec_ovrly1)
                0x00000000                _sec_ovrly1_ld_sz = SIZEOF (.sec_ovrly1)
                0x600004f4                _ovrly_start_addr = _etext

.stab
 *(.stab)

.stabstr
 *(.stabstr)

.stab.excl
 *(.stab.excl)

.stab.exclstr
 *(.stab.exclstr)

.stab.index
 *(.stab.index)

.stab.indexstr
 *(.stab.indexstr)

.comment        0x00000000       0x23
 *(.comment)
 .comment       0x00000000       0x23 ./release3A0/src/main.o
                                 0x24 (size before relaxing)
 .comment       0x00000000       0x24 ./release3A0/src/wifi_crt0.o
 .comment       0x00000000       0x24 c:/cortus-ide-new/toolchain/bin/../lib/gcc/aps/4.7.3/../../../../aps/lib/aps1\libg.a(lib_a-memset.o)

.debug
 *(.debug)

.line
 *(.line)

.debug_srcinfo
 *(.debug_srcinfo)

.debug_sfnames
 *(.debug_sfnames)

.debug_aranges  0x00000000       0x20
 *(.debug_aranges)
 .debug_aranges
                0x00000000       0x20 c:/cortus-ide-new/toolchain/bin/../lib/gcc/aps/4.7.3/../../../../aps/lib/aps1\libg.a(lib_a-memset.o)

.debug_pubnames
 *(.debug_pubnames)

.debug_info     0x00000000       0xdb
 *(.debug_info .gnu.linkonce.wi.*)
 .debug_info    0x00000000       0xdb c:/cortus-ide-new/toolchain/bin/../lib/gcc/aps/4.7.3/../../../../aps/lib/aps1\libg.a(lib_a-memset.o)

.debug_abbrev   0x00000000       0x90
 *(.debug_abbrev)
 .debug_abbrev  0x00000000       0x90 c:/cortus-ide-new/toolchain/bin/../lib/gcc/aps/4.7.3/../../../../aps/lib/aps1\libg.a(lib_a-memset.o)

.debug_line     0x00000000      0x10c
 *(.debug_line)
 .debug_line    0x00000000      0x10c c:/cortus-ide-new/toolchain/bin/../lib/gcc/aps/4.7.3/../../../../aps/lib/aps1\libg.a(lib_a-memset.o)

.debug_frame    0x00000000      0x14c
 *(.debug_frame)
 .debug_frame   0x00000000      0x10c ./release3A0/src/main.o
 .debug_frame   0x0000010c       0x20 ./release3A0/src/wifi_crt0.o
 .debug_frame   0x0000012c       0x20 c:/cortus-ide-new/toolchain/bin/../lib/gcc/aps/4.7.3/../../../../aps/lib/aps1\libg.a(lib_a-memset.o)

.debug_str      0x00000000       0xf3
 *(.debug_str)
 .debug_str     0x00000000       0xf3 c:/cortus-ide-new/toolchain/bin/../lib/gcc/aps/4.7.3/../../../../aps/lib/aps1\libg.a(lib_a-memset.o)
                                0x12c (size before relaxing)

.debug_loc      0x00000000       0x26
 *(.debug_loc)
 .debug_loc     0x00000000       0x26 c:/cortus-ide-new/toolchain/bin/../lib/gcc/aps/4.7.3/../../../../aps/lib/aps1\libg.a(lib_a-memset.o)

.debug_macinfo
 *(.debug_macinfo)

.debug_weaknames
 *(.debug_weaknames)

.debug_funcnames
 *(.debug_funcnames)

.debug_typenames
 *(.debug_typenames)

.debug_varnames
 *(.debug_varnames)

.debug_pubtypes
 *(.debug_pubtypes)

.debug_ranges   0x00000000       0x10
 *(.debug_ranges)
 .debug_ranges  0x00000000       0x10 c:/cortus-ide-new/toolchain/bin/../lib/gcc/aps/4.7.3/../../../../aps/lib/aps1\libg.a(lib_a-memset.o)

.gnu.attributes
 *(.gnu.attributes)

/DISCARD/
 *(.note.GNU-stack)
 *(.gnu_debuglink)
LOAD ./release3A0/src/main.o
LOAD ./release3A0/src/memconfig.o
LOAD ./release3A0/src/wifi_crt0.o
START GROUP
LOAD c:/cortus-ide-new/toolchain/bin/../lib/gcc/aps/4.7.3/../../../../aps/lib/aps1\libg.a
LOAD c:/cortus-ide-new/toolchain/bin/../lib/gcc/aps/4.7.3/../../../../aps/lib/aps1\libc.a
LOAD c:/cortus-ide-new/toolchain/bin/../lib/gcc/aps/4.7.3/../../../../aps/lib/aps1\libgloss.a
LOAD c:/cortus-ide-new/toolchain/bin/../lib/gcc/aps/4.7.3/aps1\libgcc.a
END GROUP
OUTPUT(./release3A0/boot_release.jtag aps)
