Archive member included to satisfy reference by file (symbol)

/Applications/microchip/arm-none-eabi/bin/../lib/gcc/arm-none-eabi/6.3.1/thumb/v6-m/libgcc.a(_thumb1_case_uqi.o)
                              build/Default/debug/cryptoauthlib/lib/atcacert/atcacert_date.o (__gnu_thumb1_case_uqi)
/Applications/microchip/arm-none-eabi/bin/../lib/gcc/arm-none-eabi/6.3.1/thumb/v6-m/libgcc.a(_udivsi3.o)
                              build/Default/debug/cryptoauthlib/lib/atcacert/atcacert_date.o (__aeabi_uidiv)
/Applications/microchip/arm-none-eabi/bin/../lib/gcc/arm-none-eabi/6.3.1/thumb/v6-m/libgcc.a(_divsi3.o)
                              build/Default/debug/cryptoauthlib/lib/atcacert/atcacert_date.o (__aeabi_idivmod)
/Applications/microchip/arm-none-eabi/bin/../lib/gcc/arm-none-eabi/6.3.1/thumb/v6-m/libgcc.a(_dvmd_tls.o)
                              /Applications/microchip/arm-none-eabi/bin/../lib/gcc/arm-none-eabi/6.3.1/thumb/v6-m/libgcc.a(_udivsi3.o) (__aeabi_idiv0)
/Applications/microchip/arm-none-eabi/bin/../lib/gcc/arm-none-eabi/6.3.1/thumb/v6-m/libgcc.a(_aeabi_uldivmod.o)
                              build/Default/debug/hpl/sercom/hpl_sercom.o (__aeabi_uldivmod)
/Applications/microchip/arm-none-eabi/bin/../lib/gcc/arm-none-eabi/6.3.1/thumb/v6-m/libgcc.a(_muldi3.o)
                              build/Default/debug/hpl/sercom/hpl_sercom.o (__aeabi_lmul)
/Applications/microchip/arm-none-eabi/bin/../lib/gcc/arm-none-eabi/6.3.1/thumb/v6-m/libgcc.a(_ffssi2.o)
                              build/Default/debug/hpl/eic/hpl_eic.o (__ffssi2)
/Applications/microchip/arm-none-eabi/bin/../lib/gcc/arm-none-eabi/6.3.1/thumb/v6-m/libgcc.a(_fixunsdfsi.o)
                              build/Default/debug/hpl/sercom/hpl_sercom.o (__aeabi_d2uiz)
/Applications/microchip/arm-none-eabi/bin/../lib/gcc/arm-none-eabi/6.3.1/thumb/v6-m/libgcc.a(_udivmoddi4.o)
                              /Applications/microchip/arm-none-eabi/bin/../lib/gcc/arm-none-eabi/6.3.1/thumb/v6-m/libgcc.a(_aeabi_uldivmod.o) (__udivmoddi4)
/Applications/microchip/arm-none-eabi/bin/../lib/gcc/arm-none-eabi/6.3.1/thumb/v6-m/libgcc.a(divdf3.o)
                              build/Default/debug/hpl/sercom/hpl_sercom.o (__aeabi_ddiv)
/Applications/microchip/arm-none-eabi/bin/../lib/gcc/arm-none-eabi/6.3.1/thumb/v6-m/libgcc.a(muldf3.o)
                              build/Default/debug/hpl/sercom/hpl_sercom.o (__aeabi_dmul)
/Applications/microchip/arm-none-eabi/bin/../lib/gcc/arm-none-eabi/6.3.1/thumb/v6-m/libgcc.a(subdf3.o)
                              build/Default/debug/hpl/sercom/hpl_sercom.o (__aeabi_dsub)
/Applications/microchip/arm-none-eabi/bin/../lib/gcc/arm-none-eabi/6.3.1/thumb/v6-m/libgcc.a(fixdfsi.o)
                              /Applications/microchip/arm-none-eabi/bin/../lib/gcc/arm-none-eabi/6.3.1/thumb/v6-m/libgcc.a(_fixunsdfsi.o) (__aeabi_d2iz)
/Applications/microchip/arm-none-eabi/bin/../lib/gcc/arm-none-eabi/6.3.1/thumb/v6-m/libgcc.a(floatsidf.o)
                              build/Default/debug/hpl/sercom/hpl_sercom.o (__aeabi_i2d)
/Applications/microchip/arm-none-eabi/bin/../lib/gcc/arm-none-eabi/6.3.1/thumb/v6-m/libgcc.a(floatunsidf.o)
                              build/Default/debug/hpl/sercom/hpl_sercom.o (__aeabi_ui2d)
/Applications/microchip/arm-none-eabi/bin/../lib/gcc/arm-none-eabi/6.3.1/thumb/v6-m/libgcc.a(_arm_cmpdf2.o)
                              /Applications/microchip/arm-none-eabi/bin/../lib/gcc/arm-none-eabi/6.3.1/thumb/v6-m/libgcc.a(_fixunsdfsi.o) (__aeabi_dcmpge)
/Applications/microchip/arm-none-eabi/bin/../lib/gcc/arm-none-eabi/6.3.1/thumb/v6-m/libgcc.a(_clzsi2.o)
                              /Applications/microchip/arm-none-eabi/bin/../lib/gcc/arm-none-eabi/6.3.1/thumb/v6-m/libgcc.a(divdf3.o) (__clzsi2)
/Applications/microchip/arm-none-eabi/bin/../lib/gcc/arm-none-eabi/6.3.1/thumb/v6-m/libgcc.a(_clzdi2.o)
                              /Applications/microchip/arm-none-eabi/bin/../lib/gcc/arm-none-eabi/6.3.1/thumb/v6-m/libgcc.a(_udivmoddi4.o) (__clzdi2)
/Applications/microchip/arm-none-eabi/bin/../lib/gcc/arm-none-eabi/6.3.1/thumb/v6-m/libgcc.a(_ctzsi2.o)
                              /Applications/microchip/arm-none-eabi/bin/../lib/gcc/arm-none-eabi/6.3.1/thumb/v6-m/libgcc.a(_ffssi2.o) (__ctzsi2)
/Applications/microchip/arm-none-eabi/bin/../lib/gcc/arm-none-eabi/6.3.1/thumb/v6-m/libgcc.a(eqdf2.o)
                              /Applications/microchip/arm-none-eabi/bin/../lib/gcc/arm-none-eabi/6.3.1/thumb/v6-m/libgcc.a(_arm_cmpdf2.o) (__eqdf2)
/Applications/microchip/arm-none-eabi/bin/../lib/gcc/arm-none-eabi/6.3.1/thumb/v6-m/libgcc.a(gedf2.o)
                              /Applications/microchip/arm-none-eabi/bin/../lib/gcc/arm-none-eabi/6.3.1/thumb/v6-m/libgcc.a(_arm_cmpdf2.o) (__gedf2)
/Applications/microchip/arm-none-eabi/bin/../lib/gcc/arm-none-eabi/6.3.1/thumb/v6-m/libgcc.a(ledf2.o)
[...]
Memory Configuration

Name             Origin             Length             Attributes
rom              0x0000000000000000 0x0000000000040000 xr
ram              0x0000000020000000 0x0000000000008000 xrw
*default*        0x0000000000000000 0xffffffffffffffff

Linker script and memory map

LOAD /Applications/microchip/arm-none-eabi/bin/../lib/gcc/arm-none-eabi/6.3.1/thumb/v6-m/crti.o
LOAD /Applications/microchip/arm-none-eabi/bin/../lib/gcc/arm-none-eabi/6.3.1/thumb/v6-m/crtbegin.o
LOAD /Applications/microchip/arm-none-eabi/bin/../lib/gcc/arm-none-eabi/6.3.1/../../../../arm-none-eabi/lib/thumb/v6-m/crt0.o
LOAD build/Default/debug/cryptoauthlib/lib/atcacert/atcacert_client.o
LOAD build/Default/debug/cryptoauthlib/lib/atcacert/atcacert_date.o
LOAD build/Default/debug/cryptoauthlib/lib/atcacert/atcacert_def.o
LOAD build/Default/debug/cryptoauthlib/lib/atcacert/atcacert_der.o
LOAD build/Default/debug/cryptoauthlib/lib/atcacert/atcacert_host_hw.o
LOAD build/Default/debug/cryptoauthlib/lib/atcacert/atcacert_host_sw.o
LOAD build/Default/debug/cryptoauthlib/lib/basic/atca_basic.o
LOAD build/Default/debug/cryptoauthlib/lib/basic/atca_basic_aes.o
LOAD build/Default/debug/cryptoauthlib/lib/basic/atca_basic_aes_cbc.o
LOAD build/Default/debug/cryptoauthlib/lib/basic/atca_basic_aes_cmac.o
LOAD build/Default/debug/cryptoauthlib/lib/basic/atca_basic_aes_ctr.o
LOAD build/Default/debug/cryptoauthlib/lib/basic/atca_basic_aes_gcm.o
LOAD build/Default/debug/cryptoauthlib/lib/basic/atca_basic_checkmac.o
LOAD build/Default/debug/cryptoauthlib/lib/basic/atca_basic_counter.o
LOAD build/Default/debug/cryptoauthlib/lib/basic/atca_basic_derivekey.o
LOAD build/Default/debug/cryptoauthlib/lib/basic/atca_basic_ecdh.o
LOAD build/Default/debug/cryptoauthlib/lib/basic/atca_basic_gendig.o
LOAD build/Default/debug/cryptoauthlib/lib/basic/atca_basic_genkey.o
LOAD build/Default/debug/cryptoauthlib/lib/basic/atca_basic_hmac.o
LOAD build/Default/debug/cryptoauthlib/lib/basic/atca_basic_info.o
LOAD build/Default/debug/cryptoauthlib/lib/basic/atca_basic_kdf.o
LOAD build/Default/debug/cryptoauthlib/lib/basic/atca_basic_lock.o
LOAD build/Default/debug/cryptoauthlib/lib/basic/atca_basic_mac.o
LOAD build/Default/debug/cryptoauthlib/lib/basic/atca_basic_nonce.o
LOAD build/Default/debug/cryptoauthlib/lib/basic/atca_basic_privwrite.o
LOAD build/Default/debug/cryptoauthlib/lib/basic/atca_basic_random.o
LOAD build/Default/debug/cryptoauthlib/lib/basic/atca_basic_read.o
LOAD build/Default/debug/cryptoauthlib/lib/basic/atca_basic_secureboot.o
LOAD build/Default/debug/cryptoauthlib/lib/basic/atca_basic_selftest.o
LOAD build/Default/debug/cryptoauthlib/lib/basic/atca_basic_sha.o
LOAD build/Default/debug/cryptoauthlib/lib/basic/atca_basic_sign.o
LOAD build/Default/debug/cryptoauthlib/lib/basic/atca_basic_updateextra.o
LOAD build/Default/debug/cryptoauthlib/lib/basic/atca_basic_verify.o
LOAD build/Default/debug/cryptoauthlib/lib/basic/atca_basic_write.o
LOAD build/Default/debug/cryptoauthlib/lib/basic/atca_helpers.o
LOAD build/Default/debug/cryptoauthlib/lib/crypto/hashes/sha1_routines.o
LOAD build/Default/debug/cryptoauthlib/lib/crypto/hashes/sha2_routines.o
LOAD build/Default/debug/cryptoauthlib/lib/crypto/atca_crypto_sw_ecdsa.o
LOAD build/Default/debug/cryptoauthlib/lib/crypto/atca_crypto_sw_rand.o
LOAD build/Default/debug/cryptoauthlib/lib/crypto/atca_crypto_sw_sha1.o
LOAD build/Default/debug/cryptoauthlib/lib/crypto/atca_crypto_sw_sha2.o
LOAD build/Default/debug/cryptoauthlib/lib/hal/atca_hal.o
LOAD build/Default/debug/cryptoauthlib/lib/hal/hal_sam_i2c_start.o
LOAD build/Default/debug/cryptoauthlib/lib/hal/hal_sam_timer_start.o
LOAD build/Default/debug/cryptoauthlib/lib/host/atca_host.o
LOAD build/Default/debug/cryptoauthlib/lib/jwt/atca_jwt.o
LOAD build/Default/debug/cryptoauthlib/lib/atca_cfgs.o
LOAD build/Default/debug/cryptoauthlib/lib/atca_command.o
LOAD build/Default/debug/cryptoauthlib/lib/atca_device.o
LOAD build/Default/debug/cryptoauthlib/lib/atca_execution.o
LOAD build/Default/debug/cryptoauthlib/lib/atca_iface.o
LOAD build/Default/debug/examples/driver_examples.o
LOAD build/Default/debug/hal/src/hal_atomic.o
LOAD build/Default/debug/hal/src/hal_delay.o
LOAD build/Default/debug/hal/src/hal_gpio.o
LOAD build/Default/debug/hal/src/hal_i2c_m_sync.o
LOAD build/Default/debug/hal/src/hal_init.o
LOAD build/Default/debug/hal/src/hal_io.o
LOAD build/Default/debug/hal/src/hal_sleep.o
LOAD build/Default/debug/hal/src/hal_ext_irq.o
LOAD build/Default/debug/hal/src/hal_spi_m_sync.o
LOAD build/Default/debug/hal/src/hal_usart_sync.o
LOAD build/Default/debug/hal/utils/src/utils_assert.o
LOAD build/Default/debug/hal/utils/src/utils_event.o
LOAD build/Default/debug/hal/utils/src/utils_list.o
LOAD build/Default/debug/hal/utils/src/utils_syscalls.o
LOAD build/Default/debug/hpl/core/hpl_core_m0plus_base.o
LOAD build/Default/debug/hpl/core/hpl_init.o
LOAD build/Default/debug/hpl/dmac/hpl_dmac.o
LOAD build/Default/debug/hpl/eic/hpl_eic.o
LOAD build/Default/debug/hpl/gclk/hpl_gclk.o
LOAD build/Default/debug/hpl/pm/hpl_pm.o
LOAD build/Default/debug/hpl/sercom/hpl_sercom.o
LOAD build/Default/debug/hpl/sysctrl/hpl_sysctrl.o
LOAD build/Default/debug/hpl/systick/hpl_systick.o
LOAD build/Default/debug/samd21a/gcc/gcc/startup_samd21.o
LOAD build/Default/debug/samd21a/gcc/system_samd21.o
LOAD build/Default/debug/stdio_redirect/gcc/read.o
LOAD build/Default/debug/stdio_redirect/gcc/write.o
LOAD build/Default/debug/stdio_redirect/stdio_io.o
LOAD build/Default/debug/winc1500/bsp/source/nm_bsp.o
LOAD build/Default/debug/winc1500/bus_wrapper/source/nm_bus_wrapper.o
LOAD build/Default/debug/winc1500/common/source/nm_common.o
LOAD build/Default/debug/winc1500/driver/source/m2m_ate_mode.o
LOAD build/Default/debug/winc1500/driver/source/m2m_crypto.o
LOAD build/Default/debug/winc1500/driver/source/m2m_hif.o
LOAD build/Default/debug/winc1500/driver/source/m2m_ota.o
LOAD build/Default/debug/winc1500/driver/source/m2m_periph.o
LOAD build/Default/debug/winc1500/driver/source/m2m_ssl.o
LOAD build/Default/debug/winc1500/driver/source/m2m_wifi.o
LOAD build/Default/debug/winc1500/driver/source/nmasic.o
LOAD build/Default/debug/winc1500/driver/source/nmbus.o
LOAD build/Default/debug/winc1500/driver/source/nmdrv.o
LOAD build/Default/debug/winc1500/driver/source/nmi2c.o
LOAD build/Default/debug/winc1500/driver/source/nmspi.o
LOAD build/Default/debug/winc1500/driver/source/nmuart.o
LOAD build/Default/debug/winc1500/socket/source/socket.o
LOAD build/Default/debug/winc1500/spi_flash/source/spi_flash.o
LOAD build/Default/debug/main.o
LOAD build/Default/debug/driver_init.o
LOAD build/Default/debug/stdio_start.o
LOAD build/Default/debug/cryptoauthlib_main.o
LOAD build/Default/debug/winc_init.o
LOAD build/Default/debug/atmel_start.o
LOAD build/Default/debug/cert_def_1_signer.o
LOAD build/Default/debug/cert_def_2_device.o
LOAD build/Default/debug/cert_def_3_device_csr.o
LOAD build/Default/debug/cert_def_4_device.o
LOAD build/Default/debug/cert_def_4_signer.o
LOAD build/Default/debug/convertions.o
LOAD build/Default/debug/winc_certs_functions.o
LOAD build/Default/debug/samd21a/gcc/gcc/newfile.o
                0x0000000000000001                __MPLAB_BUILD = 0x1
                0x0000000000000001                __ICD2RAM = 0x1
                0x0000000000000001                __MPLAB_DEBUG = 0x1
                0x0000000000000001                __DEBUG = 0x1
START GROUP
LOAD /Applications/microchip/arm-none-eabi/bin/../lib/gcc/arm-none-eabi/6.3.1/thumb/v6-m/libgcc.a
LOAD /Applications/microchip/arm-none-eabi/bin/../lib/gcc/arm-none-eabi/6.3.1/../../../../arm-none-eabi/lib/thumb/v6-m/libg.a
LOAD /Applications/microchip/arm-none-eabi/bin/../lib/gcc/arm-none-eabi/6.3.1/../../../../arm-none-eabi/lib/thumb/v6-m/libc.a
END GROUP
START GROUP
LOAD /Applications/microchip/arm-none-eabi/bin/../lib/gcc/arm-none-eabi/6.3.1/thumb/v6-m/libgcc.a
LOAD /Applications/microchip/arm-none-eabi/bin/../lib/gcc/arm-none-eabi/6.3.1/../../../../arm-none-eabi/lib/thumb/v6-m/libc.a
LOAD /Applications/microchip/arm-none-eabi/bin/../lib/gcc/arm-none-eabi/6.3.1/../../../../arm-none-eabi/lib/thumb/v6-m/libnosys.a
END GROUP
LOAD /Applications/microchip/arm-none-eabi/bin/../lib/gcc/arm-none-eabi/6.3.1/thumb/v6-m/crtend.o
LOAD /Applications/microchip/arm-none-eabi/bin/../lib/gcc/arm-none-eabi/6.3.1/thumb/v6-m/crtn.o
                0x0000000000002000                STACK_SIZE = DEFINED (STACK_SIZE)?STACK_SIZE:DEFINED (__stack_size__)?__stack_size__:0x2000

.text           0x0000000000000000    0x112e4
                0x0000000000000000                . = ALIGN (0x4)
                0x0000000000000000                _sfixed = .
 *(.vectors .vectors.*)
 .vectors       0x0000000000000000       0xb4 build/Default/debug/samd21a/gcc/gcc/startup_samd21.o
                0x0000000000000000                exception_table
 *(.text .text.* .gnu.linkonce.t.*)
 .text          0x00000000000000b4       0x60 /Applications/microchip/arm-none-eabi/bin/../lib/gcc/arm-none-eabi/6.3.1/thumb/v6-m/crtbegin.o
 .text.atcacert_read_cert
                0x0000000000000114      0x104 build/Default/debug/cryptoauthlib/lib/atcacert/atcacert_client.o
                0x0000000000000114                atcacert_read_cert
 .text.atcacert_create_csr
                0x0000000000000218      0x1e8 build/Default/debug/cryptoauthlib/lib/atcacert/atcacert_client.o
                0x0000000000000218                atcacert_create_csr
 .text.uint_to_str
                0x0000000000000400       0x4c build/Default/debug/cryptoauthlib/lib/atcacert/atcacert_date.o
 .text.str_to_int
                0x000000000000044c       0x64 build/Default/debug/cryptoauthlib/lib/atcacert/atcacert_date.o
 .text.atcacert_gmtime32.isra.1
                0x00000000000004b0      0x104 build/Default/debug/cryptoauthlib/lib/atcacert/atcacert_date.o
 .text.atcacert_date_enc_posix_uint32.part.2
                0x00000000000005b4      0x134 build/Default/debug/cryptoauthlib/lib/atcacert/atcacert_date.o
 .text.atcacert_date_get_max_date
                0x00000000000006e8       0x58 build/Default/debug/cryptoauthlib/lib/atcacert/atcacert_date.o
                0x00000000000006e8                atcacert_date_get_max_date
 .text.atcacert_date_enc_iso8601_sep
                0x0000000000000740       0x94 build/Default/debug/cryptoauthlib/lib/atcacert/atcacert_date.o
                0x0000000000000740                atcacert_date_enc_iso8601_sep
 .text.atcacert_date_dec_iso8601_sep
                0x00000000000007d4       0xc0 build/Default/debug/cryptoauthlib/lib/atcacert/atcacert_date.o
                0x00000000000007d4                atcacert_date_dec_iso8601_sep
 .text.atcacert_date_enc_rfc5280_utc
                0x0000000000000894       0x78 build/Default/debug/cryptoauthlib/lib/atcacert/atcacert_date.o
                0x0000000000000894                atcacert_date_enc_rfc5280_utc
 .text.atcacert_date_dec_rfc5280_utc
                0x000000000000090c       0xb0 build/Default/debug/cryptoauthlib/lib/atcacert/atcacert_date.o
                0x000000000000090c                atcacert_date_dec_rfc5280_utc
 .text.atcacert_date_enc_rfc5280_gen
                0x00000000000009bc       0x7c build/Default/debug/cryptoauthlib/lib/atcacert/atcacert_date.o
                0x00000000000009bc                atcacert_date_enc_rfc5280_gen
 .text.atcacert_date_dec_rfc5280_gen
                0x0000000000000a38       0xa0 build/Default/debug/cryptoauthlib/lib/atcacert/atcacert_date.o
                0x0000000000000a38                atcacert_date_dec_rfc5280_gen
 .text.atcacert_date_enc_posix_uint32_be
                0x0000000000000ad8       0x34 build/Default/debug/cryptoauthlib/lib/atcacert/atcacert_date.o
                0x0000000000000ad8                atcacert_date_enc_posix_uint32_be
 .text.atcacert_date_dec_posix_uint32_be
                0x0000000000000b0c       0x30 build/Default/debug/cryptoauthlib/lib/atcacert/atcacert_date.o
                0x0000000000000b0c                atcacert_date_dec_posix_uint32_be
 .text.atcacert_date_enc_posix_uint32_le
                0x0000000000000b3c       0x34 build/Default/debug/cryptoauthlib/lib/atcacert/atcacert_date.o
                0x0000000000000b3c                atcacert_date_enc_posix_uint32_le
 .text.atcacert_date_enc
                0x0000000000000b70       0x80 build/Default/debug/cryptoauthlib/lib/atcacert/atcacert_date.o
                0x0000000000000b70                atcacert_date_enc
 .text.atcacert_date_dec_posix_uint32_le
                0x0000000000000bf0       0x30 build/Default/debug/cryptoauthlib/lib/atcacert/atcacert_date.o
                0x0000000000000bf0                atcacert_date_dec_posix_uint32_le
 .text.atcacert_date_dec
                0x0000000000000c20       0x6c build/Default/debug/cryptoauthlib/lib/atcacert/atcacert_date.o
                0x0000000000000c20                atcacert_date_dec
 .text.atcacert_date_enc_compcert
                0x0000000000000c8c       0x9c build/Default/debug/cryptoauthlib/lib/atcacert/atcacert_date.o
                0x0000000000000c8c                atcacert_date_enc_compcert
 .text.atcacert_date_dec_compcert
                0x0000000000000d28       0x8c build/Default/debug/cryptoauthlib/lib/atcacert/atcacert_date.o
                0x0000000000000d28                atcacert_date_dec_compcert
 .text.atcacert_is_device_loc_match
                0x0000000000000db4       0x72 build/Default/debug/cryptoauthlib/lib/atcacert/atcacert_def.o
 .text.uint8_to_hex
                0x0000000000000e26       0x22 build/Default/debug/cryptoauthlib/lib/atcacert/atcacert_def.o
 .text.hex_to_uint8
                0x0000000000000e48       0x68 build/Default/debug/cryptoauthlib/lib/atcacert/atcacert_def.o
 .text.get_effective_offset
                0x0000000000000eb0       0x4c build/Default/debug/cryptoauthlib/lib/atcacert/atcacert_def.o
 .text.atcacert_merge_device_loc
                0x0000000000000efc      0x138 build/Default/debug/cryptoauthlib/lib/atcacert/atcacert_def.o
                0x0000000000000efc                atcacert_merge_device_loc
 .text.atcacert_get_device_locs
                0x0000000000001034      0x134 build/Default/debug/cryptoauthlib/lib/atcacert/atcacert_def.o
                0x0000000000001034                atcacert_get_device_locs
 .text.atcacert_get_tbs
                0x0000000000001168       0x58 build/Default/debug/cryptoauthlib/lib/atcacert/atcacert_def.o
                0x0000000000001168                atcacert_get_tbs
 .text.atcacert_get_tbs_digest
                0x00000000000011c0       0x44 build/Default/debug/cryptoauthlib/lib/atcacert/atcacert_def.o
                0x00000000000011c0                atcacert_get_tbs_digest
 .text.atcacert_set_cert_element
                0x0000000000001204       0x98 build/Default/debug/cryptoauthlib/lib/atcacert/atcacert_def.o
                0x0000000000001204                atcacert_set_cert_element
 .text.atcacert_set_signature
                0x000000000000129c       0xc4 build/Default/debug/cryptoauthlib/lib/atcacert/atcacert_def.o
                0x000000000000129c                atcacert_set_signature
 .text.atcacert_set_issue_date
                0x0000000000001360       0x64 build/Default/debug/cryptoauthlib/lib/atcacert/atcacert_def.o
                0x0000000000001360                atcacert_set_issue_date
 .text.atcacert_set_expire_date
                0x00000000000013c4       0x64 build/Default/debug/cryptoauthlib/lib/atcacert/atcacert_def.o
                0x00000000000013c4                atcacert_set_expire_date
 .text.atcacert_set_signer_id
                0x0000000000001428       0x50 build/Default/debug/cryptoauthlib/lib/atcacert/atcacert_def.o
                0x0000000000001428                atcacert_set_signer_id
 .text.atcacert_set_comp_cert
                0x0000000000001478       0xd8 build/Default/debug/cryptoauthlib/lib/atcacert/atcacert_def.o
                0x0000000000001478                atcacert_set_comp_cert
 .text.atcacert_set_cert_sn
                0x0000000000001550      0x11c build/Default/debug/cryptoauthlib/lib/atcacert/atcacert_def.o
                0x0000000000001550                atcacert_set_cert_sn
 .text.atcacert_get_cert_element
                0x000000000000166c       0x64 build/Default/debug/cryptoauthlib/lib/atcacert/atcacert_def.o
                0x000000000000166c                atcacert_get_cert_element
 .text.atcacert_get_subj_public_key
                0x00000000000016d0       0x30 build/Default/debug/cryptoauthlib/lib/atcacert/atcacert_def.o
                0x00000000000016d0                atcacert_get_subj_public_key
 .text.atcacert_get_issue_date
                0x0000000000001700       0x5c build/Default/debug/cryptoauthlib/lib/atcacert/atcacert_def.o
                0x0000000000001700                atcacert_get_issue_date
 .text.atcacert_get_signer_id
                0x000000000000175c       0x50 build/Default/debug/cryptoauthlib/lib/atcacert/atcacert_def.o
                0x000000000000175c                atcacert_get_signer_id
 .text.atcacert_gen_cert_sn
                0x00000000000017ac      0x184 build/Default/debug/cryptoauthlib/lib/atcacert/atcacert_def.o
                0x00000000000017ac                atcacert_gen_cert_sn
 .text.atcacert_cert_build_finish
                0x0000000000001930       0x60 build/Default/debug/cryptoauthlib/lib/atcacert/atcacert_def.o
                0x0000000000001930                atcacert_cert_build_finish
 .text.atcacert_get_cert_sn
                0x0000000000001990       0x50 build/Default/debug/cryptoauthlib/lib/atcacert/atcacert_def.o
                0x0000000000001990                atcacert_get_cert_sn
 .text.atcacert_get_key_id
                0x00000000000019e0       0x3c build/Default/debug/cryptoauthlib/lib/atcacert/atcacert_def.o
                0x00000000000019e0                atcacert_get_key_id
 .text.atcacert_set_subj_public_key
                0x0000000000001a1c       0x60 build/Default/debug/cryptoauthlib/lib/atcacert/atcacert_def.o
                0x0000000000001a1c                atcacert_set_subj_public_key
 .text.atcacert_set_auth_key_id
                0x0000000000001a7c       0x48 build/Default/debug/cryptoauthlib/lib/atcacert/atcacert_def.o
                0x0000000000001a7c                atcacert_set_auth_key_id
 .text.atcacert_cert_build_start
                0x0000000000001ac4      0x178 build/Default/debug/cryptoauthlib/lib/atcacert/atcacert_def.o
                0x0000000000001ac4                atcacert_cert_build_start
 .text.atcacert_public_key_remove_padding
                0x0000000000001c3c       0x24 build/Default/debug/cryptoauthlib/lib/atcacert/atcacert_def.o
                0x0000000000001c3c                atcacert_public_key_remove_padding
 .text.atcacert_cert_build_process
                0x0000000000001c60      0x314 build/Default/debug/cryptoauthlib/lib/atcacert/atcacert_def.o
                0x0000000000001c60                atcacert_cert_build_process
 .text.atcacert_der_enc_length
                0x0000000000001f74       0x62 build/Default/debug/cryptoauthlib/lib/atcacert/atcacert_der.o
                0x0000000000001f74                atcacert_der_enc_length
 *fill*         0x0000000000001fd6        0x2 
 .text.atcacert_der_dec_length
                0x0000000000001fd8       0x74 build/Default/debug/cryptoauthlib/lib/atcacert/atcacert_der.o
                0x0000000000001fd8                atcacert_der_dec_length
 .text.atcacert_der_adjust_length
                0x000000000000204c       0x68 build/Default/debug/cryptoauthlib/lib/atcacert/atcacert_der.o
                0x000000000000204c                atcacert_der_adjust_length
 .text.atcacert_der_enc_integer
                0x00000000000020b4       0xdc build/Default/debug/cryptoauthlib/lib/atcacert/atcacert_der.o
                0x00000000000020b4                atcacert_der_enc_integer
 .text.atcacert_der_enc_ecdsa_sig_value
                0x0000000000002190       0xa8 build/Default/debug/cryptoauthlib/lib/atcacert/atcacert_der.o
                0x0000000000002190                atcacert_der_enc_ecdsa_sig_value
 .text.atcab_release
                0x0000000000002238       0x14 build/Default/debug/cryptoauthlib/lib/basic/atca_basic.o
                0x0000000000002238                atcab_release
 .text.atcab_init
                0x000000000000224c       0x5c build/Default/debug/cryptoauthlib/lib/basic/atca_basic.o
                0x000000000000224c                atcab_init
 .text.atcab_get_addr
                0x00000000000022a8       0x36 build/Default/debug/cryptoauthlib/lib/basic/atca_basic.o
                0x00000000000022a8                atcab_get_addr
 *fill*         0x00000000000022de        0x2 
 .text.atcab_get_zone_size
                0x00000000000022e0       0x6c build/Default/debug/cryptoauthlib/lib/basic/atca_basic.o
                0x00000000000022e0                atcab_get_zone_size
 .text.atcab_genkey_base
                0x000000000000234c       0x64 build/Default/debug/cryptoauthlib/lib/basic/atca_basic_genkey.o
                0x000000000000234c                atcab_genkey_base
 .text.atcab_get_pubkey
                0x00000000000023b0       0x14 build/Default/debug/cryptoauthlib/lib/basic/atca_basic_genkey.o
                0x00000000000023b0                atcab_get_pubkey
 .text.atcab_nonce_base
                0x00000000000023c4       0x7c build/Default/debug/cryptoauthlib/lib/basic/atca_basic_nonce.o
                0x00000000000023c4                atcab_nonce_base
 .text.atcab_nonce_load
                0x0000000000002440       0x28 build/Default/debug/cryptoauthlib/lib/basic/atca_basic_nonce.o
                0x0000000000002440                atcab_nonce_load
 .text.atcab_random
                0x0000000000002468       0x5c build/Default/debug/cryptoauthlib/lib/basic/atca_basic_random.o
                0x0000000000002468                atcab_random
 .text.atcab_read_zone
                0x00000000000024c4       0x90 build/Default/debug/cryptoauthlib/lib/basic/atca_basic_read.o
                0x00000000000024c4                atcab_read_zone
 .text.atcab_read_serial_number
                0x0000000000002554       0x44 build/Default/debug/cryptoauthlib/lib/basic/atca_basic_read.o
                0x0000000000002554                atcab_read_serial_number
 .text.atcab_read_pubkey
                0x0000000000002598       0x98 build/Default/debug/cryptoauthlib/lib/basic/atca_basic_read.o
                0x0000000000002598                atcab_read_pubkey
 .text.atcab_read_bytes_zone
                0x0000000000002630       0xe4 build/Default/debug/cryptoauthlib/lib/basic/atca_basic_read.o
                0x0000000000002630                atcab_read_bytes_zone
 .text.atcab_sign_base
                0x0000000000002714       0x58 build/Default/debug/cryptoauthlib/lib/basic/atca_basic_sign.o
                0x0000000000002714                atcab_sign_base
 .text.atcab_sign
                0x000000000000276c       0x50 build/Default/debug/cryptoauthlib/lib/basic/atca_basic_sign.o
                0x000000000000276c                atcab_sign
 .text.CL_hashInit
                0x00000000000027bc       0x24 build/Default/debug/cryptoauthlib/lib/crypto/hashes/sha1_routines.o
                0x00000000000027bc                CL_hashInit
 .text.shaEngine
                0x00000000000027e0      0x128 build/Default/debug/cryptoauthlib/lib/crypto/hashes/sha1_routines.o
                0x00000000000027e0                shaEngine
 .text.CL_hashUpdate
                0x0000000000002908       0x78 build/Default/debug/cryptoauthlib/lib/crypto/hashes/sha1_routines.o
                0x0000000000002908                CL_hashUpdate
 .text.CL_hashFinal
                0x0000000000002980       0xa8 build/Default/debug/cryptoauthlib/lib/crypto/hashes/sha1_routines.o
                0x0000000000002980                CL_hashFinal
 .text.sw_sha256_process
                0x0000000000002a28      0x164 build/Default/debug/cryptoauthlib/lib/crypto/hashes/sha2_routines.o
 .text.sw_sha256_init
                0x0000000000002b8c       0x58 build/Default/debug/cryptoauthlib/lib/crypto/hashes/sha2_routines.o
                0x0000000000002b8c                sw_sha256_init
 .text.sw_sha256_update
                0x0000000000002be4       0x78 build/Default/debug/cryptoauthlib/lib/crypto/hashes/sha2_routines.o
                0x0000000000002be4                sw_sha256_update
 .text.sw_sha256_final
                0x0000000000002c5c       0x80 build/Default/debug/cryptoauthlib/lib/crypto/hashes/sha2_routines.o
                0x0000000000002c5c                sw_sha256_final
 .text.atcac_sw_sha1
                0x0000000000002cdc       0x34 build/Default/debug/cryptoauthlib/lib/crypto/atca_crypto_sw_sha1.o
                0x0000000000002cdc                atcac_sw_sha1
 .text.atcac_sw_sha2_256
                0x0000000000002d10       0x34 build/Default/debug/cryptoauthlib/lib/crypto/atca_crypto_sw_sha2.o
                0x0000000000002d10                atcac_sw_sha2_256
 .text.hal_iface_init
                0x0000000000002d44       0x50 build/Default/debug/cryptoauthlib/lib/hal/atca_hal.o
                0x0000000000002d44                hal_iface_init
 .text.hal_iface_release
                0x0000000000002d94       0x18 build/Default/debug/cryptoauthlib/lib/hal/atca_hal.o
                0x0000000000002d94                hal_iface_release
 .text.hal_check_wake
                0x0000000000002dac       0x50 build/Default/debug/cryptoauthlib/lib/hal/atca_hal.o
                0x0000000000002dac                hal_check_wake
 .text.hal_i2c_init
                0x0000000000002dfc       0x68 build/Default/debug/cryptoauthlib/lib/hal/hal_sam_i2c_start.o
                0x0000000000002dfc                hal_i2c_init
 .text.hal_i2c_post_init
                0x0000000000002e64        0x4 build/Default/debug/cryptoauthlib/lib/hal/hal_sam_i2c_start.o
                0x0000000000002e64                hal_i2c_post_init
 .text.hal_i2c_send
                0x0000000000002e68       0x64 build/Default/debug/cryptoauthlib/lib/hal/hal_sam_i2c_start.o
                0x0000000000002e68                hal_i2c_send
 .text.hal_i2c_receive
                0x0000000000002ecc       0xac build/Default/debug/cryptoauthlib/lib/hal/hal_sam_i2c_start.o
                0x0000000000002ecc                hal_i2c_receive
 .text.change_i2c_speed
                0x0000000000002f78       0x54 build/Default/debug/cryptoauthlib/lib/hal/hal_sam_i2c_start.o
                0x0000000000002f78                change_i2c_speed
 .text.hal_i2c_wake
                0x0000000000002fcc       0xc4 build/Default/debug/cryptoauthlib/lib/hal/hal_sam_i2c_start.o
                0x0000000000002fcc                hal_i2c_wake
 .text.hal_i2c_idle
                0x0000000000003090       0x50 build/Default/debug/cryptoauthlib/lib/hal/hal_sam_i2c_start.o
                0x0000000000003090                hal_i2c_idle
 .text.hal_i2c_sleep
                0x00000000000030e0       0x4c build/Default/debug/cryptoauthlib/lib/hal/hal_sam_i2c_start.o
                0x00000000000030e0                hal_i2c_sleep
 .text.hal_i2c_release
                0x000000000000312c       0x20 build/Default/debug/cryptoauthlib/lib/hal/hal_sam_i2c_start.o
                0x000000000000312c                hal_i2c_release
 .text.atca_delay_ms
                0x000000000000314c       0x10 build/Default/debug/cryptoauthlib/lib/hal/hal_sam_timer_start.o
                0x000000000000314c                atca_delay_ms
 .text.initATCACommand
                0x000000000000315c       0x10 build/Default/debug/cryptoauthlib/lib/atca_command.o
                0x000000000000315c                initATCACommand
 .text.deleteATCACommand
                0x000000000000316c       0x18 build/Default/debug/cryptoauthlib/lib/atca_command.o
                0x000000000000316c                deleteATCACommand
 .text.atCRC    0x0000000000003184       0x48 build/Default/debug/cryptoauthlib/lib/atca_command.o
                0x0000000000003184                atCRC
 .text.atCalcCrc
                0x00000000000031cc       0x18 build/Default/debug/cryptoauthlib/lib/atca_command.o
                0x00000000000031cc                atCalcCrc
 .text.atGenKey
                0x00000000000031e4       0x24 build/Default/debug/cryptoauthlib/lib/atca_command.o
                0x00000000000031e4                atGenKey
 .text.atNonce  0x0000000000003208       0x34 build/Default/debug/cryptoauthlib/lib/atca_command.o
                0x0000000000003208                atNonce
 .text.atRandom
                0x000000000000323c       0x18 build/Default/debug/cryptoauthlib/lib/atca_command.o
                0x000000000000323c                atRandom
 .text.atRead   0x0000000000003254       0x18 build/Default/debug/cryptoauthlib/lib/atca_command.o
                0x0000000000003254                atRead
 .text.atSign   0x000000000000326c       0x18 build/Default/debug/cryptoauthlib/lib/atca_command.o
                0x000000000000326c                atSign
 .text.atCheckCrc
                0x0000000000003284       0x34 build/Default/debug/cryptoauthlib/lib/atca_command.o
                0x0000000000003284                atCheckCrc
 .text.isATCAError
                0x00000000000032b8       0x50 build/Default/debug/cryptoauthlib/lib/atca_command.o
                0x00000000000032b8                isATCAError
 .text.initATCADevice
                0x0000000000003308       0x38 build/Default/debug/cryptoauthlib/lib/atca_device.o
                0x0000000000003308                initATCADevice
 .text.newATCADevice
                0x0000000000003340       0x60 build/Default/debug/cryptoauthlib/lib/atca_device.o
                0x0000000000003340                newATCADevice
 .text.releaseATCADevice
                0x00000000000033a0       0x18 build/Default/debug/cryptoauthlib/lib/atca_device.o
                0x00000000000033a0                releaseATCADevice
 .text.deleteATCADevice
                0x00000000000033b8       0x3c build/Default/debug/cryptoauthlib/lib/atca_device.o
                0x00000000000033b8                deleteATCADevice
 .text.atGetExecTime
                0x00000000000033f4       0x88 build/Default/debug/cryptoauthlib/lib/atca_execution.o
                0x00000000000033f4                atGetExecTime
 .text.atca_execute_command
                0x000000000000347c       0xa4 build/Default/debug/cryptoauthlib/lib/atca_execution.o
                0x000000000000347c                atca_execute_command
 .text.atsend   0x0000000000003520        0x8 build/Default/debug/cryptoauthlib/lib/atca_iface.o
                0x0000000000003520                atsend
 .text.atreceive
                0x0000000000003528        0x8 build/Default/debug/cryptoauthlib/lib/atca_iface.o
                0x0000000000003528                atreceive
 .text.atwake   0x0000000000003530       0x20 build/Default/debug/cryptoauthlib/lib/atca_iface.o
                0x0000000000003530                atwake
 .text.atidle   0x0000000000003550       0x18 build/Default/debug/cryptoauthlib/lib/atca_iface.o
                0x0000000000003550                atidle
 .text.atgetifacecfg
                0x0000000000003568        0x4 build/Default/debug/cryptoauthlib/lib/atca_iface.o
                0x0000000000003568                atgetifacecfg
 .text.releaseATCAIface
                0x000000000000356c       0x18 build/Default/debug/cryptoauthlib/lib/atca_iface.o
                0x000000000000356c                releaseATCAIface
 .text._atinit  0x0000000000003584       0x34 build/Default/debug/cryptoauthlib/lib/atca_iface.o
                0x0000000000003584                _atinit
 .text.atinit   0x00000000000035b8       0x2c build/Default/debug/cryptoauthlib/lib/atca_iface.o
                0x00000000000035b8                atinit
 .text.initATCAIface
                0x00000000000035e4       0x20 build/Default/debug/cryptoauthlib/lib/atca_iface.o
                0x00000000000035e4                initATCAIface
 .text.delay_init
                0x0000000000003604       0x14 build/Default/debug/hal/src/hal_delay.o
                0x0000000000003604                delay_init
 .text.delay_us
                0x0000000000003618       0x20 build/Default/debug/hal/src/hal_delay.o
                0x0000000000003618                delay_us
 .text.delay_ms
                0x0000000000003638       0x20 build/Default/debug/hal/src/hal_delay.o
                0x0000000000003638                delay_ms
 .text.i2c_m_sync_write
                0x0000000000003658       0x2c build/Default/debug/hal/src/hal_i2c_m_sync.o
 .text.i2c_m_sync_read
                0x0000000000003684       0x2c build/Default/debug/hal/src/hal_i2c_m_sync.o
 .text.i2c_m_sync_init
                0x00000000000036b0       0x24 build/Default/debug/hal/src/hal_i2c_m_sync.o
                0x00000000000036b0                i2c_m_sync_init
 .text.i2c_m_sync_enable
                0x00000000000036d4        0xc build/Default/debug/hal/src/hal_i2c_m_sync.o
                0x00000000000036d4                i2c_m_sync_enable
 .text.i2c_m_sync_disable
                0x00000000000036e0        0xc build/Default/debug/hal/src/hal_i2c_m_sync.o
                0x00000000000036e0                i2c_m_sync_disable
 .text.i2c_m_sync_set_baudrate
                0x00000000000036ec        0xc build/Default/debug/hal/src/hal_i2c_m_sync.o
                0x00000000000036ec                i2c_m_sync_set_baudrate
 .text.i2c_m_sync_transfer
                0x00000000000036f8        0xc build/Default/debug/hal/src/hal_i2c_m_sync.o
                0x00000000000036f8                i2c_m_sync_transfer
 .text.io_write
                0x0000000000003704        0x8 build/Default/debug/hal/src/hal_io.o
                0x0000000000003704                io_write
 .text.io_read  0x000000000000370c        0x8 build/Default/debug/hal/src/hal_io.o
                0x000000000000370c                io_read
 .text.process_ext_irq
                0x0000000000003714       0x40 build/Default/debug/hal/src/hal_ext_irq.o
 .text.ext_irq_init
                0x0000000000003754       0x2c build/Default/debug/hal/src/hal_ext_irq.o
                0x0000000000003754                ext_irq_init
 .text.ext_irq_register
                0x0000000000003780       0x9c build/Default/debug/hal/src/hal_ext_irq.o
                0x0000000000003780                ext_irq_register
 .text.spi_m_sync_init
                0x000000000000381c       0x30 build/Default/debug/hal/src/hal_spi_m_sync.o
                0x000000000000381c                spi_m_sync_init
 .text.spi_m_sync_enable
                0x000000000000384c       0x10 build/Default/debug/hal/src/hal_spi_m_sync.o
                0x000000000000384c                spi_m_sync_enable
 .text.spi_m_sync_set_baudrate
                0x000000000000385c       0x10 build/Default/debug/hal/src/hal_spi_m_sync.o
                0x000000000000385c                spi_m_sync_set_baudrate
 .text.spi_m_sync_transfer
                0x000000000000386c       0x20 build/Default/debug/hal/src/hal_spi_m_sync.o
                0x000000000000386c                spi_m_sync_transfer
 .text._spi_m_sync_io_write
                0x000000000000388c       0x1c build/Default/debug/hal/src/hal_spi_m_sync.o
 .text._spi_m_sync_io_read
                0x00000000000038a8       0x1c build/Default/debug/hal/src/hal_spi_m_sync.o
 .text.spi_m_sync_get_io_descriptor
                0x00000000000038c4        0x8 build/Default/debug/hal/src/hal_spi_m_sync.o
                0x00000000000038c4                spi_m_sync_get_io_descriptor
 .text.usart_sync_write
                0x00000000000038cc       0x4c build/Default/debug/hal/src/hal_usart_sync.o
 .text.usart_sync_read
                0x0000000000003918       0x34 build/Default/debug/hal/src/hal_usart_sync.o
 .text.usart_sync_init
                0x000000000000394c       0x24 build/Default/debug/hal/src/hal_usart_sync.o
                0x000000000000394c                usart_sync_init
 .text.usart_sync_enable
                0x0000000000003970       0x10 build/Default/debug/hal/src/hal_usart_sync.o
                0x0000000000003970                usart_sync_enable
 .text.usart_sync_get_io_descriptor
                0x0000000000003980        0x6 build/Default/debug/hal/src/hal_usart_sync.o
                0x0000000000003980                usart_sync_get_io_descriptor
 *fill*         0x0000000000003986        0x2 
 .text._sbrk    0x0000000000003988       0x20 build/Default/debug/hal/utils/src/utils_syscalls.o
                0x0000000000003988                _sbrk
 .text._close   0x00000000000039a8        0x6 build/Default/debug/hal/utils/src/utils_syscalls.o
                0x00000000000039a8                _close
 .text._fstat   0x00000000000039ae        0xa build/Default/debug/hal/utils/src/utils_syscalls.o
                0x00000000000039ae                _fstat
 .text._isatty  0x00000000000039b8        0x4 build/Default/debug/hal/utils/src/utils_syscalls.o
                0x00000000000039b8                _isatty
 .text._lseek   0x00000000000039bc        0x4 build/Default/debug/hal/utils/src/utils_syscalls.o
                0x00000000000039bc                _lseek
 .text._get_cycles_for_us
                0x00000000000039c0       0x1c build/Default/debug/hpl/core/hpl_core_m0plus_base.o
                0x00000000000039c0                _get_cycles_for_us
 .text._get_cycles_for_ms
                0x00000000000039dc        0xc build/Default/debug/hpl/core/hpl_core_m0plus_base.o
                0x00000000000039dc                _get_cycles_for_ms
 .text._init_chip
                0x00000000000039e8       0x38 build/Default/debug/hpl/core/hpl_init.o
                0x00000000000039e8                _init_chip
 .text.hri_eic_wait_for_sync.constprop.3
                0x0000000000003a20       0x10 build/Default/debug/hpl/eic/hpl_eic.o
 .text._ext_irq_init
                0x0000000000003a30       0x74 build/Default/debug/hpl/eic/hpl_eic.o
                0x0000000000003a30                _ext_irq_init
 .text._ext_irq_enable
                0x0000000000003aa4       0x44 build/Default/debug/hpl/eic/hpl_eic.o
                0x0000000000003aa4                _ext_irq_enable
 .text.EIC_Handler
                0x0000000000003ae8       0x94 build/Default/debug/hpl/eic/hpl_eic.o
                0x0000000000003ae8                EIC_Handler
 .text._gclk_init_generators_by_fref
                0x0000000000003b7c       0x58 build/Default/debug/hpl/gclk/hpl_gclk.o
                0x0000000000003b7c                _gclk_init_generators_by_fref
 .text._pm_init
                0x0000000000003bd4       0x20 build/Default/debug/hpl/pm/hpl_pm.o
                0x0000000000003bd4                _pm_init
 .text.hri_sercomi2cm_wait_for_sync
                0x0000000000003bf4        0x8 build/Default/debug/hpl/sercom/hpl_sercom.o
 .text.hri_sercomspi_wait_for_sync
                0x0000000000003bfc        0x8 build/Default/debug/hpl/sercom/hpl_sercom.o
 .text.hri_sercomusart_wait_for_sync
                0x0000000000003c04        0x8 build/Default/debug/hpl/sercom/hpl_sercom.o
 .text.hri_sercomi2cm_clear_CTRLA_ENABLE_bit
                0x0000000000003c0c       0x18 build/Default/debug/hpl/sercom/hpl_sercom.o
 .text.hri_sercomusart_clear_CTRLA_ENABLE_bit
                0x0000000000003c24       0x18 build/Default/debug/hpl/sercom/hpl_sercom.o
 .text._get_i2cm_index
                0x0000000000003c3c       0x18 build/Default/debug/hpl/sercom/hpl_sercom.o
 .text._spi_sync_enable
                0x0000000000003c54       0x28 build/Default/debug/hpl/sercom/hpl_sercom.o
 .text._i2c_m_enable_implementation
                0x0000000000003c7c       0x54 build/Default/debug/hpl/sercom/hpl_sercom.o
 .text._sercom_i2c_send_stop
                0x0000000000003cd0       0x18 build/Default/debug/hpl/sercom/hpl_sercom.o
 .text._sercom_i2c_sync_analyse_flags
                0x0000000000003ce8      0x188 build/Default/debug/hpl/sercom/hpl_sercom.o
 .text._i2c_m_sync_init_impl
                0x0000000000003e70       0xb4 build/Default/debug/hpl/sercom/hpl_sercom.o
 .text._usart_init
                0x0000000000003f24       0xd4 build/Default/debug/hpl/sercom/hpl_sercom.o
 .text._usart_sync_init
                0x0000000000003ff8       0x10 build/Default/debug/hpl/sercom/hpl_sercom.o
                0x0000000000003ff8                _usart_sync_init
 .text._usart_sync_enable
                0x0000000000004008       0x18 build/Default/debug/hpl/sercom/hpl_sercom.o
                0x0000000000004008                _usart_sync_enable
 .text._usart_sync_write_byte
                0x0000000000004020        0x8 build/Default/debug/hpl/sercom/hpl_sercom.o
                0x0000000000004020                _usart_sync_write_byte
 .text._usart_sync_read_byte
                0x0000000000004028        0x8 build/Default/debug/hpl/sercom/hpl_sercom.o
                0x0000000000004028                _usart_sync_read_byte
 .text._usart_sync_is_ready_to_send
                0x0000000000004030        0xa build/Default/debug/hpl/sercom/hpl_sercom.o
                0x0000000000004030                _usart_sync_is_ready_to_send
 .text._usart_sync_is_transmit_done
                0x000000000000403a        0xa build/Default/debug/hpl/sercom/hpl_sercom.o
                0x000000000000403a                _usart_sync_is_transmit_done
 .text._usart_sync_is_byte_received
                0x0000000000004044        0xa build/Default/debug/hpl/sercom/hpl_sercom.o
                0x0000000000004044                _usart_sync_is_byte_received
 *fill*         0x000000000000404e        0x2 
 .text._i2c_m_sync_init
                0x0000000000004050       0x10 build/Default/debug/hpl/sercom/hpl_sercom.o
                0x0000000000004050                _i2c_m_sync_init
 .text._i2c_m_sync_enable
                0x0000000000004060       0x10 build/Default/debug/hpl/sercom/hpl_sercom.o
                0x0000000000004060                _i2c_m_sync_enable
 .text._i2c_m_sync_disable
                0x0000000000004070       0x10 build/Default/debug/hpl/sercom/hpl_sercom.o
                0x0000000000004070                _i2c_m_sync_disable
 .text._i2c_m_sync_set_baudrate
                0x0000000000004080      0x170 build/Default/debug/hpl/sercom/hpl_sercom.o
                0x0000000000004080                _i2c_m_sync_set_baudrate
 .text._i2c_m_sync_transfer
                0x00000000000041f0      0x154 build/Default/debug/hpl/sercom/hpl_sercom.o
                0x00000000000041f0                _i2c_m_sync_transfer
 .text._spi_m_sync_init
                0x0000000000004344       0x84 build/Default/debug/hpl/sercom/hpl_sercom.o
                0x0000000000004344                _spi_m_sync_init
 .text._spi_s_sync_enable
                0x00000000000043c8       0x10 build/Default/debug/hpl/sercom/hpl_sercom.o
                0x00000000000043c8                _spi_s_sync_enable
 .text._spi_m_sync_enable
                0x00000000000043d8        0xc build/Default/debug/hpl/sercom/hpl_sercom.o
                0x00000000000043d8                _spi_m_sync_enable
 .text._spi_m_sync_set_baudrate
                0x00000000000043e4       0x16 build/Default/debug/hpl/sercom/hpl_sercom.o
                0x00000000000043e4                _spi_m_sync_set_baudrate
 *fill*         0x00000000000043fa        0x2 
 .text._spi_m_sync_trans
                0x00000000000043fc       0xc0 build/Default/debug/hpl/sercom/hpl_sercom.o
                0x00000000000043fc                _spi_m_sync_trans
 .text._sysctrl_init_sources
                0x00000000000044bc       0x40 build/Default/debug/hpl/sysctrl/hpl_sysctrl.o
                0x00000000000044bc                _sysctrl_init_sources
 .text._sysctrl_init_referenced_generators
                0x00000000000044fc       0x60 build/Default/debug/hpl/sysctrl/hpl_sysctrl.o
                0x00000000000044fc                _sysctrl_init_referenced_generators
 .text._delay_init
                0x000000000000455c       0x14 build/Default/debug/hpl/systick/hpl_systick.o
                0x000000000000455c                _delay_init
 .text._delay_cycles
                0x0000000000004570       0x40 build/Default/debug/hpl/systick/hpl_systick.o
                0x0000000000004570                _delay_cycles
 .text.Dummy_Handler
                0x00000000000045b0        0x2 build/Default/debug/samd21a/gcc/gcc/startup_samd21.o
                0x00000000000045b0                SYSCTRL_Handler
                0x00000000000045b0                DMAC_Handler
                0x00000000000045b0                HardFault_Handler
                0x00000000000045b0                AC_Handler
                0x00000000000045b0                SysTick_Handler
                0x00000000000045b0                PendSV_Handler
                0x00000000000045b0                SERCOM1_Handler
                0x00000000000045b0                ADC_Handler
                0x00000000000045b0                NonMaskableInt_Handler
                0x00000000000045b0                TCC1_Handler
                0x00000000000045b0                SERCOM2_Handler
                0x00000000000045b0                TCC0_Handler
                0x00000000000045b0                RTC_Handler
                0x00000000000045b0                WDT_Handler
                0x00000000000045b0                TC4_Handler
                0x00000000000045b0                USB_Handler
                0x00000000000045b0                TC3_Handler
                0x00000000000045b0                Dummy_Handler
                0x00000000000045b0                PM_Handler
                0x00000000000045b0                SERCOM5_Handler
                0x00000000000045b0                TCC2_Handler
                0x00000000000045b0                EVSYS_Handler
                0x00000000000045b0                SERCOM3_Handler
                0x00000000000045b0                SERCOM4_Handler
                0x00000000000045b0                I2S_Handler
                0x00000000000045b0                NVMCTRL_Handler
                0x00000000000045b0                SERCOM0_Handler
                0x00000000000045b0                DAC_Handler
                0x00000000000045b0                PTC_Handler
                0x00000000000045b0                TC5_Handler
                0x00000000000045b0                SVCall_Handler
 *fill*         0x00000000000045b2        0x2 
 .text.Reset_Handler
                0x00000000000045b4       0xbc build/Default/debug/samd21a/gcc/gcc/startup_samd21.o
                0x00000000000045b4                Reset_Handler
 .text._read    0x0000000000004670       0x20 build/Default/debug/stdio_redirect/gcc/read.o
                0x0000000000004670                _read
 .text._write   0x0000000000004690       0x20 build/Default/debug/stdio_redirect/gcc/write.o
                0x0000000000004690                _write
 .text.stdio_io_init
                0x00000000000046b0       0x2c build/Default/debug/stdio_redirect/stdio_io.o
                0x00000000000046b0                stdio_io_init
 .text.stdio_io_read
                0x00000000000046dc       0x20 build/Default/debug/stdio_redirect/stdio_io.o
                0x00000000000046dc                stdio_io_read
 .text.stdio_io_write
                0x00000000000046fc       0x20 build/Default/debug/stdio_redirect/stdio_io.o
                0x00000000000046fc                stdio_io_write
 .text.chip_isr
                0x000000000000471c       0x14 build/Default/debug/winc1500/bsp/source/nm_bsp.o
 .text.nm_bsp_init
                0x0000000000004730       0x2c build/Default/debug/winc1500/bsp/source/nm_bsp.o
                0x0000000000004730                nm_bsp_init
 .text.nm_bsp_sleep
                0x000000000000475c       0x18 build/Default/debug/winc1500/bsp/source/nm_bsp.o
                0x000000000000475c                nm_bsp_sleep
 .text.nm_bsp_reset
                0x0000000000004774       0x2c build/Default/debug/winc1500/bsp/source/nm_bsp.o
                0x0000000000004774                nm_bsp_reset
 .text.nm_bsp_register_isr
                0x00000000000047a0       0x1c build/Default/debug/winc1500/bsp/source/nm_bsp.o
                0x00000000000047a0                nm_bsp_register_isr
 .text.nm_bsp_interrupt_ctrl
                0x00000000000047bc       0x14 build/Default/debug/winc1500/bsp/source/nm_bsp.o
                0x00000000000047bc                nm_bsp_interrupt_ctrl
 .text.set_winc_spi_descriptor
                0x00000000000047d0        0xc build/Default/debug/winc1500/bus_wrapper/source/nm_bus_wrapper.o
                0x00000000000047d0                set_winc_spi_descriptor
 .text.nm_bus_init
                0x00000000000047dc       0x38 build/Default/debug/winc1500/bus_wrapper/source/nm_bus_wrapper.o
                0x00000000000047dc                nm_bus_init
 .text.nm_bus_ioctl
                0x0000000000004814       0x74 build/Default/debug/winc1500/bus_wrapper/source/nm_bus_wrapper.o
                0x0000000000004814                nm_bus_ioctl
 .text.nm_bus_deinit
                0x0000000000004888        0x4 build/Default/debug/winc1500/bus_wrapper/source/nm_bus_wrapper.o
                0x0000000000004888                nm_bus_deinit
 .text.m2m_memcpy
                0x000000000000488c       0x12 build/Default/debug/winc1500/common/source/nm_common.o
                0x000000000000488c                m2m_memcpy
 .text.m2m_memset
                0x000000000000489e       0x10 build/Default/debug/winc1500/common/source/nm_common.o
                0x000000000000489e                m2m_memset
 .text.m2m_strlen
                0x00000000000048ae       0x10 build/Default/debug/winc1500/common/source/nm_common.o
                0x00000000000048ae                m2m_strlen
 *fill*         0x00000000000048be        0x2 
 .text.isr      0x00000000000048c0       0x10 build/Default/debug/winc1500/driver/source/m2m_hif.o
 .text.m2m_hif_cb
                0x00000000000048d0        0x2 build/Default/debug/winc1500/driver/source/m2m_hif.o
 *fill*         0x00000000000048d2        0x2 
 .text.hif_set_rx_done
                0x00000000000048d4       0x40 build/Default/debug/winc1500/driver/source/m2m_hif.o
 .text.hif_chip_wake
                0x0000000000004914       0x38 build/Default/debug/winc1500/driver/source/m2m_hif.o
                0x0000000000004914                hif_chip_wake
 .text.hif_chip_sleep_sc
                0x000000000000494c       0x18 build/Default/debug/winc1500/driver/source/m2m_hif.o
                0x000000000000494c                hif_chip_sleep_sc
 .text.hif_chip_sleep
                0x0000000000004964       0x30 build/Default/debug/winc1500/driver/source/m2m_hif.o
                0x0000000000004964                hif_chip_sleep
 .text.hif_init
                0x0000000000004994       0x30 build/Default/debug/winc1500/driver/source/m2m_hif.o
                0x0000000000004994                hif_init
 .text.hif_send
                0x00000000000049c4      0x1a4 build/Default/debug/winc1500/driver/source/m2m_hif.o
                0x00000000000049c4                hif_send
 .text.hif_receive
                0x0000000000004b68       0x60 build/Default/debug/winc1500/driver/source/m2m_hif.o
                0x0000000000004b68                hif_receive
 .text.hif_register_cb
                0x0000000000004bc8       0x40 build/Default/debug/winc1500/driver/source/m2m_hif.o
                0x0000000000004bc8                hif_register_cb
 .text.m2m_ssl_send_certs_to_winc
                0x0000000000004c08       0x20 build/Default/debug/winc1500/driver/source/m2m_ssl.o
                0x0000000000004c08                m2m_ssl_send_certs_to_winc
 .text.m2m_wifi_cb
                0x0000000000004c28      0x1ac build/Default/debug/winc1500/driver/source/m2m_wifi.o
 .text.m2m_wifi_download_mode
                0x0000000000004dd4       0x1c build/Default/debug/winc1500/driver/source/m2m_wifi.o
                0x0000000000004dd4                m2m_wifi_download_mode
 .text.m2m_wifi_init
                0x0000000000004df0       0x74 build/Default/debug/winc1500/driver/source/m2m_wifi.o
                0x0000000000004df0                m2m_wifi_init
 .text.chip_apply_conf
                0x0000000000004e64       0x34 build/Default/debug/winc1500/driver/source/nmasic.o
                0x0000000000004e64                chip_apply_conf
 .text.enable_interrupts
                0x0000000000004e98       0x50 build/Default/debug/winc1500/driver/source/nmasic.o
                0x0000000000004e98                enable_interrupts
 .text.nmi_get_chipid
                0x0000000000004ee8       0xa4 build/Default/debug/winc1500/driver/source/nmasic.o
                0x0000000000004ee8                nmi_get_chipid
 .text.chip_sleep
                0x0000000000004f8c       0x60 build/Default/debug/winc1500/driver/source/nmasic.o
                0x0000000000004f8c                chip_sleep
 .text.chip_wake
                0x0000000000004fec       0x8c build/Default/debug/winc1500/driver/source/nmasic.o
                0x0000000000004fec                chip_wake
 .text.cpu_halt
                0x0000000000005078       0x68 build/Default/debug/winc1500/driver/source/nmasic.o
                0x0000000000005078                cpu_halt
 .text.chip_reset
                0x00000000000050e0       0x20 build/Default/debug/winc1500/driver/source/nmasic.o
                0x00000000000050e0                chip_reset
 .text.chip_reset_and_cpu_halt
                0x0000000000005100       0x24 build/Default/debug/winc1500/driver/source/nmasic.o
                0x0000000000005100                chip_reset_and_cpu_halt
 .text.wait_for_bootrom
                0x0000000000005124       0xc4 build/Default/debug/winc1500/driver/source/nmasic.o
                0x0000000000005124                wait_for_bootrom
 .text.wait_for_firmware_start
                0x00000000000051e8       0x6c build/Default/debug/winc1500/driver/source/nmasic.o
                0x00000000000051e8                wait_for_firmware_start
 .text.chip_deinit
                0x0000000000005254       0x34 build/Default/debug/winc1500/driver/source/nmasic.o
                0x0000000000005254                chip_deinit
 .text.nm_bus_iface_init
                0x0000000000005288        0xc build/Default/debug/winc1500/driver/source/nmbus.o
                0x0000000000005288                nm_bus_iface_init
 .text.nm_bus_iface_deinit
                0x0000000000005294        0xc build/Default/debug/winc1500/driver/source/nmbus.o
                0x0000000000005294                nm_bus_iface_deinit
 .text.nm_bus_reset
                0x00000000000052a0        0xc build/Default/debug/winc1500/driver/source/nmbus.o
                0x00000000000052a0                nm_bus_reset
 .text.nm_read_reg
                0x00000000000052ac        0xc build/Default/debug/winc1500/driver/source/nmbus.o
                0x00000000000052ac                nm_read_reg
 .text.nm_read_reg_with_ret
                0x00000000000052b8        0xc build/Default/debug/winc1500/driver/source/nmbus.o
                0x00000000000052b8                nm_read_reg_with_ret
 .text.nm_write_reg
                0x00000000000052c4        0xc build/Default/debug/winc1500/driver/source/nmbus.o
                0x00000000000052c4                nm_write_reg
 .text.nm_read_block
                0x00000000000052d0       0x40 build/Default/debug/winc1500/driver/source/nmbus.o
                0x00000000000052d0                nm_read_block
 .text.nm_write_block
                0x0000000000005310       0x40 build/Default/debug/winc1500/driver/source/nmbus.o
                0x0000000000005310                nm_write_block
 .text.nm_get_firmware_full_info
                0x0000000000005350       0xc4 build/Default/debug/winc1500/driver/source/nmdrv.o
                0x0000000000005350                nm_get_firmware_full_info
 .text.nm_drv_init_download_mode
                0x0000000000005414       0x44 build/Default/debug/winc1500/driver/source/nmdrv.o
                0x0000000000005414                nm_drv_init_download_mode
 .text.nm_drv_init
                0x0000000000005458       0x6c build/Default/debug/winc1500/driver/source/nmdrv.o
                0x0000000000005458                nm_drv_init
 .text.nm_drv_deinit
                0x00000000000054c4       0x34 build/Default/debug/winc1500/driver/source/nmdrv.o
                0x00000000000054c4                nm_drv_deinit
 .text.nmi_spi_write
                0x00000000000054f8       0x1c build/Default/debug/winc1500/driver/source/nmspi.o
 .text.nmi_spi_read
                0x0000000000005514       0x1c build/Default/debug/winc1500/driver/source/nmspi.o
 .text.spi_cmd_rsp
                0x0000000000005530       0x64 build/Default/debug/winc1500/driver/source/nmspi.o
 .text.spi_data_read
                0x0000000000005594       0x90 build/Default/debug/winc1500/driver/source/nmspi.o
 .text.spi_cmd  0x0000000000005624      0x114 build/Default/debug/winc1500/driver/source/nmspi.o
 .text.spi_write_reg
                0x0000000000005738       0x8c build/Default/debug/winc1500/driver/source/nmspi.o
 .text.spi_read_reg
                0x00000000000057c4       0xa8 build/Default/debug/winc1500/driver/source/nmspi.o
 .text.nm_spi_reset
                0x000000000000586c       0x24 build/Default/debug/winc1500/driver/source/nmspi.o
                0x000000000000586c                nm_spi_reset
 .text.nm_spi_deinit
                0x0000000000005890        0xc build/Default/debug/winc1500/driver/source/nmspi.o
                0x0000000000005890                nm_spi_deinit
 .text.nm_spi_read_reg
                0x000000000000589c       0x10 build/Default/debug/winc1500/driver/source/nmspi.o
                0x000000000000589c                nm_spi_read_reg
 .text.nm_spi_read_reg_with_ret
                0x00000000000058ac       0x18 build/Default/debug/winc1500/driver/source/nmspi.o
                0x00000000000058ac                nm_spi_read_reg_with_ret
 .text.nm_spi_write_reg
                0x00000000000058c4       0x18 build/Default/debug/winc1500/driver/source/nmspi.o
                0x00000000000058c4                nm_spi_write_reg
 .text.nm_spi_init
                0x00000000000058dc       0x8c build/Default/debug/winc1500/driver/source/nmspi.o
                0x00000000000058dc                nm_spi_init
 .text.nm_spi_read_block
                0x0000000000005968       0xa4 build/Default/debug/winc1500/driver/source/nmspi.o
                0x0000000000005968                nm_spi_read_block
 .text.nm_spi_write_block
                0x0000000000005a0c      0x128 build/Default/debug/winc1500/driver/source/nmspi.o
                0x0000000000005a0c                nm_spi_write_block
 .text.spi_flash_write_enable
                0x0000000000005b34       0x74 build/Default/debug/winc1500/spi_flash/source/spi_flash.o
 .text.spi_flash_read_status_reg
                0x0000000000005ba8       0x84 build/Default/debug/winc1500/spi_flash/source/spi_flash.o
 .text.spi_flash_pp
                0x0000000000005c2c      0x138 build/Default/debug/winc1500/spi_flash/source/spi_flash.o
 .text.spi_flash_enable
                0x0000000000005d64       0xd8 build/Default/debug/winc1500/spi_flash/source/spi_flash.o
                0x0000000000005d64                spi_flash_enable
 .text.spi_flash_write
                0x0000000000005e3c       0x64 build/Default/debug/winc1500/spi_flash/source/spi_flash.o
                0x0000000000005e3c                spi_flash_write
 .text.spi_flash_erase
                0x0000000000005ea0       0xfc build/Default/debug/winc1500/spi_flash/source/spi_flash.o
                0x0000000000005ea0                spi_flash_erase
 .text.send_ecc_slot_key
                0x0000000000005f9c        0xc build/Default/debug/main.o
 .text.sw_reset
                0x0000000000005fa8        0x2 build/Default/debug/main.o
 .text.ping     0x0000000000005faa        0x4 build/Default/debug/main.o
 *fill*         0x0000000000005fae        0x2 
 .text.fmt_error.constprop.3
                0x0000000000005fb0       0x2c build/Default/debug/main.o
 .text.sleep_ms.constprop.4
                0x0000000000005fdc       0x1c build/Default/debug/main.o
 .text.lock_slots
                0x0000000000005ff8        0x4 build/Default/debug/main.o
 .text.send_ecc_slot_sig
                0x0000000000005ffc        0xc build/Default/debug/main.o
 .text.winc_download_mode
                0x0000000000006008       0x44 build/Default/debug/main.o
                0x0000000000006008                winc_download_mode
 .text.winc_read_certs
                0x000000000000604c       0x1c build/Default/debug/main.o
 .text.winc_erase_certs
                0x0000000000006068       0x28 build/Default/debug/main.o
 .text.USART_0_write
                0x0000000000006090       0x30 build/Default/debug/main.o
                0x0000000000006090                USART_0_write
 .text.com_write_hexbytes
                0x00000000000060c0       0x54 build/Default/debug/main.o
 .text.send_ecc_sign_cert
                0x0000000000006114       0x88 build/Default/debug/main.o
 .text.send_ecc_dev_cert
                0x000000000000619c       0x6c build/Default/debug/main.o
 .text.send_serial_number
                0x0000000000006208       0x24 build/Default/debug/main.o
 .text.send_dev_pubkey
                0x000000000000622c       0x28 build/Default/debug/main.o
 .text.send_csr
                0x0000000000006254       0x48 build/Default/debug/main.o
 .text.USART_0_read
                0x000000000000629c       0x34 build/Default/debug/main.o
                0x000000000000629c                USART_0_read
 .text.com_read_hexbytes
                0x00000000000062d0       0x50 build/Default/debug/main.o
 .text.rcv_dev_cert
                0x0000000000006320       0x2c build/Default/debug/main.o
 .text.rcv_ca_cert
                0x000000000000634c       0x2c build/Default/debug/main.o
 .text.rcv_endpoint
                0x0000000000006378       0x54 build/Default/debug/main.o
 .text.rcv_thingname
                0x00000000000063cc       0x64 build/Default/debug/main.o
 .text.copy_certs
                0x0000000000006430       0x44 build/Default/debug/main.o
 .text.startup.main
                0x0000000000006474      0x15c build/Default/debug/main.o
                0x0000000000006474                main
 .text._gpio_set_pin_function
                0x00000000000065d0       0x70 build/Default/debug/driver_init.o
 .text.gpio_set_pin_direction
                0x0000000000006640       0x84 build/Default/debug/driver_init.o
 .text.EXTERNAL_IRQ_0_init
                0x00000000000066c4       0x74 build/Default/debug/driver_init.o
                0x00000000000066c4                EXTERNAL_IRQ_0_init
 .text.TARGET_IO_PORT_init
                0x0000000000006738       0x20 build/Default/debug/driver_init.o
                0x0000000000006738                TARGET_IO_PORT_init
 .text.TARGET_IO_CLOCK_init
                0x0000000000006758       0x20 build/Default/debug/driver_init.o
                0x0000000000006758                TARGET_IO_CLOCK_init
 .text.TARGET_IO_init
                0x0000000000006778       0x2c build/Default/debug/driver_init.o
                0x0000000000006778                TARGET_IO_init
 .text.SPI_INSTANCE_PORT_init
                0x00000000000067a4       0x60 build/Default/debug/driver_init.o
                0x00000000000067a4                SPI_INSTANCE_PORT_init
 .text.SPI_INSTANCE_CLOCK_init
                0x0000000000006804       0x20 build/Default/debug/driver_init.o
                0x0000000000006804                SPI_INSTANCE_CLOCK_init
 .text.SPI_INSTANCE_init
                0x0000000000006824       0x38 build/Default/debug/driver_init.o
                0x0000000000006824                SPI_INSTANCE_init
 .text.Interface_PORT_init
                0x000000000000685c       0x38 build/Default/debug/driver_init.o
                0x000000000000685c                Interface_PORT_init
 .text.Interface_CLOCK_init
                0x0000000000006894       0x28 build/Default/debug/driver_init.o
                0x0000000000006894                Interface_CLOCK_init
 .text.Interface_init
                0x00000000000068bc       0x28 build/Default/debug/driver_init.o
                0x00000000000068bc                Interface_init
 .text.USART_0_PORT_init
                0x00000000000068e4       0x20 build/Default/debug/driver_init.o
                0x00000000000068e4                USART_0_PORT_init
 .text.USART_0_CLOCK_init
                0x0000000000006904       0x20 build/Default/debug/driver_init.o
                0x0000000000006904                USART_0_CLOCK_init
 .text.USART_0_init
                0x0000000000006924       0x2c build/Default/debug/driver_init.o
                0x0000000000006924                USART_0_init
 .text.delay_driver_init
                0x0000000000006950       0x14 build/Default/debug/driver_init.o
                0x0000000000006950                delay_driver_init
 .text.system_init
                0x0000000000006964       0xfc build/Default/debug/driver_init.o
                0x0000000000006964                system_init
 .text.stdio_redirect_init
                0x0000000000006a60       0x20 build/Default/debug/stdio_start.o
                0x0000000000006a60                stdio_redirect_init
 .text.cryptoauthlib_init
                0x0000000000006a80       0x14 build/Default/debug/cryptoauthlib_main.o
                0x0000000000006a80                cryptoauthlib_init
 .text.atmel_start_init
                0x0000000000006a94       0x14 build/Default/debug/atmel_start.o
                0x0000000000006a94                atmel_start_init
 .text.is_hexdigit
                0x0000000000006aa8       0x22 build/Default/debug/convertions.o
                0x0000000000006aa8                is_hexdigit
 .text.hex2nibble
                0x0000000000006aca       0x28 build/Default/debug/convertions.o
                0x0000000000006aca                hex2nibble
 .text.nibble2hex
                0x0000000000006af2       0x12 build/Default/debug/convertions.o
                0x0000000000006af2                nibble2hex
 .text.convert_bin2hex
                0x0000000000006b04       0x64 build/Default/debug/convertions.o
                0x0000000000006b04                convert_bin2hex
 .text.convert_itohex
                0x0000000000006b68       0x2c build/Default/debug/convertions.o
                0x0000000000006b68                convert_itohex
 .text.stpcpy   0x0000000000006b94       0x24 build/Default/debug/convertions.o
                0x0000000000006b94                stpcpy
 .text.WINC_CERTS_initBuffer
                0x0000000000006bb8       0x80 build/Default/debug/winc_certs_functions.o
                0x0000000000006bb8                WINC_CERTS_initBuffer
 .text.winc_certs_append_file_buf
                0x0000000000006c38       0xc0 build/Default/debug/winc_certs_functions.o
                0x0000000000006c38                WINC_CERTS_appendFileBuf
 .text.provisioning_get_signer_ca_public_key
                0x0000000000006cf8       0x30 build/Default/debug/winc_certs_functions.o
                0x0000000000006cf8                provisioning_get_signer_ca_public_key
 .text.unlikely.winc_certs_get_total_files_size
                0x0000000000006d28       0x54 build/Default/debug/winc_certs_functions.o
                0x0000000000006d28                WINC_CERTS_getTotalFilesSize
 .text.WINC_CERTS_transfer
                0x0000000000006d7c      0x104 build/Default/debug/winc_certs_functions.o
                0x0000000000006d7c                WINC_CERTS_transfer
 .text          0x0000000000006e80       0x14 /Applications/microchip/arm-none-eabi/bin/../lib/gcc/arm-none-eabi/6.3.1/thumb/v6-m/libgcc.a(_thumb1_case_uqi.o)
                0x0000000000006e80                __gnu_thumb1_case_uqi
 .text          0x0000000000006e94      0x114 /Applications/microchip/arm-none-eabi/bin/../lib/gcc/arm-none-eabi/6.3.1/thumb/v6-m/libgcc.a(_udivsi3.o)
                0x0000000000006e94                __udivsi3
                0x0000000000006e94                __aeabi_uidiv
                0x0000000000006fa0                __aeabi_uidivmod
 .text          0x0000000000006fa8      0x1d4 /Applications/microchip/arm-none-eabi/bin/../lib/gcc/arm-none-eabi/6.3.1/thumb/v6-m/libgcc.a(_divsi3.o)
                0x0000000000006fa8                __aeabi_idiv
                0x0000000000006fa8                __divsi3
                0x0000000000007174                __aeabi_idivmod
 .text          0x000000000000717c        0x4 /Applications/microchip/arm-none-eabi/bin/../lib/gcc/arm-none-eabi/6.3.1/thumb/v6-m/libgcc.a(_dvmd_tls.o)
                0x000000000000717c                __aeabi_ldiv0
                0x000000000000717c                __aeabi_idiv0
 .text          0x0000000000007180       0x40 /Applications/microchip/arm-none-eabi/bin/../lib/gcc/arm-none-eabi/6.3.1/thumb/v6-m/libgcc.a(_aeabi_uldivmod.o)
                0x0000000000007180                __aeabi_uldivmod
 .text          0x00000000000071c0       0x14 /Applications/microchip/arm-none-eabi/bin/../lib/gcc/arm-none-eabi/6.3.1/thumb/v6-m/libgcc.a(_ffssi2.o)
                0x00000000000071c0                __ffssi2
 .text          0x00000000000071d4       0x3c /Applications/microchip/arm-none-eabi/bin/../lib/gcc/arm-none-eabi/6.3.1/thumb/v6-m/libgcc.a(_fixunsdfsi.o)
                0x00000000000071d4                __fixunsdfsi
                0x00000000000071d4                __aeabi_d2uiz
 .text          0x0000000000007210      0x180 /Applications/microchip/arm-none-eabi/bin/../lib/gcc/arm-none-eabi/6.3.1/thumb/v6-m/libgcc.a(_udivmoddi4.o)
                0x0000000000007210                __udivmoddi4
 .text          0x0000000000007390      0x668 /Applications/microchip/arm-none-eabi/bin/../lib/gcc/arm-none-eabi/6.3.1/thumb/v6-m/libgcc.a(divdf3.o)
                0x0000000000007390                __aeabi_ddiv
 .text          0x00000000000079f8      0x500 /Applications/microchip/arm-none-eabi/bin/../lib/gcc/arm-none-eabi/6.3.1/thumb/v6-m/libgcc.a(muldf3.o)
                0x00000000000079f8                __aeabi_dmul
 .text          0x0000000000007ef8      0x62c /Applications/microchip/arm-none-eabi/bin/../lib/gcc/arm-none-eabi/6.3.1/thumb/v6-m/libgcc.a(subdf3.o)
                0x0000000000007ef8                __aeabi_dsub
 .text          0x0000000000008524       0x68 /Applications/microchip/arm-none-eabi/bin/../lib/gcc/arm-none-eabi/6.3.1/thumb/v6-m/libgcc.a(fixdfsi.o)
                0x0000000000008524                __aeabi_d2iz
 .text          0x000000000000858c       0x84 /Applications/microchip/arm-none-eabi/bin/../lib/gcc/arm-none-eabi/6.3.1/thumb/v6-m/libgcc.a(floatsidf.o)
                0x000000000000858c                __aeabi_i2d
 .text          0x0000000000008610       0x70 /Applications/microchip/arm-none-eabi/bin/../lib/gcc/arm-none-eabi/6.3.1/thumb/v6-m/libgcc.a(floatunsidf.o)
                0x0000000000008610                __aeabi_ui2d
 .text          0x0000000000008680       0x7c /Applications/microchip/arm-none-eabi/bin/../lib/gcc/arm-none-eabi/6.3.1/thumb/v6-m/libgcc.a(_arm_cmpdf2.o)
                0x0000000000008680                __aeabi_cdrcmple
                0x0000000000008690                __aeabi_cdcmple
                0x0000000000008690                __aeabi_cdcmpeq
                0x00000000000086a0                __aeabi_dcmpeq
                0x00000000000086ac                __aeabi_dcmplt
                0x00000000000086c0                __aeabi_dcmple
                0x00000000000086d4                __aeabi_dcmpgt
                0x00000000000086e8                __aeabi_dcmpge
 .text          0x00000000000086fc       0x3c /Applications/microchip/arm-none-eabi/bin/../lib/gcc/arm-none-eabi/6.3.1/thumb/v6-m/libgcc.a(_clzsi2.o)
                0x00000000000086fc                __clzsi2
 .text          0x0000000000008738       0x18 /Applications/microchip/arm-none-eabi/bin/../lib/gcc/arm-none-eabi/6.3.1/thumb/v6-m/libgcc.a(_clzdi2.o)
                0x0000000000008738                __clzdi2
 .text          0x0000000000008750       0x40 /Applications/microchip/arm-none-eabi/bin/../lib/gcc/arm-none-eabi/6.3.1/thumb/v6-m/libgcc.a(_ctzsi2.o)
                0x0000000000008750                __ctzsi2
 .text          0x0000000000008790       0x74 /Applications/microchip/arm-none-eabi/bin/../lib/gcc/arm-none-eabi/6.3.1/thumb/v6-m/libgcc.a(eqdf2.o)
                0x0000000000008790                __eqdf2
                0x0000000000008790                __nedf2
 .text          0x0000000000008804       0xc8 /Applications/microchip/arm-none-eabi/bin/../lib/gcc/arm-none-eabi/6.3.1/thumb/v6-m/libgcc.a(gedf2.o)
                0x0000000000008804                __gtdf2
                0x0000000000008804                __gedf2
 .text          0x00000000000088cc       0xc4 /Applications/microchip/arm-none-eabi/bin/../lib/gcc/arm-none-eabi/6.3.1/thumb/v6-m/libgcc.a(ledf2.o)
                0x00000000000088cc                __ltdf2
                0x00000000000088cc                __ledf2
 .text.__libc_init_array
                0x0000000000008990       0x48 /Applications/microchip/arm-none-eabi/bin/../lib/gcc/arm-none-eabi/6.3.1/../../../../arm-none-eabi/lib/thumb/v6-m/libg.a(lib_a-init.o)
                0x0000000000008990                __libc_init_array
 .text.malloc   0x00000000000089d8       0x14 /Applications/microchip/arm-none-eabi/bin/../lib/gcc/arm-none-eabi/6.3.1/../../../../arm-none-eabi/lib/thumb/v6-m/libg.a(lib_a-malloc.o)
                0x00000000000089d8                malloc
 .text.free     0x00000000000089ec       0x14 /Applications/microchip/arm-none-eabi/bin/../lib/gcc/arm-none-eabi/6.3.1/../../../../arm-none-eabi/lib/thumb/v6-m/libg.a(lib_a-malloc.o)
                0x00000000000089ec                free
 .text._malloc_r
                0x0000000000008a00      0x568 /Applications/microchip/arm-none-eabi/bin/../lib/gcc/arm-none-eabi/6.3.1/../../../../arm-none-eabi/lib/thumb/v6-m/libg.a(lib_a-mallocr.o)
                0x0000000000008a00                _malloc_r
 .text.memcmp   0x0000000000008f68       0x4c /Applications/microchip/arm-none-eabi/bin/../lib/gcc/arm-none-eabi/6.3.1/../../../../arm-none-eabi/lib/thumb/v6-m/libg.a(lib_a-memcmp.o)
                0x0000000000008f68                memcmp
 .text.memcpy   0x0000000000008fb4       0x84 /Applications/microchip/arm-none-eabi/bin/../lib/gcc/arm-none-eabi/6.3.1/../../../../arm-none-eabi/lib/thumb/v6-m/libg.a(lib_a-memcpy-stub.o)
                0x0000000000008fb4                memcpy
 .text.memmove  0x0000000000009038       0xa0 /Applications/microchip/arm-none-eabi/bin/../lib/gcc/arm-none-eabi/6.3.1/../../../../arm-none-eabi/lib/thumb/v6-m/libg.a(lib_a-memmove.o)
                0x0000000000009038                memmove
 .text.memset   0x00000000000090d8       0x94 /Applications/microchip/arm-none-eabi/bin/../lib/gcc/arm-none-eabi/6.3.1/../../../../arm-none-eabi/lib/thumb/v6-m/libg.a(lib_a-memset.o)
                0x00000000000090d8                memset
 .text.__malloc_lock
                0x000000000000916c       0x10 /Applications/microchip/arm-none-eabi/bin/../lib/gcc/arm-none-eabi/6.3.1/../../../../arm-none-eabi/lib/thumb/v6-m/libg.a(lib_a-mlock.o)
                0x000000000000916c                __malloc_lock
 .text.__malloc_unlock
                0x000000000000917c       0x10 /Applications/microchip/arm-none-eabi/bin/../lib/gcc/arm-none-eabi/6.3.1/../../../../arm-none-eabi/lib/thumb/v6-m/libg.a(lib_a-mlock.o)
                0x000000000000917c                __malloc_unlock
 .text.printf   0x000000000000918c       0x24 /Applications/microchip/arm-none-eabi/bin/../lib/gcc/arm-none-eabi/6.3.1/../../../../arm-none-eabi/lib/thumb/v6-m/libg.a(lib_a-printf.o)
                0x000000000000918c                printf
 .text._sbrk_r  0x00000000000091b0       0x24 /Applications/microchip/arm-none-eabi/bin/../lib/gcc/arm-none-eabi/6.3.1/../../../../arm-none-eabi/lib/thumb/v6-m/libg.a(lib_a-sbrkr.o)
                0x00000000000091b0                _sbrk_r
 .text.setbuf   0x00000000000091d4       0x14 /Applications/microchip/arm-none-eabi/bin/../lib/gcc/arm-none-eabi/6.3.1/../../../../arm-none-eabi/lib/thumb/v6-m/libg.a(lib_a-setbuf.o)
                0x00000000000091d4                setbuf
 .text.setvbuf  0x00000000000091e8      0x1a0 /Applications/microchip/arm-none-eabi/bin/../lib/gcc/arm-none-eabi/6.3.1/../../../../arm-none-eabi/lib/thumb/v6-m/libg.a(lib_a-setvbuf.o)
                0x00000000000091e8                setvbuf
 .text.sprintf  0x0000000000009388       0x44 /Applications/microchip/arm-none-eabi/bin/../lib/gcc/arm-none-eabi/6.3.1/../../../../arm-none-eabi/lib/thumb/v6-m/libg.a(lib_a-sprintf.o)
                0x0000000000009388                sprintf
 .text.strchr   0x00000000000093cc       0xdc /Applications/microchip/arm-none-eabi/bin/../lib/gcc/arm-none-eabi/6.3.1/../../../../arm-none-eabi/lib/thumb/v6-m/libg.a(lib_a-strchr.o)
                0x00000000000093cc                strchr
 .text          0x00000000000094a8       0x88 /Applications/microchip/arm-none-eabi/bin/../lib/gcc/arm-none-eabi/6.3.1/../../../../arm-none-eabi/lib/thumb/v6-m/libg.a(lib_a-strcmp.o)
                0x00000000000094a8                strcmp
 .text.strcpy   0x0000000000009530       0x10 /Applications/microchip/arm-none-eabi/bin/../lib/gcc/arm-none-eabi/6.3.1/../../../../arm-none-eabi/lib/thumb/v6-m/libg.a(lib_a-strcpy.o)
                0x0000000000009530                strcpy
 .text.strlen   0x0000000000009540       0x64 /Applications/microchip/arm-none-eabi/bin/../lib/gcc/arm-none-eabi/6.3.1/../../../../arm-none-eabi/lib/thumb/v6-m/libg.a(lib_a-strlen-stub.o)
                0x0000000000009540                strlen
 .text.critical_factorization
                0x00000000000095a4       0xc0 /Applications/microchip/arm-none-eabi/bin/../lib/gcc/arm-none-eabi/6.3.1/../../../../arm-none-eabi/lib/thumb/v6-m/libg.a(lib_a-strstr.o)
 .text.two_way_long_needle
                0x0000000000009664      0x204 /Applications/microchip/arm-none-eabi/bin/../lib/gcc/arm-none-eabi/6.3.1/../../../../arm-none-eabi/lib/thumb/v6-m/libg.a(lib_a-strstr.o)
 .text.strstr   0x0000000000009868      0x208 /Applications/microchip/arm-none-eabi/bin/../lib/gcc/arm-none-eabi/6.3.1/../../../../arm-none-eabi/lib/thumb/v6-m/libg.a(lib_a-strstr.o)
                0x0000000000009868                strstr
 .text._svfprintf_r
                0x0000000000009a70     0x1608 /Applications/microchip/arm-none-eabi/bin/../lib/gcc/arm-none-eabi/6.3.1/../../../../arm-none-eabi/lib/thumb/v6-m/libg.a(lib_a-svfprintf.o)
                0x0000000000009a70                _svfprintf_r
 .text._vfprintf_r
                0x000000000000b078     0x16d8 /Applications/microchip/arm-none-eabi/bin/../lib/gcc/arm-none-eabi/6.3.1/../../../../arm-none-eabi/lib/thumb/v6-m/libg.a(lib_a-vfprintf.o)
                0x000000000000b078                _vfprintf_r
 .text.__sbprintf
                0x000000000000c750       0x88 /Applications/microchip/arm-none-eabi/bin/../lib/gcc/arm-none-eabi/6.3.1/../../../../arm-none-eabi/lib/thumb/v6-m/libg.a(lib_a-vfprintf.o)
 .text.__swsetup_r
                0x000000000000c7d8       0xd4 /Applications/microchip/arm-none-eabi/bin/../lib/gcc/arm-none-eabi/6.3.1/../../../../arm-none-eabi/lib/thumb/v6-m/libg.a(lib_a-wsetup.o)
                0x000000000000c7d8                __swsetup_r
 .text.startup.register_fini
                0x000000000000c8ac       0x18 /Applications/microchip/arm-none-eabi/bin/../lib/gcc/arm-none-eabi/6.3.1/../../../../arm-none-eabi/lib/thumb/v6-m/libg.a(lib_a-__call_atexit.o)
 .text.atexit   0x000000000000c8c4       0x10 /Applications/microchip/arm-none-eabi/bin/../lib/gcc/arm-none-eabi/6.3.1/../../../../arm-none-eabi/lib/thumb/v6-m/libg.a(lib_a-atexit.o)
                0x000000000000c8c4                atexit
 .text.quorem   0x000000000000c8d4      0x154 /Applications/microchip/arm-none-eabi/bin/../lib/gcc/arm-none-eabi/6.3.1/../../../../arm-none-eabi/lib/thumb/v6-m/libg.a(lib_a-dtoa.o)
 .text._dtoa_r  0x000000000000ca28      0xf88 /Applications/microchip/arm-none-eabi/bin/../lib/gcc/arm-none-eabi/6.3.1/../../../../arm-none-eabi/lib/thumb/v6-m/libg.a(lib_a-dtoa.o)
                0x000000000000ca28                _dtoa_r
 .text.__sflush_r
                0x000000000000d9b0      0x150 /Applications/microchip/arm-none-eabi/bin/../lib/gcc/arm-none-eabi/6.3.1/../../../../arm-none-eabi/lib/thumb/v6-m/libg.a(lib_a-fflush.o)
                0x000000000000d9b0                __sflush_r
 .text._fflush_r
                0x000000000000db00       0x54 /Applications/microchip/arm-none-eabi/bin/../lib/gcc/arm-none-eabi/6.3.1/../../../../arm-none-eabi/lib/thumb/v6-m/libg.a(lib_a-fflush.o)
                0x000000000000db00                _fflush_r
 .text._cleanup_r
                0x000000000000db54       0x10 /Applications/microchip/arm-none-eabi/bin/../lib/gcc/arm-none-eabi/6.3.1/../../../../arm-none-eabi/lib/thumb/v6-m/libg.a(lib_a-findfp.o)
                0x000000000000db54                _cleanup_r
 .text.std.isra.0
                0x000000000000db64       0x50 /Applications/microchip/arm-none-eabi/bin/../lib/gcc/arm-none-eabi/6.3.1/../../../../arm-none-eabi/lib/thumb/v6-m/libg.a(lib_a-findfp.o)
 .text.__sinit  0x000000000000dbb4       0x60 /Applications/microchip/arm-none-eabi/bin/../lib/gcc/arm-none-eabi/6.3.1/../../../../arm-none-eabi/lib/thumb/v6-m/libg.a(lib_a-findfp.o)
                0x000000000000dbb4                __sinit
 .text.__sfp_lock_acquire
                0x000000000000dc14       0x10 /Applications/microchip/arm-none-eabi/bin/../lib/gcc/arm-none-eabi/6.3.1/../../../../arm-none-eabi/lib/thumb/v6-m/libg.a(lib_a-findfp.o)
                0x000000000000dc14                __sfp_lock_acquire
 .text.__sfp_lock_release
                0x000000000000dc24       0x10 /Applications/microchip/arm-none-eabi/bin/../lib/gcc/arm-none-eabi/6.3.1/../../../../arm-none-eabi/lib/thumb/v6-m/libg.a(lib_a-findfp.o)
                0x000000000000dc24                __sfp_lock_release
 .text.__libc_fini_array
                0x000000000000dc34       0x34 /Applications/microchip/arm-none-eabi/bin/../lib/gcc/arm-none-eabi/6.3.1/../../../../arm-none-eabi/lib/thumb/v6-m/libg.a(lib_a-fini.o)
                0x000000000000dc34                __libc_fini_array
 .text._malloc_trim_r
                0x000000000000dc68       0xa0 /Applications/microchip/arm-none-eabi/bin/../lib/gcc/arm-none-eabi/6.3.1/../../../../arm-none-eabi/lib/thumb/v6-m/libg.a(lib_a-freer.o)
                0x000000000000dc68                _malloc_trim_r
 .text._free_r  0x000000000000dd08      0x1bc /Applications/microchip/arm-none-eabi/bin/../lib/gcc/arm-none-eabi/6.3.1/../../../../arm-none-eabi/lib/thumb/v6-m/libg.a(lib_a-freer.o)
                0x000000000000dd08                _free_r
 .text.__sfvwrite_r
                0x000000000000dec4      0x304 /Applications/microchip/arm-none-eabi/bin/../lib/gcc/arm-none-eabi/6.3.1/../../../../arm-none-eabi/lib/thumb/v6-m/libg.a(lib_a-fvwrite.o)
                0x000000000000dec4                __sfvwrite_r
 .text._fwalk_reent
                0x000000000000e1c8       0x4c /Applications/microchip/arm-none-eabi/bin/../lib/gcc/arm-none-eabi/6.3.1/../../../../arm-none-eabi/lib/thumb/v6-m/libg.a(lib_a-fwalk.o)
                0x000000000000e1c8                _fwalk_reent
 .text._localeconv_r
                0x000000000000e214       0x1c /Applications/microchip/arm-none-eabi/bin/../lib/gcc/arm-none-eabi/6.3.1/../../../../arm-none-eabi/lib/thumb/v6-m/libg.a(lib_a-localeconv.o)
                0x000000000000e214                _localeconv_r
 .text.__retarget_lock_init_recursive
                0x000000000000e230        0x4 /Applications/microchip/arm-none-eabi/bin/../lib/gcc/arm-none-eabi/6.3.1/../../../../arm-none-eabi/lib/thumb/v6-m/libg.a(lib_a-lock.o)
                0x000000000000e230                __retarget_lock_init_recursive
 .text.__retarget_lock_close_recursive
                0x000000000000e234        0x4 /Applications/microchip/arm-none-eabi/bin/../lib/gcc/arm-none-eabi/6.3.1/../../../../arm-none-eabi/lib/thumb/v6-m/libg.a(lib_a-lock.o)
                0x000000000000e234                __retarget_lock_close_recursive
 .text.__retarget_lock_acquire_recursive
                0x000000000000e238        0x4 /Applications/microchip/arm-none-eabi/bin/../lib/gcc/arm-none-eabi/6.3.1/../../../../arm-none-eabi/lib/thumb/v6-m/libg.a(lib_a-lock.o)
                0x000000000000e238                __retarget_lock_acquire_recursive
 .text.__retarget_lock_release_recursive
                0x000000000000e23c        0x4 /Applications/microchip/arm-none-eabi/bin/../lib/gcc/arm-none-eabi/6.3.1/../../../../arm-none-eabi/lib/thumb/v6-m/libg.a(lib_a-lock.o)
                0x000000000000e23c                __retarget_lock_release_recursive
 .text.__swhatbuf_r
                0x000000000000e240       0x60 /Applications/microchip/arm-none-eabi/bin/../lib/gcc/arm-none-eabi/6.3.1/../../../../arm-none-eabi/lib/thumb/v6-m/libg.a(lib_a-makebuf.o)
                0x000000000000e240                __swhatbuf_r
 .text.__smakebuf_r
                0x000000000000e2a0       0x90 /Applications/microchip/arm-none-eabi/bin/../lib/gcc/arm-none-eabi/6.3.1/../../../../arm-none-eabi/lib/thumb/v6-m/libg.a(lib_a-makebuf.o)
                0x000000000000e2a0                __smakebuf_r
 .text.memchr   0x000000000000e330       0x80 /Applications/microchip/arm-none-eabi/bin/../lib/gcc/arm-none-eabi/6.3.1/../../../../arm-none-eabi/lib/thumb/v6-m/libg.a(lib_a-memchr-stub.o)
                0x000000000000e330                memchr
 .text._Balloc  0x000000000000e3b0       0x50 /Applications/microchip/arm-none-eabi/bin/../lib/gcc/arm-none-eabi/6.3.1/../../../../arm-none-eabi/lib/thumb/v6-m/libg.a(lib_a-mprec.o)
                0x000000000000e3b0                _Balloc
 .text._Bfree   0x000000000000e400       0x14 /Applications/microchip/arm-none-eabi/bin/../lib/gcc/arm-none-eabi/6.3.1/../../../../arm-none-eabi/lib/thumb/v6-m/libg.a(lib_a-mprec.o)
                0x000000000000e400                _Bfree
 .text.__multadd
                0x000000000000e414       0x8c /Applications/microchip/arm-none-eabi/bin/../lib/gcc/arm-none-eabi/6.3.1/../../../../arm-none-eabi/lib/thumb/v6-m/libg.a(lib_a-mprec.o)
                0x000000000000e414                __multadd
 .text.__hi0bits
                0x000000000000e4a0       0x34 /Applications/microchip/arm-none-eabi/bin/../lib/gcc/arm-none-eabi/6.3.1/../../../../arm-none-eabi/lib/thumb/v6-m/libg.a(lib_a-mprec.o)
                0x000000000000e4a0                __hi0bits
 .text.__lo0bits
                0x000000000000e4d4       0x5c /Applications/microchip/arm-none-eabi/bin/../lib/gcc/arm-none-eabi/6.3.1/../../../../arm-none-eabi/lib/thumb/v6-m/libg.a(lib_a-mprec.o)
                0x000000000000e4d4                __lo0bits
 .text.__i2b    0x000000000000e530       0x14 /Applications/microchip/arm-none-eabi/bin/../lib/gcc/arm-none-eabi/6.3.1/../../../../arm-none-eabi/lib/thumb/v6-m/libg.a(lib_a-mprec.o)
                0x000000000000e530                __i2b
 .text.__multiply
                0x000000000000e544      0x154 /Applications/microchip/arm-none-eabi/bin/../lib/gcc/arm-none-eabi/6.3.1/../../../../arm-none-eabi/lib/thumb/v6-m/libg.a(lib_a-mprec.o)
                0x000000000000e544                __multiply
 .text.__pow5mult
                0x000000000000e698       0xc0 /Applications/microchip/arm-none-eabi/bin/../lib/gcc/arm-none-eabi/6.3.1/../../../../arm-none-eabi/lib/thumb/v6-m/libg.a(lib_a-mprec.o)
                0x000000000000e698                __pow5mult
 .text.__lshift
                0x000000000000e758       0xc0 /Applications/microchip/arm-none-eabi/bin/../lib/gcc/arm-none-eabi/6.3.1/../../../../arm-none-eabi/lib/thumb/v6-m/libg.a(lib_a-mprec.o)
                0x000000000000e758                __lshift
 .text.__mcmp   0x000000000000e818       0x34 /Applications/microchip/arm-none-eabi/bin/../lib/gcc/arm-none-eabi/6.3.1/../../../../arm-none-eabi/lib/thumb/v6-m/libg.a(lib_a-mprec.o)
                0x000000000000e818                __mcmp
 .text.__mdiff  0x000000000000e84c      0x138 /Applications/microchip/arm-none-eabi/bin/../lib/gcc/arm-none-eabi/6.3.1/../../../../arm-none-eabi/lib/thumb/v6-m/libg.a(lib_a-mprec.o)
                0x000000000000e84c                __mdiff
 .text.__d2b    0x000000000000e984       0xbc /Applications/microchip/arm-none-eabi/bin/../lib/gcc/arm-none-eabi/6.3.1/../../../../arm-none-eabi/lib/thumb/v6-m/libg.a(lib_a-mprec.o)
                0x000000000000e984                __d2b
 .text._realloc_r
                0x000000000000ea40      0x37c /Applications/microchip/arm-none-eabi/bin/../lib/gcc/arm-none-eabi/6.3.1/../../../../arm-none-eabi/lib/thumb/v6-m/libg.a(lib_a-reallocr.o)
                0x000000000000ea40                _realloc_r
 .text.__sread  0x000000000000edbc       0x28 /Applications/microchip/arm-none-eabi/bin/../lib/gcc/arm-none-eabi/6.3.1/../../../../arm-none-eabi/lib/thumb/v6-m/libg.a(lib_a-stdio.o)
                0x000000000000edbc                __sread
 .text.__swrite
                0x000000000000ede4       0x3c /Applications/microchip/arm-none-eabi/bin/../lib/gcc/arm-none-eabi/6.3.1/../../../../arm-none-eabi/lib/thumb/v6-m/libg.a(lib_a-stdio.o)
                0x000000000000ede4                __swrite
 .text.__sseek  0x000000000000ee20       0x2c /Applications/microchip/arm-none-eabi/bin/../lib/gcc/arm-none-eabi/6.3.1/../../../../arm-none-eabi/lib/thumb/v6-m/libg.a(lib_a-stdio.o)
                0x000000000000ee20                __sseek
 .text.__sclose
                0x000000000000ee4c        0xc /Applications/microchip/arm-none-eabi/bin/../lib/gcc/arm-none-eabi/6.3.1/../../../../arm-none-eabi/lib/thumb/v6-m/libg.a(lib_a-stdio.o)
                0x000000000000ee4c                __sclose
 .text.__ssprint_r
                0x000000000000ee58      0x120 /Applications/microchip/arm-none-eabi/bin/../lib/gcc/arm-none-eabi/6.3.1/../../../../arm-none-eabi/lib/thumb/v6-m/libg.a(lib_a-svfiprintf.o)
                0x000000000000ee58                __ssprint_r
 .text.__sprint_r.part.0
                0x000000000000ef78       0x84 /Applications/microchip/arm-none-eabi/bin/../lib/gcc/arm-none-eabi/6.3.1/../../../../arm-none-eabi/lib/thumb/v6-m/libg.a(lib_a-vfiprintf.o)
 .text.__sprint_r
                0x000000000000effc       0x14 /Applications/microchip/arm-none-eabi/bin/../lib/gcc/arm-none-eabi/6.3.1/../../../../arm-none-eabi/lib/thumb/v6-m/libg.a(lib_a-vfiprintf.o)
                0x000000000000effc                __sprint_r
 .text._write_r
                0x000000000000f010       0x28 /Applications/microchip/arm-none-eabi/bin/../lib/gcc/arm-none-eabi/6.3.1/../../../../arm-none-eabi/lib/thumb/v6-m/libg.a(lib_a-writer.o)
                0x000000000000f010                _write_r
 .text.__register_exitproc
                0x000000000000f038       0xf4 /Applications/microchip/arm-none-eabi/bin/../lib/gcc/arm-none-eabi/6.3.1/../../../../arm-none-eabi/lib/thumb/v6-m/libg.a(lib_a-__atexit.o)
                0x000000000000f038                __register_exitproc
 .text._calloc_r
                0x000000000000f12c       0x58 /Applications/microchip/arm-none-eabi/bin/../lib/gcc/arm-none-eabi/6.3.1/../../../../arm-none-eabi/lib/thumb/v6-m/libg.a(lib_a-callocr.o)
                0x000000000000f12c                _calloc_r
 .text._close_r
                0x000000000000f184       0x24 /Applications/microchip/arm-none-eabi/bin/../lib/gcc/arm-none-eabi/6.3.1/../../../../arm-none-eabi/lib/thumb/v6-m/libg.a(lib_a-closer.o)
                0x000000000000f184                _close_r
 .text._fclose_r
                0x000000000000f1a8       0xcc /Applications/microchip/arm-none-eabi/bin/../lib/gcc/arm-none-eabi/6.3.1/../../../../arm-none-eabi/lib/thumb/v6-m/libg.a(lib_a-fclose.o)
                0x000000000000f1a8                _fclose_r
 .text.__fputwc
                0x000000000000f274       0x98 /Applications/microchip/arm-none-eabi/bin/../lib/gcc/arm-none-eabi/6.3.1/../../../../arm-none-eabi/lib/thumb/v6-m/libg.a(lib_a-fputwc.o)
                0x000000000000f274                __fputwc
 .text._fputwc_r
                0x000000000000f30c       0x5c /Applications/microchip/arm-none-eabi/bin/../lib/gcc/arm-none-eabi/6.3.1/../../../../arm-none-eabi/lib/thumb/v6-m/libg.a(lib_a-fputwc.o)
                0x000000000000f30c                _fputwc_r
 .text._fstat_r
                0x000000000000f368       0x28 /Applications/microchip/arm-none-eabi/bin/../lib/gcc/arm-none-eabi/6.3.1/../../../../arm-none-eabi/lib/thumb/v6-m/libg.a(lib_a-fstatr.o)
                0x000000000000f368                _fstat_r
 .text._isatty_r
                0x000000000000f390       0x24 /Applications/microchip/arm-none-eabi/bin/../lib/gcc/arm-none-eabi/6.3.1/../../../../arm-none-eabi/lib/thumb/v6-m/libg.a(lib_a-isattyr.o)
                0x000000000000f390                _isatty_r
 .text.__locale_mb_cur_max
                0x000000000000f3b4       0x20 /Applications/microchip/arm-none-eabi/bin/../lib/gcc/arm-none-eabi/6.3.1/../../../../arm-none-eabi/lib/thumb/v6-m/libg.a(lib_a-locale.o)
                0x000000000000f3b4                __locale_mb_cur_max
 .text._lseek_r
                0x000000000000f3d4       0x28 /Applications/microchip/arm-none-eabi/bin/../lib/gcc/arm-none-eabi/6.3.1/../../../../arm-none-eabi/lib/thumb/v6-m/libg.a(lib_a-lseekr.o)
                0x000000000000f3d4                _lseek_r
 .text.__ascii_mbtowc
                0x000000000000f3fc       0x2c /Applications/microchip/arm-none-eabi/bin/../lib/gcc/arm-none-eabi/6.3.1/../../../../arm-none-eabi/lib/thumb/v6-m/libg.a(lib_a-mbtowc_r.o)
                0x000000000000f3fc                __ascii_mbtowc
 .text._read_r  0x000000000000f428       0x28 /Applications/microchip/arm-none-eabi/bin/../lib/gcc/arm-none-eabi/6.3.1/../../../../arm-none-eabi/lib/thumb/v6-m/libg.a(lib_a-readr.o)
                0x000000000000f428                _read_r
 .text.__swbuf_r
                0x000000000000f450       0xbc /Applications/microchip/arm-none-eabi/bin/../lib/gcc/arm-none-eabi/6.3.1/../../../../arm-none-eabi/lib/thumb/v6-m/libg.a(lib_a-wbuf.o)
                0x000000000000f450                __swbuf_r
 .text._wcrtomb_r
                0x000000000000f50c       0x54 /Applications/microchip/arm-none-eabi/bin/../lib/gcc/arm-none-eabi/6.3.1/../../../../arm-none-eabi/lib/thumb/v6-m/libg.a(lib_a-wcrtomb.o)
                0x000000000000f50c                _wcrtomb_r