Archive member included to satisfy reference by file (symbol)

c:/program files (x86)/atmel/studio/7.0/toolchain/arm/arm-gnu-toolchain/bin/../lib/gcc/arm-none-eabi/6.3.1/thumb/v7e-m\libgcc.a(_arm_addsubdf3.o)
                              src/ASF/common/components/memory/eeprom/at30tse75x/at30tse75x.o (__aeabi_i2d)
c:/program files (x86)/atmel/studio/7.0/toolchain/arm/arm-gnu-toolchain/bin/../lib/gcc/arm-none-eabi/6.3.1/thumb/v7e-m\libgcc.a(_arm_muldivdf3.o)
                              src/ASF/common/components/memory/eeprom/at30tse75x/at30tse75x.o (__aeabi_dmul)
c:/program files (x86)/atmel/studio/7.0/toolchain/arm/arm-gnu-toolchain/bin/../lib/gcc/arm-none-eabi/6.3.1/thumb/v7e-m\libgcc.a(_arm_addsubsf3.o)
                              src/main.o (__aeabi_ui2f)
c:/program files (x86)/atmel/studio/7.0/toolchain/arm/arm-gnu-toolchain/bin/../lib/gcc/arm-none-eabi/6.3.1/thumb/v7e-m\libgcc.a(_arm_muldivsf3.o)
                              src/main.o (__aeabi_fmul)
c:/program files (x86)/atmel/studio/7.0/toolchain/arm/arm-gnu-toolchain/bin/../lib/gcc/arm-none-eabi/6.3.1/thumb/v7e-m\libgcc.a(_aeabi_uldivmod.o)
                              src/host_apps/atecc505/cryptoauthlib/lib/hal/hal_sam4s_timer_asf.o (__aeabi_uldivmod)
c:/program files (x86)/atmel/studio/7.0/toolchain/arm/arm-gnu-toolchain/bin/../lib/gcc/arm-none-eabi/6.3.1/thumb/v7e-m\libgcc.a(_udivmoddi4.o)
                              c:/program files (x86)/atmel/studio/7.0/toolchain/arm/arm-gnu-toolchain/bin/../lib/gcc/arm-none-eabi/6.3.1/thumb/v7e-m\libgcc.a(_aeabi_uldivmod.o) (__udivmoddi4)
c:/program files (x86)/atmel/studio/7.0/toolchain/arm/arm-gnu-toolchain/bin/../lib/gcc/arm-none-eabi/6.3.1/thumb/v7e-m\libgcc.a(_dvmd_tls.o)
                              c:/program files (x86)/atmel/studio/7.0/toolchain/arm/arm-gnu-toolchain/bin/../lib/gcc/arm-none-eabi/6.3.1/thumb/v7e-m\libgcc.a(_aeabi_uldivmod.o) (__aeabi_ldiv0)
c:/program files (x86)/atmel/studio/7.0/toolchain/arm/arm-gnu-toolchain/bin/../lib/gcc/arm-none-eabi/6.3.1/../../../../arm-none-eabi/lib/thumb/v7e-m\libc.a(lib_a-atoi.o)
                              src/host_apps/atecc505/cryptoauthlib/test/unity_fixture.o (atoi)
c:/program files (x86)/atmel/studio/7.0/toolchain/arm/arm-gnu-toolchain/bin/../lib/gcc/arm-none-eabi/6.3.1/../../../../arm-none-eabi/lib/thumb/v7e-m\libc.a(lib_a-exit.o)
                              c:/program files (x86)/atmel/studio/7.0/toolchain/arm/arm-gnu-toolchain/bin/../lib/gcc/arm-none-eabi/6.3.1/../../../../arm-none-eabi/lib/thumb/v7e-m/crt0.o (exit)
c:/program files (x86)/atmel/studio/7.0/toolchain/arm/arm-gnu-toolchain/bin/../lib/gcc/arm-none-eabi/6.3.1/../../../../arm-none-eabi/lib/thumb/v7e-m\libc.a(lib_a-impure.o)
                              c:/program files (x86)/atmel/studio/7.0/toolchain/arm/arm-gnu-toolchain/bin/../lib/gcc/arm-none-eabi/6.3.1/../../../../arm-none-eabi/lib/thumb/v7e-m\libc.a(lib_a-exit.o) (_global_impure_ptr)
c:/program files (x86)/atmel/studio/7.0/toolchain/arm/arm-gnu-toolchain/bin/../lib/gcc/arm-none-eabi/6.3.1/../../../../arm-none-eabi/lib/thumb/v7e-m\libc.a(lib_a-init.o)
                              c:/program files (x86)/atmel/studio/7.0/toolchain/arm/arm-gnu-toolchain/bin/../lib/gcc/arm-none-eabi/6.3.1/../../../../arm-none-eabi/lib/thumb/v7e-m/crt0.o (__libc_init_array)
c:/program files (x86)/atmel/studio/7.0/toolchain/arm/arm-gnu-toolchain/bin/../lib/gcc/arm-none-eabi/6.3.1/../../../../arm-none-eabi/lib/thumb/v7e-m\libc.a(lib_a-iprintf.o)
                              src/host_drv/bus_wrapper/source/nm_bus_wrapper_sam4s.o (iprintf)
c:/program files (x86)/atmel/studio/7.0/toolchain/arm/arm-gnu-toolchain/bin/../lib/gcc/arm-none-eabi/6.3.1/../../../../arm-none-eabi/lib/thumb/v7e-m\libc.a(lib_a-locale.o)
                              src/at_cmd_handler/at_cmd_Handler.o (__locale_ctype_ptr)
c:/program files (x86)/atmel/studio/7.0/toolchain/arm/arm-gnu-toolchain/bin/../lib/gcc/arm-none-eabi/6.3.1/../../../../arm-none-eabi/lib/thumb/v7e-m\libc.a(lib_a-malloc.o)
                              src/host_drv/driver/source/m2m_wifi.o (malloc)
c:/program files (x86)/atmel/studio/7.0/toolchain/arm/arm-gnu-toolchain/bin/../lib/gcc/arm-none-eabi/6.3.1/../../../../arm-none-eabi/lib/thumb/v7e-m\libc.a(lib_a-mallocr.o)
                              c:/program files (x86)/atmel/studio/7.0/toolchain/arm/arm-gnu-toolchain/bin/../lib/gcc/arm-none-eabi/6.3.1/../../../../arm-none-eabi/lib/thumb/v7e-m\libc.a(lib_a-malloc.o) (_malloc_r)
c:/program files (x86)/atmel/studio/7.0/toolchain/arm/arm-gnu-toolchain/bin/../lib/gcc/arm-none-eabi/6.3.1/../../../../arm-none-eabi/lib/thumb/v7e-m\libc.a(lib_a-mbtowc_r.o)
                              c:/program files (x86)/atmel/studio/7.0/toolchain/arm/arm-gnu-toolchain/bin/../lib/gcc/arm-none-eabi/6.3.1/../../../../arm-none-eabi/lib/thumb/v7e-m\libc.a(lib_a-locale.o) (__ascii_mbtowc)
[...]
Memory Configuration

Name             Origin             Length             Attributes
rom              0x00400000         0x00100000         xr
ram              0x20000000         0x00028000         xrw
*default*        0x00000000         0xffffffff

Linker script and memory map

LOAD c:/program files (x86)/atmel/studio/7.0/toolchain/arm/arm-gnu-toolchain/bin/../lib/gcc/arm-none-eabi/6.3.1/thumb/v7e-m/crti.o
LOAD c:/program files (x86)/atmel/studio/7.0/toolchain/arm/arm-gnu-toolchain/bin/../lib/gcc/arm-none-eabi/6.3.1/thumb/v7e-m/crtbegin.o
LOAD c:/program files (x86)/atmel/studio/7.0/toolchain/arm/arm-gnu-toolchain/bin/../lib/gcc/arm-none-eabi/6.3.1/../../../../arm-none-eabi/lib/thumb/v7e-m/crt0.o
LOAD src/led_btn_demo/led_btn_demo.o
LOAD src/host_drv/bsp/source/nm_bsp_sam4s.o
LOAD src/host_drv/bus_wrapper/source/nm_bus_wrapper_sam4s.o
LOAD src/host_drv/common/source/nm_common.o
LOAD src/host_drv/driver/source/m2m_hif.o
LOAD src/host_drv/driver/source/m2m_ota.o
LOAD src/host_drv/driver/source/m2m_periph.o
LOAD src/host_drv/driver/source/m2m_ssl.o
LOAD src/host_drv/driver/source/m2m_wifi.o
LOAD src/host_drv/driver/source/nmasic.o
LOAD src/host_drv/driver/source/nmbus.o
LOAD src/host_drv/driver/source/nmdrv.o
LOAD src/host_drv/driver/source/nmi2c.o
LOAD src/host_drv/driver/source/nmspi.o
LOAD src/host_drv/driver/source/nmuart.o
LOAD src/host_drv/socket/source/socket.o
LOAD src/host_drv/spi_flash/source/spi_flash.o
LOAD src/common/spi_flash_mapping/flexible_flash.o
LOAD src/host_apps/atecc505/cert_def_1_signer.o
LOAD src/host_apps/atecc505/cert_def_2_device.o
LOAD src/host_apps/atecc505/cryptoauthlib/lib/atcacert/atcacert_client.o
LOAD src/host_apps/atecc505/cryptoauthlib/lib/atcacert/atcacert_date.o
LOAD src/host_apps/atecc505/cryptoauthlib/lib/atcacert/atcacert_def.o
LOAD src/host_apps/atecc505/cryptoauthlib/lib/atcacert/atcacert_der.o
LOAD src/host_apps/atecc505/cryptoauthlib/lib/atcacert/atcacert_host_hw.o
LOAD src/host_apps/atecc505/cryptoauthlib/lib/atcacert/atcacert_host_sw.o
LOAD src/host_apps/atecc505/cryptoauthlib/lib/atca_cfgs.o
LOAD src/host_apps/atecc505/cryptoauthlib/lib/atca_command.o
LOAD src/host_apps/atecc505/cryptoauthlib/lib/atca_device.o
LOAD src/host_apps/atecc505/cryptoauthlib/lib/atca_iface.o
LOAD src/host_apps/atecc505/cryptoauthlib/lib/basic/atca_basic.o
LOAD src/host_apps/atecc505/cryptoauthlib/lib/basic/atca_helpers.o
LOAD src/host_apps/atecc505/cryptoauthlib/lib/crypto/atca_crypto_sw_ecdsa.o
LOAD src/host_apps/atecc505/cryptoauthlib/lib/crypto/atca_crypto_sw_rand.o
LOAD src/host_apps/atecc505/cryptoauthlib/lib/crypto/atca_crypto_sw_sha1.o
LOAD src/host_apps/atecc505/cryptoauthlib/lib/crypto/atca_crypto_sw_sha2.o
LOAD src/host_apps/atecc505/cryptoauthlib/lib/crypto/hashes/sha1_routines.o
LOAD src/host_apps/atecc505/cryptoauthlib/lib/crypto/hashes/sha2_routines.o
LOAD src/host_apps/atecc505/cryptoauthlib/lib/hal/atca_hal.o
LOAD src/host_apps/atecc505/cryptoauthlib/lib/hal/hal_sam4s_i2c_asf.o
LOAD src/host_apps/atecc505/cryptoauthlib/lib/hal/hal_sam4s_timer_asf.o
LOAD src/host_apps/atecc505/cryptoauthlib/lib/host/atca_host.o
LOAD src/host_apps/atecc505/cryptoauthlib/lib/tls/atcatls.o
LOAD src/host_apps/atecc505/cryptoauthlib/lib/tls/atcatls_cfg.o
LOAD src/host_apps/atecc505/cryptoauthlib/test/unity_fixture.o
LOAD src/host_apps/atecc505/ecc_crypto_ecc508.o
LOAD src/host_apps/bsp/source/nm_bsp_sam4s_app.o
LOAD src/host_apps/Hash/Hash.o
LOAD src/iperf/Iperf.o
LOAD src/udp_test/udp_demo.o
LOAD src/udp_test/udp_test.o
LOAD src/at_cmd_handler/at_cmd_Handler.o
LOAD src/http_client/http_client.o
LOAD src/http_client/http_utils.o
LOAD src/at_cmd_handler/serial_input.o
LOAD src/buffered_uart/buffered_uart.o
LOAD src/main.o
LOAD src/ASF/sam/drivers/efc/efc.o
LOAD src/serial_bridge.o
LOAD src/ASF/sam/drivers/pdc/pdc.o
LOAD src/ASF/sam/services/flash_efc/flash_efc.o
LOAD src/crc32/crc32.o
LOAD src/ASF/sam/drivers/wdt/wdt.o
LOAD src/ASF/common/components/memory/eeprom/at30tse75x/at30tse75x.o
LOAD src/ASF/common/services/clock/sam4s/sysclk.o
LOAD src/ASF/common/services/delay/sam/cycle_counter.o
LOAD src/ASF/common/services/serial/usart_serial.o
LOAD src/ASF/common/services/spi/sam_spi/spi_master.o
LOAD src/ASF/common/utils/interrupt/interrupt_sam_nvic.o
LOAD src/ASF/common/utils/stdio/read.o
LOAD src/ASF/common/utils/stdio/write.o
LOAD src/ASF/sam/boards/sam4s_xplained_pro/init.o
LOAD src/ASF/sam/drivers/pio/pio.o
LOAD src/ASF/sam/drivers/pio/pio_handler.o
LOAD src/ASF/sam/drivers/pmc/pmc.o
LOAD src/ASF/sam/drivers/pmc/sleep.o
LOAD src/ASF/sam/drivers/spi/spi.o
LOAD src/ASF/sam/drivers/twi/twi.o
LOAD src/ASF/sam/drivers/uart/uart.o
LOAD src/ASF/sam/drivers/usart/usart.o
LOAD src/ASF/sam/utils/cmsis/sam4s/source/templates/gcc/startup_sam4s.o
LOAD src/ASF/sam/utils/cmsis/sam4s/source/templates/system_sam4s.o
LOAD src/ASF/sam/utils/syscalls/gcc/syscalls.o
START GROUP
LOAD c:/program files (x86)/atmel/studio/7.0/toolchain/arm/arm-gnu-toolchain/bin/../lib/gcc/arm-none-eabi/6.3.1/../../../../arm-none-eabi/lib/thumb/v7e-m\libm.a
END GROUP
START GROUP
LOAD c:/program files (x86)/atmel/studio/7.0/toolchain/arm/arm-gnu-toolchain/bin/../lib/gcc/arm-none-eabi/6.3.1/thumb/v7e-m\libgcc.a
LOAD c:/program files (x86)/atmel/studio/7.0/toolchain/arm/arm-gnu-toolchain/bin/../lib/gcc/arm-none-eabi/6.3.1/../../../../arm-none-eabi/lib/thumb/v7e-m\libc.a
END GROUP
LOAD c:/program files (x86)/atmel/studio/7.0/toolchain/arm/arm-gnu-toolchain/bin/../lib/gcc/arm-none-eabi/6.3.1/thumb/v7e-m/crtend.o
LOAD c:/program files (x86)/atmel/studio/7.0/toolchain/arm/arm-gnu-toolchain/bin/../lib/gcc/arm-none-eabi/6.3.1/thumb/v7e-m/crtn.o
                0x00003000                __stack_size__ = DEFINED (__stack_size__)?__stack_size__:0x3000
                0x20027ffc                __ram_end__ = ((ORIGIN (ram) + LENGTH (ram)) - 0x4)

.text           0x00400000    0x1ce10
                0x00400000                . = ALIGN (0x4)
                0x00400000                _sfixed = .
 *(.vectors .vectors.*)
 .vectors       0x00400000       0xcc src/ASF/sam/utils/cmsis/sam4s/source/templates/gcc/startup_sam4s.o
                0x00400000                exception_table
 *(.text .text.* .gnu.linkonce.t.*)
 .text          0x004000cc       0x6c c:/program files (x86)/atmel/studio/7.0/toolchain/arm/arm-gnu-toolchain/bin/../lib/gcc/arm-none-eabi/6.3.1/thumb/v7e-m/crtbegin.o
 .text.chip_isr
                0x00400138       0x18 src/host_drv/bsp/source/nm_bsp_sam4s.o
 .text.nm_bsp_sleep
                0x00400150       0x18 src/host_drv/bsp/source/nm_bsp_sam4s.o
                0x00400150                nm_bsp_sleep
 .text.nm_bsp_reset
                0x00400168       0x38 src/host_drv/bsp/source/nm_bsp_sam4s.o
                0x00400168                nm_bsp_reset
 .text.nm_bsp_init
                0x004001a0       0x48 src/host_drv/bsp/source/nm_bsp_sam4s.o
                0x004001a0                nm_bsp_init
 .text.nm_bsp_register_isr
                0x004001e8       0x68 src/host_drv/bsp/source/nm_bsp_sam4s.o
                0x004001e8                nm_bsp_register_isr
 .text.nm_bsp_interrupt_ctrl
                0x00400250       0x1c src/host_drv/bsp/source/nm_bsp_sam4s.o
                0x00400250                nm_bsp_interrupt_ctrl
 .text.nm_spi_rw
                0x0040026c       0x78 src/host_drv/bus_wrapper/source/nm_bus_wrapper_sam4s.o
                0x0040026c                nm_spi_rw
 .text.nm_bus_init
                0x004002e4       0xf4 src/host_drv/bus_wrapper/source/nm_bus_wrapper_sam4s.o
                0x004002e4                nm_bus_init
 .text.nm_bus_deinit
                0x004003d8        0x4 src/host_drv/bus_wrapper/source/nm_bus_wrapper_sam4s.o
                0x004003d8                nm_bus_deinit
 .text.m2m_memcpy
                0x004003dc       0x14 src/host_drv/common/source/nm_common.o
                0x004003dc                m2m_memcpy
 .text.m2m_memset
                0x004003f0        0xe src/host_drv/common/source/nm_common.o
                0x004003f0                m2m_memset
 .text.m2m_strlen
                0x004003fe       0x12 src/host_drv/common/source/nm_common.o
                0x004003fe                m2m_strlen
 .text.m2m_memcmp
                0x00400410       0x1c src/host_drv/common/source/nm_common.o
                0x00400410                m2m_memcmp
 .text.hexstr_2_bytes
                0x0040042c       0x60 src/host_drv/common/source/nm_common.o
                0x0040042c                hexstr_2_bytes
 .text.m2m_hif_cb
                0x0040048c        0x2 src/host_drv/driver/source/m2m_hif.o
 *fill*         0x0040048e        0x2 
 .text.isr      0x00400490       0x18 src/host_drv/driver/source/m2m_hif.o
 .text.hif_set_rx_done
                0x004004a8       0x48 src/host_drv/driver/source/m2m_hif.o
 .text.hif_chip_wake
                0x004004f0       0x30 src/host_drv/driver/source/m2m_hif.o
                0x004004f0                hif_chip_wake
 .text.hif_set_sleep_mode
                0x00400520        0xc src/host_drv/driver/source/m2m_hif.o
                0x00400520                hif_set_sleep_mode
 .text.hif_chip_sleep_sc
                0x0040052c       0x18 src/host_drv/driver/source/m2m_hif.o
                0x0040052c                hif_chip_sleep_sc
 .text.hif_chip_sleep
                0x00400544       0x28 src/host_drv/driver/source/m2m_hif.o
                0x00400544                hif_chip_sleep
 .text.hif_deinit
                0x0040056c       0x24 src/host_drv/driver/source/m2m_hif.o
                0x0040056c                hif_deinit
 .text.hif_send
                0x00400590      0x238 src/host_drv/driver/source/m2m_hif.o
                0x00400590                hif_send
 .text.hif_yield
                0x004007c8        0xc src/host_drv/driver/source/m2m_hif.o
                0x004007c8                hif_yield
 .text.hif_handle_isr
                0x004007d4      0x344 src/host_drv/driver/source/m2m_hif.o
                0x004007d4                hif_handle_isr
 .text.hif_receive
                0x00400b18       0xc4 src/host_drv/driver/source/m2m_hif.o
                0x00400b18                hif_receive
 .text.hif_register_cb
                0x00400bdc       0x7c src/host_drv/driver/source/m2m_hif.o
                0x00400bdc                hif_register_cb
 .text.hif_init
                0x00400c58       0x38 src/host_drv/driver/source/m2m_hif.o
                0x00400c58                hif_init
 .text.m2m_ota_cb
                0x00400c90      0x1a0 src/host_drv/driver/source/m2m_ota.o
 .text.m2m_ota_init
                0x00400e30       0x90 src/host_drv/driver/source/m2m_ota.o
                0x00400e30                m2m_ota_init
 .text.m2m_ota_start_update
                0x00400ec0       0x2c src/host_drv/driver/source/m2m_ota.o
                0x00400ec0                m2m_ota_start_update
 .text.m2m_ota_rollback
                0x00400eec       0x1c src/host_drv/driver/source/m2m_ota.o
                0x00400eec                m2m_ota_rollback
 .text.m2m_ota_abort
                0x00400f08       0x1c src/host_drv/driver/source/m2m_ota.o
                0x00400f08                m2m_ota_abort
 .text.m2m_ota_switch_firmware
                0x00400f24       0x1c src/host_drv/driver/source/m2m_ota.o
                0x00400f24                m2m_ota_switch_firmware
 .text.m2m_ota_get_firmware_version
                0x00400f40       0x28 src/host_drv/driver/source/m2m_ota.o
                0x00400f40                m2m_ota_get_firmware_version
 .text.m2m_ota_host_file_get
                0x00400f68       0xa8 src/host_drv/driver/source/m2m_ota.o
                0x00400f68                m2m_ota_host_file_get
 .text.m2m_ota_host_file_read_hif
                0x00401010       0x50 src/host_drv/driver/source/m2m_ota.o
                0x00401010                m2m_ota_host_file_read_hif
 .text.m2m_ota_host_file_read_spi
                0x00401060       0xec src/host_drv/driver/source/m2m_ota.o
                0x00401060                m2m_ota_host_file_read_spi
 .text.m2m_ota_host_file_erase
                0x0040114c       0x48 src/host_drv/driver/source/m2m_ota.o
                0x0040114c                m2m_ota_host_file_erase
 .text.m2m_periph_pullup_ctrl
                0x00401194        0x8 src/host_drv/driver/source/m2m_periph.o
                0x00401194                m2m_periph_pullup_ctrl
 .text.m2m_ssl_cb
                0x0040119c      0x140 src/host_drv/driver/source/m2m_ssl.o
 .text.m2m_ssl_init
                0x004012dc       0x64 src/host_drv/driver/source/m2m_ssl.o
                0x004012dc                m2m_ssl_init
 .text.m2m_ssl_handshake_rsp
                0x00401340       0x1c src/host_drv/driver/source/m2m_ssl.o
                0x00401340                m2m_ssl_handshake_rsp
 .text.m2m_ssl_send_certs_to_winc
                0x0040135c      0x160 src/host_drv/driver/source/m2m_ssl.o
                0x0040135c                m2m_ssl_send_certs_to_winc
 .text.m2m_ssl_retrieve_next_for_verifying
                0x004014bc      0x1a8 src/host_drv/driver/source/m2m_ssl.o
                0x004014bc                m2m_ssl_retrieve_next_for_verifying
 .text.m2m_ssl_retrieve_cert
                0x00401664       0x28 src/host_drv/driver/source/m2m_ssl.o
                0x00401664                m2m_ssl_retrieve_cert
 .text.m2m_ssl_retrieve_hash
                0x0040168c       0x70 src/host_drv/driver/source/m2m_ssl.o
                0x0040168c                m2m_ssl_retrieve_hash
 .text.m2m_ssl_stop_retrieving
                0x004016fc       0x48 src/host_drv/driver/source/m2m_ssl.o
                0x004016fc                m2m_ssl_stop_retrieving
 .text.m2m_ssl_stop_processing_certs
                0x00401744        0x8 src/host_drv/driver/source/m2m_ssl.o
                0x00401744                m2m_ssl_stop_processing_certs
 .text.m2m_ssl_ecc_process_done
                0x0040174c        0xc src/host_drv/driver/source/m2m_ssl.o
                0x0040174c                m2m_ssl_ecc_process_done
 .text.m2m_ssl_set_active_ciphersuites
                0x00401758       0x24 src/host_drv/driver/source/m2m_ssl.o
                0x00401758                m2m_ssl_set_active_ciphersuites
 .text.m2m_wifi_cb
                0x0040177c      0x248 src/host_drv/driver/source/m2m_wifi.o
 .text.m2m_validate_ap_parameters
                0x004019c4      0x100 src/host_drv/driver/source/m2m_wifi.o
 .text.m2m_wifi_connect_prepare_msg
                0x00401ac4       0xac src/host_drv/driver/source/m2m_wifi.o
 .text.m2m_wifi_download_mode
                0x00401b70       0x24 src/host_drv/driver/source/m2m_wifi.o
                0x00401b70                m2m_wifi_download_mode
 .text.m2m_wifi_send_crl
                0x00401b94       0x20 src/host_drv/driver/source/m2m_wifi.o
                0x00401b94                m2m_wifi_send_crl
 .text.m2m_wifi_init_hold
                0x00401bb4       0x18 src/host_drv/driver/source/m2m_wifi.o
                0x00401bb4                m2m_wifi_init_hold
 .text.m2m_wifi_init_start
                0x00401bcc      0x1a4 src/host_drv/driver/source/m2m_wifi.o
                0x00401bcc                m2m_wifi_init_start
 .text.m2m_wifi_init
                0x00401d70       0x20 src/host_drv/driver/source/m2m_wifi.o
                0x00401d70                m2m_wifi_init
 .text.m2m_wifi_deinit
                0x00401d90       0x24 src/host_drv/driver/source/m2m_wifi.o
                0x00401d90                m2m_wifi_deinit
 .text.m2m_wifi_yield
                0x00401db4        0x8 src/host_drv/driver/source/m2m_wifi.o
                0x00401db4                m2m_wifi_yield
 .text.m2m_wifi_handle_events
                0x00401dbc        0x8 src/host_drv/driver/source/m2m_wifi.o
                0x00401dbc                m2m_wifi_handle_events
 .text.m2m_wifi_default_connect
                0x00401dc4       0x1c src/host_drv/driver/source/m2m_wifi.o
                0x00401dc4                m2m_wifi_default_connect
 .text.m2m_wifi_connect_open
                0x00401de0       0x34 src/host_drv/driver/source/m2m_wifi.o
                0x00401de0                m2m_wifi_connect_open
 .text.m2m_wifi_connect_psk
                0x00401e14       0xcc src/host_drv/driver/source/m2m_wifi.o
                0x00401e14                m2m_wifi_connect_psk
 .text.m2m_wifi_1x_set_option
                0x00401ee0       0xd4 src/host_drv/driver/source/m2m_wifi.o
                0x00401ee0                m2m_wifi_1x_set_option
 .text.m2m_wifi_connect_1x_mschap2
                0x00401fb4      0x118 src/host_drv/driver/source/m2m_wifi.o
                0x00401fb4                m2m_wifi_connect_1x_mschap2
 .text.m2m_wifi_connect_1x_tls
                0x004020cc      0x180 src/host_drv/driver/source/m2m_wifi.o
                0x004020cc                m2m_wifi_connect_1x_tls
 .text.m2m_wifi_connect_sc
                0x0040224c       0xe8 src/host_drv/driver/source/m2m_wifi.o
                0x0040224c                m2m_wifi_connect_sc
 .text.m2m_wifi_connect
                0x00402334       0x18 src/host_drv/driver/source/m2m_wifi.o
                0x00402334                m2m_wifi_connect
 .text.m2m_wifi_disconnect
                0x0040234c       0x1c src/host_drv/driver/source/m2m_wifi.o
                0x0040234c                m2m_wifi_disconnect
 .text.m2m_wifi_set_mac_address
                0x00402368       0x30 src/host_drv/driver/source/m2m_wifi.o
                0x00402368                m2m_wifi_set_mac_address
 .text.m2m_wifi_set_static_ip
                0x00402398       0x20 src/host_drv/driver/source/m2m_wifi.o
                0x00402398                m2m_wifi_set_static_ip
 .text.m2m_wifi_set_lsn_int
                0x004023b8       0x20 src/host_drv/driver/source/m2m_wifi.o
                0x004023b8                m2m_wifi_set_lsn_int
 .text.m2m_wifi_set_cust_InfoElement
                0x004023d8       0x2c src/host_drv/driver/source/m2m_wifi.o
                0x004023d8                m2m_wifi_set_cust_InfoElement
 .text.m2m_wifi_set_scan_options
                0x00402404       0xe4 src/host_drv/driver/source/m2m_wifi.o
                0x00402404                m2m_wifi_set_scan_options
 .text.m2m_wifi_set_stop_scan_on_first
                0x004024e8       0x70 src/host_drv/driver/source/m2m_wifi.o
                0x004024e8                m2m_wifi_set_stop_scan_on_first
 .text.m2m_wifi_set_scan_region
                0x00402558       0x24 src/host_drv/driver/source/m2m_wifi.o
                0x00402558                m2m_wifi_set_scan_region
 .text.m2m_wifi_request_scan
                0x0040257c       0x4c src/host_drv/driver/source/m2m_wifi.o
                0x0040257c                m2m_wifi_request_scan
 .text.m2m_wifi_request_scan_passive
                0x004025c8       0x50 src/host_drv/driver/source/m2m_wifi.o
                0x004025c8                m2m_wifi_request_scan_passive
 .text.m2m_wifi_request_scan_ssid_list
                0x00402618       0x68 src/host_drv/driver/source/m2m_wifi.o
                0x00402618                m2m_wifi_request_scan_ssid_list
 .text.m2m_wifi_wps
                0x00402680       0x40 src/host_drv/driver/source/m2m_wifi.o
                0x00402680                m2m_wifi_wps
 .text.m2m_wifi_wps_disable
                0x004026c0       0x1c src/host_drv/driver/source/m2m_wifi.o
                0x004026c0                m2m_wifi_wps_disable
 .text.m2m_wifi_enable_ap_ext
                0x004026dc       0x30 src/host_drv/driver/source/m2m_wifi.o
                0x004026dc                m2m_wifi_enable_ap_ext
 .text.m2m_wifi_disable_ap
                0x0040270c       0x1c src/host_drv/driver/source/m2m_wifi.o
                0x0040270c                m2m_wifi_disable_ap
 .text.m2m_wifi_req_curr_rssi
                0x00402728       0x1c src/host_drv/driver/source/m2m_wifi.o
                0x00402728                m2m_wifi_req_curr_rssi
 .text.m2m_wifi_get_otp_mac_address
                0x00402744       0x2c src/host_drv/driver/source/m2m_wifi.o
                0x00402744                m2m_wifi_get_otp_mac_address
 .text.m2m_wifi_get_mac_address
                0x00402770       0x28 src/host_drv/driver/source/m2m_wifi.o
                0x00402770                m2m_wifi_get_mac_address
 .text.m2m_wifi_req_scan_result
                0x00402798       0x24 src/host_drv/driver/source/m2m_wifi.o
                0x00402798                m2m_wifi_req_scan_result
 .text.m2m_wifi_get_num_ap_found
                0x004027bc        0xc src/host_drv/driver/source/m2m_wifi.o
                0x004027bc                m2m_wifi_get_num_ap_found
 .text.m2m_wifi_set_sleep_mode
                0x004027c8       0x60 src/host_drv/driver/source/m2m_wifi.o
                0x004027c8                m2m_wifi_set_sleep_mode
 .text.m2m_wifi_set_device_name
                0x00402828       0x38 src/host_drv/driver/source/m2m_wifi.o
                0x00402828                m2m_wifi_set_device_name
 .text.m2m_wifi_configure_sntp
                0x00402860       0x48 src/host_drv/driver/source/m2m_wifi.o
                0x00402860                m2m_wifi_configure_sntp
 .text.m2m_wifi_get_firmware_version
                0x004028a8       0x28 src/host_drv/driver/source/m2m_wifi.o
                0x004028a8                m2m_wifi_get_firmware_version
 .text.m2m_wifi_start_provision_mode_ext
                0x004028d0       0xa8 src/host_drv/driver/source/m2m_wifi.o
                0x004028d0                m2m_wifi_start_provision_mode_ext
 .text.m2m_wifi_stop_provision_mode
                0x00402978       0x1c src/host_drv/driver/source/m2m_wifi.o
                0x00402978                m2m_wifi_stop_provision_mode
 .text.m2m_wifi_get_connection_info
                0x00402994       0x1c src/host_drv/driver/source/m2m_wifi.o
                0x00402994                m2m_wifi_get_connection_info
 .text.m2m_wifi_set_system_time
                0x004029b0       0x24 src/host_drv/driver/source/m2m_wifi.o
                0x004029b0                m2m_wifi_set_system_time
 .text.m2m_wifi_get_system_time
                0x004029d4       0x1c src/host_drv/driver/source/m2m_wifi.o
                0x004029d4                m2m_wifi_get_system_time
 .text.m2m_wifi_enable_sntp
                0x004029f0       0x24 src/host_drv/driver/source/m2m_wifi.o
                0x004029f0                m2m_wifi_enable_sntp
 .text.m2m_wifi_set_power_profile
                0x00402a14       0x24 src/host_drv/driver/source/m2m_wifi.o
                0x00402a14                m2m_wifi_set_power_profile
 .text.m2m_wifi_set_tx_power
                0x00402a38       0x24 src/host_drv/driver/source/m2m_wifi.o
                0x00402a38                m2m_wifi_set_tx_power
 .text.m2m_wifi_enable_firmware_logs
                0x00402a5c       0x24 src/host_drv/driver/source/m2m_wifi.o
                0x00402a5c                m2m_wifi_enable_firmware_logs
 .text.m2m_wifi_set_battery_voltage
                0x00402a80       0x28 src/host_drv/driver/source/m2m_wifi.o
                0x00402a80                m2m_wifi_set_battery_voltage
 .text.m2m_wifi_prng_get_random_bytes
                0x00402aa8       0x6c src/host_drv/driver/source/m2m_wifi.o
                0x00402aa8                m2m_wifi_prng_get_random_bytes
 .text.m2m_wifi_conf_auto_rate
                0x00402b14       0x20 src/host_drv/driver/source/m2m_wifi.o
                0x00402b14                m2m_wifi_conf_auto_rate
 .text.m2m_wifi_reinit_hold
                0x00402b34       0x18 src/host_drv/driver/source/m2m_wifi.o
                0x00402b34                m2m_wifi_reinit_hold
 .text.m2m_wifi_reinit
                0x00402b4c       0x20 src/host_drv/driver/source/m2m_wifi.o
                0x00402b4c                m2m_wifi_reinit
 .text.m2m_wifi_get_state
                0x00402b6c        0xc src/host_drv/driver/source/m2m_wifi.o
                0x00402b6c                m2m_wifi_get_state
 .text.m2m_wifi_enable_roaming
                0x00402b78       0x34 src/host_drv/driver/source/m2m_wifi.o
                0x00402b78                m2m_wifi_enable_roaming
 .text.m2m_wifi_disable_roaming
                0x00402bac       0x24 src/host_drv/driver/source/m2m_wifi.o
                0x00402bac                m2m_wifi_disable_roaming
 .text.m2m_wifi_enable_XO_during_sleep
                0x00402bd0       0x30 src/host_drv/driver/source/m2m_wifi.o
                0x00402bd0                m2m_wifi_enable_XO_during_sleep
 .text.chip_apply_conf
                0x00402c00       0x38 src/host_drv/driver/source/nmasic.o
                0x00402c00                chip_apply_conf
 .text.enable_interrupts
                0x00402c38       0x4c src/host_drv/driver/source/nmasic.o
                0x00402c38                enable_interrupts
 .text.cpu_start
                0x00402c84       0xa0 src/host_drv/driver/source/nmasic.o
                0x00402c84                cpu_start
 .text.nmi_get_chipid
                0x00402d24       0x98 src/host_drv/driver/source/nmasic.o
                0x00402d24                nmi_get_chipid
 .text.chip_sleep
                0x00402dbc       0x5c src/host_drv/driver/source/nmasic.o
                0x00402dbc                chip_sleep
 .text.chip_wake
                0x00402e18       0xe0 src/host_drv/driver/source/nmasic.o
                0x00402e18                chip_wake
 .text.cpu_halt
                0x00402ef8       0x68 src/host_drv/driver/source/nmasic.o
                0x00402ef8                cpu_halt
 .text.chip_reset
                0x00402f60       0x20 src/host_drv/driver/source/nmasic.o
                0x00402f60                chip_reset
 .text.chip_reset_and_cpu_halt
                0x00402f80       0x24 src/host_drv/driver/source/nmasic.o
                0x00402f80                chip_reset_and_cpu_halt
 .text.wait_for_bootrom
                0x00402fa4       0xf8 src/host_drv/driver/source/nmasic.o
                0x00402fa4                wait_for_bootrom
 .text.wait_for_firmware_start
                0x0040309c       0x74 src/host_drv/driver/source/nmasic.o
                0x0040309c                wait_for_firmware_start
 .text.chip_deinit
                0x00403110       0x74 src/host_drv/driver/source/nmasic.o
                0x00403110                chip_deinit
 .text.pullup_ctrl
                0x00403184       0x88 src/host_drv/driver/source/nmasic.o
                0x00403184                pullup_ctrl
 .text.nmi_get_otp_mac_address
                0x0040320c       0x80 src/host_drv/driver/source/nmasic.o
                0x0040320c                nmi_get_otp_mac_address
 .text.nmi_get_mac_address
                0x0040328c       0x5c src/host_drv/driver/source/nmasic.o
                0x0040328c                nmi_get_mac_address
 .text.nm_bus_iface_init
                0x004032e8        0x8 src/host_drv/driver/source/nmbus.o
                0x004032e8                nm_bus_iface_init
 .text.nm_bus_iface_deinit
                0x004032f0        0x8 src/host_drv/driver/source/nmbus.o
                0x004032f0                nm_bus_iface_deinit
 .text.nm_bus_reset
                0x004032f8        0x8 src/host_drv/driver/source/nmbus.o
                0x004032f8                nm_bus_reset
 .text.nm_read_reg
                0x00403300        0x8 src/host_drv/driver/source/nmbus.o
                0x00403300                nm_read_reg
 .text.nm_read_reg_with_ret
                0x00403308        0x8 src/host_drv/driver/source/nmbus.o
                0x00403308                nm_read_reg_with_ret
 .text.nm_write_reg
                0x00403310        0x8 src/host_drv/driver/source/nmbus.o
                0x00403310                nm_write_reg
 .text.nm_read_block
                0x00403318       0x44 src/host_drv/driver/source/nmbus.o
                0x00403318                nm_read_block
 .text.nm_write_block
                0x0040335c       0x44 src/host_drv/driver/source/nmbus.o
                0x0040335c                nm_write_block
 .text.nm_get_firmware_full_info
                0x004033a0       0xb4 src/host_drv/driver/source/nmdrv.o
                0x004033a0                nm_get_firmware_full_info
 .text.nm_get_ota_firmware_info
                0x00403454       0xbc src/host_drv/driver/source/nmdrv.o
                0x00403454                nm_get_ota_firmware_info
 .text.nm_drv_init_download_mode
                0x00403510       0x94 src/host_drv/driver/source/nmdrv.o
                0x00403510                nm_drv_init_download_mode
 .text.nm_drv_init_hold
                0x004035a4       0x70 src/host_drv/driver/source/nmdrv.o
                0x004035a4                nm_drv_init_hold
 .text.nm_drv_init_start
                0x00403614       0x88 src/host_drv/driver/source/nmdrv.o
                0x00403614                nm_drv_init_start
 .text.nm_drv_deinit
                0x0040369c       0x94 src/host_drv/driver/source/nmdrv.o
                0x0040369c                nm_drv_deinit
 .text.spi_cmd  0x00403730      0x180 src/host_drv/driver/source/nmspi.o
 .text.spi_data_read
                0x004038b0      0x108 src/host_drv/driver/source/nmspi.o
 .text.spi_cmd_rsp
                0x004039b8       0x9c src/host_drv/driver/source/nmspi.o
 .text.nm_spi_reset
                0x00403a54       0xa0 src/host_drv/driver/source/nmspi.o
                0x00403a54                nm_spi_reset
 .text.nm_spi_write_reg
                0x00403af4       0xf0 src/host_drv/driver/source/nmspi.o
                0x00403af4                nm_spi_write_reg
 .text.nm_spi_read_reg_with_ret
                0x00403be4      0x154 src/host_drv/driver/source/nmspi.o
                0x00403be4                nm_spi_read_reg_with_ret
 .text.nm_spi_deinit
                0x00403d38        0xc src/host_drv/driver/source/nmspi.o
                0x00403d38                nm_spi_deinit
 .text.nm_spi_read_reg
                0x00403d44       0x14 src/host_drv/driver/source/nmspi.o
                0x00403d44                nm_spi_read_reg
 .text.nm_spi_init
                0x00403d58      0x10c src/host_drv/driver/source/nmspi.o
                0x00403d58                nm_spi_init
 .text.nm_spi_read_block
                0x00403e64      0x130 src/host_drv/driver/source/nmspi.o
                0x00403e64                nm_spi_read_block
 .text.nm_spi_write_block
                0x00403f94      0x240 src/host_drv/driver/source/nmspi.o
                0x00403f94                nm_spi_write_block
 .text.Socket_ReadSocketData
                0x004041d4       0xd0 src/host_drv/socket/source/socket.o
                0x004041d4                Socket_ReadSocketData
 .text.m2m_ip_cb
                0x004042a4      0x354 src/host_drv/socket/source/socket.o
 .text.socketInit
                0x004045f8       0x40 src/host_drv/socket/source/socket.o
                0x004045f8                socketInit
 .text.socketDeinit
                0x00404638       0x3c src/host_drv/socket/source/socket.o
                0x00404638                socketDeinit
 .text.registerSocketCallback
                0x00404674       0x14 src/host_drv/socket/source/socket.o
                0x00404674                registerSocketCallback
 .text.socket   0x00404688      0x13c src/host_drv/socket/source/socket.o
                0x00404688                socket
 .text.bind     0x004047c4       0x6c src/host_drv/socket/source/socket.o
                0x004047c4                bind
 .text.listen   0x00404830       0x54 src/host_drv/socket/source/socket.o
                0x00404830                listen
 .text.accept   0x00404884       0x24 src/host_drv/socket/source/socket.o
                0x00404884                accept
 .text.connect  0x004048a8       0x78 src/host_drv/socket/source/socket.o
                0x004048a8                connect
 .text.secure   0x00404920       0x74 src/host_drv/socket/source/socket.o
                0x00404920                secure
 .text.send     0x00404994       0x80 src/host_drv/socket/source/socket.o
                0x00404994                send
 .text.sendto   0x00404a14       0x94 src/host_drv/socket/source/socket.o
                0x00404a14                sendto
 .text.recv     0x00404aa8       0x8c src/host_drv/socket/source/socket.o
                0x00404aa8                recv
 .text.close    0x00404b34       0x94 src/host_drv/socket/source/socket.o
                0x00404b34                close
 .text.recvfrom
                0x00404bc8       0x84 src/host_drv/socket/source/socket.o
                0x00404bc8                recvfrom
 .text.nmi_inet_addr
                0x00404c4c       0x60 src/host_drv/socket/source/socket.o
                0x00404c4c                nmi_inet_addr
 .text.gethostbyname
                0x00404cac       0x34 src/host_drv/socket/source/socket.o
                0x00404cac                gethostbyname
 .text.setsockopt
                0x00404ce0      0x180 src/host_drv/socket/source/socket.o
                0x00404ce0                setsockopt
 .text.m2m_ping_req
                0x00404e60       0x4c src/host_drv/socket/source/socket.o
                0x00404e60                m2m_ping_req
 .text.set_alpn_list
                0x00404eac       0x98 src/host_drv/socket/source/socket.o
                0x00404eac                set_alpn_list
 .text.get_alpn_index
                0x00404f44       0x28 src/host_drv/socket/source/socket.o
                0x00404f44                get_alpn_index
 .text.sslEnableCertExpirationCheck
                0x00404f6c       0x24 src/host_drv/socket/source/socket.o
                0x00404f6c                sslEnableCertExpirationCheck
 .text.IsSocketReady
                0x00404f90        0xc src/host_drv/socket/source/socket.o
                0x00404f90                IsSocketReady
 .text.get_error_detail
                0x00404f9c       0x28 src/host_drv/socket/source/socket.o
                0x00404f9c                get_error_detail
 .text.spi_flash_load_to_cortus_mem.constprop.2
                0x00404fc4       0x9c src/host_drv/spi_flash/source/spi_flash.o
 .text.spi_flash_enable
                0x00405060       0xd4 src/host_drv/spi_flash/source/spi_flash.o
                0x00405060                spi_flash_enable
 .text.spi_flash_read
                0x00405134       0x64 src/host_drv/spi_flash/source/spi_flash.o
                0x00405134                spi_flash_read
 .text.spi_flexible_flash_find_section
                0x00405198       0x80 src/common/spi_flash_mapping/flexible_flash.o
                0x00405198                spi_flexible_flash_find_section
 .text.atcacert_read_cert
                0x00405218       0xf0 src/host_apps/atecc505/cryptoauthlib/lib/atcacert/atcacert_client.o
                0x00405218                atcacert_read_cert
 .text.uint_to_str
                0x00405308       0x34 src/host_apps/atecc505/cryptoauthlib/lib/atcacert/atcacert_date.o
 .text.str_to_int
                0x0040533c       0x68 src/host_apps/atecc505/cryptoauthlib/lib/atcacert/atcacert_date.o
 .text.atcacert_gmtime32.isra.1
                0x004053a4       0xf4 src/host_apps/atecc505/cryptoauthlib/lib/atcacert/atcacert_date.o
 .text.atcacert_date_enc_posix_uint32.part.2
                0x00405498      0x124 src/host_apps/atecc505/cryptoauthlib/lib/atcacert/atcacert_date.o
 .text.atcacert_date_get_max_date
                0x004055bc       0x50 src/host_apps/atecc505/cryptoauthlib/lib/atcacert/atcacert_date.o
                0x004055bc                atcacert_date_get_max_date
 .text.atcacert_date_enc_iso8601_sep
                0x0040560c       0x90 src/host_apps/atecc505/cryptoauthlib/lib/atcacert/atcacert_date.o
                0x0040560c                atcacert_date_enc_iso8601_sep
 .text.atcacert_date_dec_iso8601_sep
                0x0040569c       0xc0 src/host_apps/atecc505/cryptoauthlib/lib/atcacert/atcacert_date.o
                0x0040569c                atcacert_date_dec_iso8601_sep
 .text.atcacert_date_enc_rfc5280_utc
                0x0040575c       0x78 src/host_apps/atecc505/cryptoauthlib/lib/atcacert/atcacert_date.o
                0x0040575c                atcacert_date_enc_rfc5280_utc
 .text.atcacert_date_dec_rfc5280_utc
                0x004057d4       0xa4 src/host_apps/atecc505/cryptoauthlib/lib/atcacert/atcacert_date.o
                0x004057d4                atcacert_date_dec_rfc5280_utc
 .text.atcacert_date_enc_rfc5280_gen
                0x00405878       0x74 src/host_apps/atecc505/cryptoauthlib/lib/atcacert/atcacert_date.o
                0x00405878                atcacert_date_enc_rfc5280_gen
 .text.atcacert_date_dec_rfc5280_gen
                0x004058ec       0x9c src/host_apps/atecc505/cryptoauthlib/lib/atcacert/atcacert_date.o
                0x004058ec                atcacert_date_dec_rfc5280_gen
 .text.atcacert_date_enc_posix_uint32_be
                0x00405988       0x30 src/host_apps/atecc505/cryptoauthlib/lib/atcacert/atcacert_date.o
                0x00405988                atcacert_date_enc_posix_uint32_be
 .text.atcacert_date_dec_posix_uint32_be
                0x004059b8       0x2c src/host_apps/atecc505/cryptoauthlib/lib/atcacert/atcacert_date.o
                0x004059b8                atcacert_date_dec_posix_uint32_be
 .text.atcacert_date_enc_posix_uint32_le
                0x004059e4       0x30 src/host_apps/atecc505/cryptoauthlib/lib/atcacert/atcacert_date.o
                0x004059e4                atcacert_date_enc_posix_uint32_le
 .text.atcacert_date_enc
                0x00405a14       0x74 src/host_apps/atecc505/cryptoauthlib/lib/atcacert/atcacert_date.o
                0x00405a14                atcacert_date_enc
 .text.atcacert_date_dec_posix_uint32_le
                0x00405a88       0x18 src/host_apps/atecc505/cryptoauthlib/lib/atcacert/atcacert_date.o
                0x00405a88                atcacert_date_dec_posix_uint32_le
 .text.atcacert_date_dec
                0x00405aa0       0x60 src/host_apps/atecc505/cryptoauthlib/lib/atcacert/atcacert_date.o
                0x00405aa0                atcacert_date_dec
 .text.atcacert_date_enc_compcert
                0x00405b00       0x98 src/host_apps/atecc505/cryptoauthlib/lib/atcacert/atcacert_date.o
                0x00405b00                atcacert_date_enc_compcert
 .text.atcacert_date_dec_compcert
                0x00405b98       0x9c src/host_apps/atecc505/cryptoauthlib/lib/atcacert/atcacert_date.o
                0x00405b98                atcacert_date_dec_compcert
 .text.atcacert_is_device_loc_match
                0x00405c34       0x52 src/host_apps/atecc505/cryptoauthlib/lib/atcacert/atcacert_def.o
 .text.uint8_to_hex
                0x00405c86       0x1e src/host_apps/atecc505/cryptoauthlib/lib/atcacert/atcacert_def.o
 .text.hex_to_uint8
                0x00405ca4       0x68 src/host_apps/atecc505/cryptoauthlib/lib/atcacert/atcacert_def.o
 .text.get_effective_offset
                0x00405d0c       0x26 src/host_apps/atecc505/cryptoauthlib/lib/atcacert/atcacert_def.o
 .text.atcacert_merge_device_loc
                0x00405d32       0xfe src/host_apps/atecc505/cryptoauthlib/lib/atcacert/atcacert_def.o
                0x00405d32                atcacert_merge_device_loc
 .text.atcacert_get_device_locs
                0x00405e30       0xf0 src/host_apps/atecc505/cryptoauthlib/lib/atcacert/atcacert_def.o
                0x00405e30                atcacert_get_device_locs
 .text.atcacert_set_cert_element
                0x00405f20       0x70 src/host_apps/atecc505/cryptoauthlib/lib/atcacert/atcacert_def.o
                0x00405f20                atcacert_set_cert_element
 .text.atcacert_set_signature
                0x00405f90       0xc4 src/host_apps/atecc505/cryptoauthlib/lib/atcacert/atcacert_def.o
                0x00405f90                atcacert_set_signature
 .text.atcacert_set_issue_date
                0x00406054       0x54 src/host_apps/atecc505/cryptoauthlib/lib/atcacert/atcacert_def.o
                0x00406054                atcacert_set_issue_date
 .text.atcacert_set_expire_date
                0x004060a8       0x54 src/host_apps/atecc505/cryptoauthlib/lib/atcacert/atcacert_def.o
                0x004060a8                atcacert_set_expire_date
 .text.atcacert_set_signer_id
                0x004060fc       0x50 src/host_apps/atecc505/cryptoauthlib/lib/atcacert/atcacert_def.o
                0x004060fc                atcacert_set_signer_id
 .text.atcacert_set_comp_cert
                0x0040614c       0xcc src/host_apps/atecc505/cryptoauthlib/lib/atcacert/atcacert_def.o
                0x0040614c                atcacert_set_comp_cert
 .text.atcacert_set_cert_sn
                0x00406218       0xe4 src/host_apps/atecc505/cryptoauthlib/lib/atcacert/atcacert_def.o
                0x00406218                atcacert_set_cert_sn
 .text.atcacert_get_cert_element
                0x004062fc       0x60 src/host_apps/atecc505/cryptoauthlib/lib/atcacert/atcacert_def.o
                0x004062fc                atcacert_get_cert_element
 .text.atcacert_get_subj_public_key
                0x0040635c       0x28 src/host_apps/atecc505/cryptoauthlib/lib/atcacert/atcacert_def.o
                0x0040635c                atcacert_get_subj_public_key
 .text.atcacert_get_issue_date
                0x00406384       0x5c src/host_apps/atecc505/cryptoauthlib/lib/atcacert/atcacert_def.o
                0x00406384                atcacert_get_issue_date
 .text.atcacert_get_signer_id
                0x004063e0       0x44 src/host_apps/atecc505/cryptoauthlib/lib/atcacert/atcacert_def.o
                0x004063e0                atcacert_get_signer_id
 .text.atcacert_gen_cert_sn
                0x00406424      0x180 src/host_apps/atecc505/cryptoauthlib/lib/atcacert/atcacert_def.o
                0x00406424                atcacert_gen_cert_sn
 .text.atcacert_cert_build_finish
                0x004065a4       0x28 src/host_apps/atecc505/cryptoauthlib/lib/atcacert/atcacert_def.o
                0x004065a4                atcacert_cert_build_finish
 .text.atcacert_get_cert_sn
                0x004065cc       0x38 src/host_apps/atecc505/cryptoauthlib/lib/atcacert/atcacert_def.o
                0x004065cc                atcacert_get_cert_sn
 .text.atcacert_get_key_id
                0x00406604       0x38 src/host_apps/atecc505/cryptoauthlib/lib/atcacert/atcacert_def.o
                0x00406604                atcacert_get_key_id
 .text.atcacert_set_subj_public_key
                0x0040663c       0x5c src/host_apps/atecc505/cryptoauthlib/lib/atcacert/atcacert_def.o
                0x0040663c                atcacert_set_subj_public_key
 .text.atcacert_set_auth_key_id
                0x00406698       0x40 src/host_apps/atecc505/cryptoauthlib/lib/atcacert/atcacert_def.o
                0x00406698                atcacert_set_auth_key_id
 .text.atcacert_cert_build_start
                0x004066d8       0xa8 src/host_apps/atecc505/cryptoauthlib/lib/atcacert/atcacert_def.o
                0x004066d8                atcacert_cert_build_start
 .text.atcacert_public_key_remove_padding
                0x00406780       0x24 src/host_apps/atecc505/cryptoauthlib/lib/atcacert/atcacert_def.o
                0x00406780                atcacert_public_key_remove_padding
 .text.atcacert_cert_build_process
                0x004067a4      0x160 src/host_apps/atecc505/cryptoauthlib/lib/atcacert/atcacert_def.o
                0x004067a4                atcacert_cert_build_process
 .text.atcacert_der_enc_length
                0x00406904       0x60 src/host_apps/atecc505/cryptoauthlib/lib/atcacert/atcacert_der.o
                0x00406904                atcacert_der_enc_length
 .text.atcacert_der_dec_length
                0x00406964       0x66 src/host_apps/atecc505/cryptoauthlib/lib/atcacert/atcacert_der.o
                0x00406964                atcacert_der_dec_length
 *fill*         0x004069ca        0x2 
 .text.atcacert_der_adjust_length
                0x004069cc       0x70 src/host_apps/atecc505/cryptoauthlib/lib/atcacert/atcacert_der.o
                0x004069cc                atcacert_der_adjust_length
 .text.atcacert_der_enc_integer
                0x00406a3c       0xd8 src/host_apps/atecc505/cryptoauthlib/lib/atcacert/atcacert_der.o
                0x00406a3c                atcacert_der_enc_integer
 .text.atcacert_der_enc_ecdsa_sig_value
                0x00406b14       0xa8 src/host_apps/atecc505/cryptoauthlib/lib/atcacert/atcacert_der.o
                0x00406b14                atcacert_der_enc_ecdsa_sig_value
 .text.deleteATCACommand
                0x00406bbc       0x18 src/host_apps/atecc505/cryptoauthlib/lib/atca_command.o
                0x00406bbc                deleteATCACommand
 .text.atInitExecTimes
                0x00406bd4       0x20 src/host_apps/atecc505/cryptoauthlib/lib/atca_command.o
                0x00406bd4                atInitExecTimes
 .text.newATCACommand
                0x00406bf4       0x30 src/host_apps/atecc505/cryptoauthlib/lib/atca_command.o
                0x00406bf4                newATCACommand
 .text.atGetExecTime
                0x00406c24        0x8 src/host_apps/atecc505/cryptoauthlib/lib/atca_command.o
                0x00406c24                atGetExecTime
 .text.atCRC    0x00406c2c       0x46 src/host_apps/atecc505/cryptoauthlib/lib/atca_command.o
                0x00406c2c                atCRC
 *fill*         0x00406c72        0x2 
 .text.atCalcCrc
                0x00406c74       0x14 src/host_apps/atecc505/cryptoauthlib/lib/atca_command.o
                0x00406c74                atCalcCrc
 .text.atECDH   0x00406c88       0x20 src/host_apps/atecc505/cryptoauthlib/lib/atca_command.o
                0x00406c88                atECDH
 .text.atGenKey
                0x00406ca8       0x2c src/host_apps/atecc505/cryptoauthlib/lib/atca_command.o
                0x00406ca8                atGenKey
 .text.atInfo   0x00406cd4       0x1c src/host_apps/atecc505/cryptoauthlib/lib/atca_command.o
                0x00406cd4                atInfo
 .text.atNonce  0x00406cf0       0x38 src/host_apps/atecc505/cryptoauthlib/lib/atca_command.o
                0x00406cf0                atNonce
 .text.atRandom
                0x00406d28       0x20 src/host_apps/atecc505/cryptoauthlib/lib/atca_command.o
                0x00406d28                atRandom
 .text.atRead   0x00406d48       0x28 src/host_apps/atecc505/cryptoauthlib/lib/atca_command.o
                0x00406d48                atRead
 .text.atSign   0x00406d70       0x20 src/host_apps/atecc505/cryptoauthlib/lib/atca_command.o
                0x00406d70                atSign
 .text.atVerify
                0x00406d90       0x3c src/host_apps/atecc505/cryptoauthlib/lib/atca_command.o
                0x00406d90                atVerify
 .text.isATCAError
                0x00406dcc       0x5c src/host_apps/atecc505/cryptoauthlib/lib/atca_command.o
                0x00406dcc                isATCAError
 .text.newATCADevice
                0x00406e28       0x44 src/host_apps/atecc505/cryptoauthlib/lib/atca_device.o
                0x00406e28                newATCADevice
 .text.atGetCommands
                0x00406e6c        0x4 src/host_apps/atecc505/cryptoauthlib/lib/atca_device.o
                0x00406e6c                atGetCommands
 .text.atGetIFace
                0x00406e70        0x4 src/host_apps/atecc505/cryptoauthlib/lib/atca_device.o
                0x00406e70                atGetIFace
 .text.deleteATCADevice
                0x00406e74       0x2c src/host_apps/atecc505/cryptoauthlib/lib/atca_device.o
                0x00406e74                deleteATCADevice
 .text.atsend   0x00406ea0        0x4 src/host_apps/atecc505/cryptoauthlib/lib/atca_iface.o
                0x00406ea0                atsend
 .text.atreceive
                0x00406ea4        0x4 src/host_apps/atecc505/cryptoauthlib/lib/atca_iface.o
                0x00406ea4                atreceive
 .text.atwake   0x00406ea8        0x4 src/host_apps/atecc505/cryptoauthlib/lib/atca_iface.o
                0x00406ea8                atwake
 .text.atidle   0x00406eac       0x18 src/host_apps/atecc505/cryptoauthlib/lib/atca_iface.o
                0x00406eac                atidle
 .text.atgetifacecfg
                0x00406ec4        0x4 src/host_apps/atecc505/cryptoauthlib/lib/atca_iface.o
                0x00406ec4                atgetifacecfg
 .text.deleteATCAIface
                0x00406ec8       0x24 src/host_apps/atecc505/cryptoauthlib/lib/atca_iface.o
                0x00406ec8                deleteATCAIface
 .text._atinit  0x00406eec       0x34 src/host_apps/atecc505/cryptoauthlib/lib/atca_iface.o
                0x00406eec                _atinit
 .text.atinit   0x00406f20       0x28 src/host_apps/atecc505/cryptoauthlib/lib/atca_iface.o
                0x00406f20                atinit
 .text.newATCAIface
                0x00406f48       0x30 src/host_apps/atecc505/cryptoauthlib/lib/atca_iface.o
                0x00406f48                newATCAIface
 .text.atcab_release
                0x00406f78       0x14 src/host_apps/atecc505/cryptoauthlib/lib/basic/atca_basic.o
                0x00406f78                atcab_release
 .text.atcab_init
                0x00406f8c       0x58 src/host_apps/atecc505/cryptoauthlib/lib/basic/atca_basic.o
                0x00406f8c                atcab_init
 .text.atcab_wakeup
                0x00406fe4       0x20 src/host_apps/atecc505/cryptoauthlib/lib/basic/atca_basic.o
                0x00406fe4                atcab_wakeup
 .text.atcab_idle
                0x00407004       0x20 src/host_apps/atecc505/cryptoauthlib/lib/basic/atca_basic.o
                0x00407004                atcab_idle
 .text._atcab_exit
                0x00407024        0x8 src/host_apps/atecc505/cryptoauthlib/lib/basic/atca_basic.o
 .text.atcab_info
                0x0040702c       0xd0 src/host_apps/atecc505/cryptoauthlib/lib/basic/atca_basic.o
                0x0040702c                atcab_info
 .text.atcab_random
                0x004070fc       0xe4 src/host_apps/atecc505/cryptoauthlib/lib/basic/atca_basic.o
                0x004070fc                atcab_random
 .text.atcab_genkey_base
                0x004071e0       0xe4 src/host_apps/atecc505/cryptoauthlib/lib/basic/atca_basic.o
                0x004071e0                atcab_genkey_base
 .text.atcab_genkey
                0x004072c4       0x18 src/host_apps/atecc505/cryptoauthlib/lib/basic/atca_basic.o
                0x004072c4                atcab_genkey
 .text.atcab_challenge
                0x004072dc       0xc4 src/host_apps/atecc505/cryptoauthlib/lib/basic/atca_basic.o
                0x004072dc                atcab_challenge
 .text.atcab_verify
                0x004073a0      0x11c src/host_apps/atecc505/cryptoauthlib/lib/basic/atca_basic.o
                0x004073a0                atcab_verify
 .text.atcab_verify_extern
                0x004074bc       0x50 src/host_apps/atecc505/cryptoauthlib/lib/basic/atca_basic.o
                0x004074bc                atcab_verify_extern
 .text.atcab_ecdh
                0x0040750c       0xf4 src/host_apps/atecc505/cryptoauthlib/lib/basic/atca_basic.o
                0x0040750c                atcab_ecdh
 .text.atcab_get_addr
                0x00407600       0x32 src/host_apps/atecc505/cryptoauthlib/lib/basic/atca_basic.o
                0x00407600                atcab_get_addr
 *fill*         0x00407632        0x2 
 .text.atcab_read_zone.part.6
                0x00407634       0xe0 src/host_apps/atecc505/cryptoauthlib/lib/basic/atca_basic.o
 .text.atcab_read_serial_number
                0x00407714       0x40 src/host_apps/atecc505/cryptoauthlib/lib/basic/atca_basic.o
                0x00407714                atcab_read_serial_number
 .text.atcab_get_zone_size
                0x00407754       0x6c src/host_apps/atecc505/cryptoauthlib/lib/basic/atca_basic.o
                0x00407754                atcab_get_zone_size
 .text.atcab_read_zone
                0x004077c0       0x28 src/host_apps/atecc505/cryptoauthlib/lib/basic/atca_basic.o
                0x004077c0                atcab_read_zone
 .text.atcab_sign_base
                0x004077e8       0xe4 src/host_apps/atecc505/cryptoauthlib/lib/basic/atca_basic.o
                0x004077e8                atcab_sign_base
 .text.atcab_sign
                0x004078cc       0x34 src/host_apps/atecc505/cryptoauthlib/lib/basic/atca_basic.o
                0x004078cc                atcab_sign
 .text.atcab_get_pubkey
                0x00407900       0x18 src/host_apps/atecc505/cryptoauthlib/lib/basic/atca_basic.o
                0x00407900                atcab_get_pubkey
 .text.atcab_read_bytes_zone
                0x00407918       0xdc src/host_apps/atecc505/cryptoauthlib/lib/basic/atca_basic.o
                0x00407918                atcab_read_bytes_zone
 .text.atcac_sw_sha1
                0x004079f4       0x34 src/host_apps/atecc505/cryptoauthlib/lib/crypto/atca_crypto_sw_sha1.o
                0x004079f4                atcac_sw_sha1
 .text.atcac_sw_sha2_256
                0x00407a28       0x34 src/host_apps/atecc505/cryptoauthlib/lib/crypto/atca_crypto_sw_sha2.o
                0x00407a28                atcac_sw_sha2_256
 .text.CL_hashInit
                0x00407a5c       0x34 src/host_apps/atecc505/cryptoauthlib/lib/crypto/hashes/sha1_routines.o
                0x00407a5c                CL_hashInit
 .text.shaEngine
                0x00407a90      0x124 src/host_apps/atecc505/cryptoauthlib/lib/crypto/hashes/sha1_routines.o
                0x00407a90                shaEngine
 .text.CL_hashUpdate
                0x00407bb4       0x88 src/host_apps/atecc505/cryptoauthlib/lib/crypto/hashes/sha1_routines.o
                0x00407bb4                CL_hashUpdate
 .text.CL_hashFinal
                0x00407c3c       0xb0 src/host_apps/atecc505/cryptoauthlib/lib/crypto/hashes/sha1_routines.o
                0x00407c3c                CL_hashFinal
 .text.sw_sha256_process
                0x00407cec      0x154 src/host_apps/atecc505/cryptoauthlib/lib/crypto/hashes/sha2_routines.o
 .text.sw_sha256_init
                0x00407e40       0x68 src/host_apps/atecc505/cryptoauthlib/lib/crypto/hashes/sha2_routines.o
                0x00407e40                sw_sha256_init
 .text.sw_sha256_update
                0x00407ea8       0x80 src/host_apps/atecc505/cryptoauthlib/lib/crypto/hashes/sha2_routines.o
                0x00407ea8                sw_sha256_update
 .text.sw_sha256_final
                0x00407f28       0x84 src/host_apps/atecc505/cryptoauthlib/lib/crypto/hashes/sha2_routines.o
                0x00407f28                sw_sha256_final
 .text.hal_iface_init
                0x00407fac       0x4c src/host_apps/atecc505/cryptoauthlib/lib/hal/atca_hal.o
                0x00407fac                hal_iface_init
 .text.hal_iface_release
                0x00407ff8       0x10 src/host_apps/atecc505/cryptoauthlib/lib/hal/atca_hal.o
                0x00407ff8                hal_iface_release
 .text.hal_i2c_init
                0x00408008       0xe8 src/host_apps/atecc505/cryptoauthlib/lib/hal/hal_sam4s_i2c_asf.o
                0x00408008                hal_i2c_init
 .text.hal_i2c_post_init
                0x004080f0        0x4 src/host_apps/atecc505/cryptoauthlib/lib/hal/hal_sam4s_i2c_asf.o
                0x004080f0                hal_i2c_post_init
 .text.hal_i2c_send
                0x004080f4       0x60 src/host_apps/atecc505/cryptoauthlib/lib/hal/hal_sam4s_i2c_asf.o
                0x004080f4                hal_i2c_send
 .text.hal_i2c_receive
                0x00408154       0x74 src/host_apps/atecc505/cryptoauthlib/lib/hal/hal_sam4s_i2c_asf.o
                0x00408154                hal_i2c_receive
 .text.change_i2c_speed
                0x004081c8       0x54 src/host_apps/atecc505/cryptoauthlib/lib/hal/hal_sam4s_i2c_asf.o
                0x004081c8                change_i2c_speed
 .text.hal_i2c_wake
                0x0040821c       0xe0 src/host_apps/atecc505/cryptoauthlib/lib/hal/hal_sam4s_i2c_asf.o
                0x0040821c                hal_i2c_wake
 .text.hal_i2c_idle
                0x004082fc       0x60 src/host_apps/atecc505/cryptoauthlib/lib/hal/hal_sam4s_i2c_asf.o
                0x004082fc                hal_i2c_idle
 .text.hal_i2c_sleep
                0x0040835c       0x60 src/host_apps/atecc505/cryptoauthlib/lib/hal/hal_sam4s_i2c_asf.o
                0x0040835c                hal_i2c_sleep
 .text.hal_i2c_release
                0x004083bc       0x58 src/host_apps/atecc505/cryptoauthlib/lib/hal/hal_sam4s_i2c_asf.o
                0x004083bc                hal_i2c_release
 .text.atca_delay_ms
                0x00408414       0x30 src/host_apps/atecc505/cryptoauthlib/lib/hal/hal_sam4s_timer_asf.o
                0x00408414                atca_delay_ms
 .text.atcatls_sign
                0x00408444       0x10 src/host_apps/atecc505/cryptoauthlib/lib/tls/atcatls.o
                0x00408444                atcatls_sign
 .text.atcatls_verify
                0x00408454       0x1c src/host_apps/atecc505/cryptoauthlib/lib/tls/atcatls.o
                0x00408454                atcatls_verify
 .text.atcatls_create_key
                0x00408470       0x10 src/host_apps/atecc505/cryptoauthlib/lib/tls/atcatls.o
                0x00408470                atcatls_create_key
 .text.atcatls_calc_pubkey
                0x00408480       0x10 src/host_apps/atecc505/cryptoauthlib/lib/tls/atcatls.o
                0x00408480                atcatls_calc_pubkey
 .text.bin2hex  0x00408490       0x4c src/host_apps/atecc505/ecc_crypto_ecc508.o
 .text.winc_certs_append_file_buf.constprop.0
                0x004084dc       0xdc src/host_apps/atecc505/ecc_crypto_ecc508.o
 .text.eccSendCertsToWINC
                0x004085b8      0x1e4 src/host_apps/atecc505/ecc_crypto_ecc508.o
 .text.eccReadAWSData
                0x0040879c       0x2c src/host_apps/atecc505/ecc_crypto_ecc508.o
                0x0040879c                eccReadAWSData
 .text.eccInit  0x004087c8       0xd4 src/host_apps/atecc505/ecc_crypto_ecc508.o
                0x004087c8                eccInit
 .text.eccTransferCertificates
                0x0040889c       0x44 src/host_apps/atecc505/ecc_crypto_ecc508.o
                0x0040889c                eccTransferCertificates
 .text.eccProcessREQ
                0x004088e0      0x234 src/host_apps/atecc505/ecc_crypto_ecc508.o
                0x004088e0                eccProcessREQ
 .text._tcc_callback_to_change_duty_cycle
                0x00408b14       0x54 src/host_apps/bsp/source/nm_bsp_sam4s_app.o
 .text.SysTick_Handler
                0x00408b68       0x1c src/host_apps/bsp/source/nm_bsp_sam4s_app.o
                0x00408b68                SysTick_Handler
 .text.nm_bsp_app_init
                0x00408b84       0x2c src/host_apps/bsp/source/nm_bsp_sam4s_app.o
                0x00408b84                nm_bsp_app_init
 .text.nm_bsp_start_timer
                0x00408bb0       0x1c src/host_apps/bsp/source/nm_bsp_sam4s_app.o
                0x00408bb0                nm_bsp_start_timer
 .text.nm_bsp_start_1ms_timer
                0x00408bcc        0xc src/host_apps/bsp/source/nm_bsp_sam4s_app.o
                0x00408bcc                nm_bsp_start_1ms_timer
 .text.nm_bsp_stop_1ms_timer
                0x00408bd8        0xc src/host_apps/bsp/source/nm_bsp_sam4s_app.o
                0x00408bd8                nm_bsp_stop_1ms_timer
 .text.SHA1ProcessBlock
                0x00408be4      0x178 src/host_apps/Hash/Hash.o
 .text.Sha_HashFinish
                0x00408d5c       0x74 src/host_apps/Hash/Hash.o
 .text.MD5ProcessBlock
                0x00408dd0      0x1a0 src/host_apps/Hash/Hash.o
 .text.Sha_HashUpdate
                0x00408f70       0x9c src/host_apps/Hash/Hash.o
 .text.SHA1_Hash
                0x0040900c      0x114 src/host_apps/Hash/Hash.o
                0x0040900c                SHA1_Hash
 .text.MD5_Hash
                0x00409120       0xc8 src/host_apps/Hash/Hash.o
                0x00409120                MD5_Hash
 .text.Iperf1msTimerCB
                0x004091e8       0x10 src/iperf/Iperf.o
 .text.IperfAddUint64
                0x004091f8       0x12 src/iperf/Iperf.o
 *fill*         0x0040920a        0x2 
 .text.IperfTCP_SendTestPacket
                0x0040920c       0x9c src/iperf/Iperf.o
 .text.inet_ntoa
                0x004092a8       0x34 src/iperf/Iperf.o
 .text.IperfUDP_SendTestPacket
                0x004092dc      0x170 src/iperf/Iperf.o
 .text.IperfIncrementTimerUse
                0x0040944c       0x34 src/iperf/Iperf.o
 .text.IperfCalculateBandwidthKbps
                0x00409480       0x40 src/iperf/Iperf.o
 .text.IperfPrintUdpServerStats
                0x004094c0       0x80 src/iperf/Iperf.o
 .text.IperfDecrementTimerUse
                0x00409540       0x54 src/iperf/Iperf.o
 .text.IperfInit
                0x00409594       0x58 src/iperf/Iperf.o
                0x00409594                IperfInit
 .text.IperfPrintStats
                0x004095ec       0xec src/iperf/Iperf.o
                0x004095ec                IperfPrintStats
 .text.IperfSocketClose
                0x004096d8       0xf4 src/iperf/Iperf.o
                0x004096d8                IperfSocketClose
 .text.IperfSocketEventHandler
                0x004097cc      0x5c8 src/iperf/Iperf.o
 .text.init_and_shuffle
                0x00409d94       0x4c src/iperf/Iperf.o
                0x00409d94                init_and_shuffle
 .text.IperfUpdate
                0x00409de0      0x2dc src/iperf/Iperf.o
                0x00409de0                IperfUpdate
 .text.IperfCreate
                0x0040a0bc      0x2d8 src/iperf/Iperf.o
                0x0040a0bc                IperfCreate
 .text.IperfStart
                0x0040a394       0x78 src/iperf/Iperf.o
                0x0040a394                IperfStart
 .text.IperfStop
                0x0040a40c       0x84 src/iperf/Iperf.o
                0x0040a40c                IperfStop
 .text.atCmd_MonDis_Handler
                0x0040a490        0x6 src/at_cmd_handler/at_cmd_Handler.o
                0x0040a490                atCmd_MonDis_Handler
 .text.decodeLength
                0x0040a496       0x30 src/at_cmd_handler/at_cmd_Handler.o
 *fill*         0x0040a4c6        0x2 
 .text.atCmd_List_Handler
                0x0040a4c8       0x90 src/at_cmd_handler/at_cmd_Handler.o
                0x0040a4c8                atCmd_List_Handler
 .text.atCmd_Help_Handler
                0x0040a558       0x88 src/at_cmd_handler/at_cmd_Handler.o
                0x0040a558                atCmd_Help_Handler
 .text.FileEraseCallback
                0x0040a5e0       0x3c src/at_cmd_handler/at_cmd_Handler.o
 .text.atCmd_AppConfig_Handler
                0x0040a61c      0x10c src/at_cmd_handler/at_cmd_Handler.o
                0x0040a61c                atCmd_AppConfig_Handler
 .text.atCmd_SetStaticIP_Handler
                0x0040a728       0xfc src/at_cmd_handler/at_cmd_Handler.o
                0x0040a728                atCmd_SetStaticIP_Handler
 .text.atCmd_TlsCrlReset_Handler
                0x0040a824       0x78 src/at_cmd_handler/at_cmd_Handler.o
                0x0040a824                atCmd_TlsCrlReset_Handler
 .text.atCmd_SslGlobalOption_Handler
                0x0040a89c       0xc0 src/at_cmd_handler/at_cmd_Handler.o
                0x0040a89c                atCmd_SslGlobalOption_Handler
 .text.atCmd_DisConnect_Handler
                0x0040a95c       0x4c src/at_cmd_handler/at_cmd_Handler.o
                0x0040a95c                atCmd_DisConnect_Handler
 .text.atCmd_Connect_Handler
                0x0040a9a8      0x1a4 src/at_cmd_handler/at_cmd_Handler.o
                0x0040a9a8                atCmd_Connect_Handler
 .text.PIperf_BuildInitConfig
                0x0040ab4c      0x1c4 src/at_cmd_handler/at_cmd_Handler.o
 .text.atCmd_PIperf_Start_Handler
                0x0040ad10       0x4c src/at_cmd_handler/at_cmd_Handler.o
                0x0040ad10                atCmd_PIperf_Start_Handler
 .text.atCmd_PIperf_Create_Handler
                0x0040ad5c       0x54 src/at_cmd_handler/at_cmd_Handler.o
                0x0040ad5c                atCmd_PIperf_Create_Handler
 .text.atCmd_PIperf_Stop_Handler
                0x0040adb0       0x4c src/at_cmd_handler/at_cmd_Handler.o
                0x0040adb0                atCmd_PIperf_Stop_Handler
 .text.atCmd_DefaultConnect_Handler
                0x0040adfc       0x38 src/at_cmd_handler/at_cmd_Handler.o
                0x0040adfc                atCmd_DefaultConnect_Handler
 .text.atCmd_ApDisable_Handler
                0x0040ae34       0x5c src/at_cmd_handler/at_cmd_Handler.o
                0x0040ae34                atCmd_ApDisable_Handler
 .text.atCmd_ApEnable_Handler
                0x0040ae90      0x15c src/at_cmd_handler/at_cmd_Handler.o
                0x0040ae90                atCmd_ApEnable_Handler
 .text.atCmd_ProvisionDisable_Handler
                0x0040afec       0x5c src/at_cmd_handler/at_cmd_Handler.o
                0x0040afec                atCmd_ProvisionDisable_Handler
 .text.atCmd_ProvisionEnable_Handler
                0x0040b048      0x178 src/at_cmd_handler/at_cmd_Handler.o
                0x0040b048                atCmd_ProvisionEnable_Handler
 .text.atCmd_ScanRegion_Handler
                0x0040b1c0       0x1c src/at_cmd_handler/at_cmd_Handler.o
                0x0040b1c0                atCmd_ScanRegion_Handler
 .text.atCmd_Scan_Options_Handler
                0x0040b1dc       0x84 src/at_cmd_handler/at_cmd_Handler.o
                0x0040b1dc                atCmd_Scan_Options_Handler
 .text.atCmd_CurRSSI_Handler
                0x0040b260       0x2c src/at_cmd_handler/at_cmd_Handler.o
                0x0040b260                atCmd_CurRSSI_Handler
 .text.atCmd_WpsConnect_Handler
                0x0040b28c       0x60 src/at_cmd_handler/at_cmd_Handler.o
                0x0040b28c                atCmd_WpsConnect_Handler
 .text.atCmd_HTTPCon_Handler
                0x0040b2ec       0xbc src/at_cmd_handler/at_cmd_Handler.o
                0x0040b2ec                atCmd_HTTPCon_Handler
 .text.MapToControlCharacter
                0x0040b3a8      0x144 src/at_cmd_handler/at_cmd_Handler.o
 .text.atCmd_TLS_SetCipherSuite_Handler
                0x0040b4ec       0x64 src/at_cmd_handler/at_cmd_Handler.o
                0x0040b4ec                atCmd_TLS_SetCipherSuite_Handler
 .text.atCmd_TLS_CertTransfer_Handler
                0x0040b550       0x58 src/at_cmd_handler/at_cmd_Handler.o
                0x0040b550                atCmd_TLS_CertTransfer_Handler
 .text.atCmd_OTA_Handler
                0x0040b5a8       0xb0 src/at_cmd_handler/at_cmd_Handler.o
                0x0040b5a8                atCmd_OTA_Handler
 .text.atCmd_GetVer_Handler
                0x0040b658      0x198 src/at_cmd_handler/at_cmd_Handler.o
                0x0040b658                atCmd_GetVer_Handler
 .text.atCmd_Reset_Handler
                0x0040b7f0       0xac src/at_cmd_handler/at_cmd_Handler.o
                0x0040b7f0                atCmd_Reset_Handler
 .text.atCmd_PsMode_Handler
                0x0040b89c       0xb8 src/at_cmd_handler/at_cmd_Handler.o
                0x0040b89c                atCmd_PsMode_Handler
 .text.atCmd_GetConnInfo_Handler
                0x0040b954        0x8 src/at_cmd_handler/at_cmd_Handler.o
                0x0040b954                atCmd_GetConnInfo_Handler
 .text.atCmd_SetPowerProfile_Handler
                0x0040b95c       0x1c src/at_cmd_handler/at_cmd_Handler.o
                0x0040b95c                atCmd_SetPowerProfile_Handler
 .text.atCmd_SslEnableCertExpirationCheck
                0x0040b978       0x4c src/at_cmd_handler/at_cmd_Handler.o
                0x0040b978                atCmd_SslEnableCertExpirationCheck
 .text.atCmd_Ping
                0x0040b9c4      0x13c src/at_cmd_handler/at_cmd_Handler.o
                0x0040b9c4                atCmd_Ping
 .text.atCmd_TlsCrlSend_Handler
                0x0040bb00       0x50 src/at_cmd_handler/at_cmd_Handler.o
                0x0040bb00                atCmd_TlsCrlSend_Handler
 .text.atCmd_HostFileGet_Handler
                0x0040bb50       0x70 src/at_cmd_handler/at_cmd_Handler.o
                0x0040bb50                atCmd_HostFileGet_Handler
 .text.FileReadCallback_hif
                0x0040bbc0       0xe4 src/at_cmd_handler/at_cmd_Handler.o
 .text.atCmd_HostFileRead_Handler
                0x0040bca4      0x1b8 src/at_cmd_handler/at_cmd_Handler.o
                0x0040bca4                atCmd_HostFileRead_Handler
 .text.atCmd_HostFileErase_Handler
                0x0040be5c       0x88 src/at_cmd_handler/at_cmd_Handler.o
                0x0040be5c                atCmd_HostFileErase_Handler
 .text.atCmd_NTP_Handler
                0x0040bee4       0x50 src/at_cmd_handler/at_cmd_Handler.o
                0x0040bee4                atCmd_NTP_Handler
 .text.enterpriseStateProcess
                0x0040bf34      0x188 src/at_cmd_handler/at_cmd_Handler.o
 .text.atCmd_1X_TLS_Cred_Handler
                0x0040c0bc       0xc0 src/at_cmd_handler/at_cmd_Handler.o
                0x0040c0bc                atCmd_1X_TLS_Cred_Handler
 .text.httpEnterpiseClientCallback
                0x0040c17c      0x2a0 src/at_cmd_handler/at_cmd_Handler.o
 .text.atCmd_1X_Connect_Handler
                0x0040c41c      0x1e8 src/at_cmd_handler/at_cmd_Handler.o
                0x0040c41c                atCmd_1X_Connect_Handler
 .text.atCmd_1X_Options_Handler
                0x0040c604       0xcc src/at_cmd_handler/at_cmd_Handler.o
                0x0040c604                atCmd_1X_Options_Handler
 .text.atCmd_TlsStart_Handler
                0x0040c6d0       0x40 src/at_cmd_handler/at_cmd_Handler.o
                0x0040c6d0                atCmd_TlsStart_Handler
 .text.atCmd_APIConfig_Handler
                0x0040c710      0x160 src/at_cmd_handler/at_cmd_Handler.o
                0x0040c710                atCmd_APIConfig_Handler
 .text.atCmd_XOEnable_Handler
                0x0040c870       0x58 src/at_cmd_handler/at_cmd_Handler.o
                0x0040c870                atCmd_XOEnable_Handler
 .text.Ascii2Hex
                0x0040c8c8       0x2a src/at_cmd_handler/at_cmd_Handler.o
 *fill*         0x0040c8f2        0x2 
 .text.atCmd_TlsCrlAdd_Handler
                0x0040c8f4      0x120 src/at_cmd_handler/at_cmd_Handler.o
                0x0040c8f4                atCmd_TlsCrlAdd_Handler
 .text.FileGetCallback
                0x0040ca14       0x68 src/at_cmd_handler/at_cmd_Handler.o
 .text.atCmd_WpsDisable_Handler
                0x0040ca7c       0x50 src/at_cmd_handler/at_cmd_Handler.o
                0x0040ca7c                atCmd_WpsDisable_Handler
 .text.atCmd_GetSysTime_Handler
                0x0040cacc       0x4c src/at_cmd_handler/at_cmd_Handler.o
                0x0040cacc                atCmd_GetSysTime_Handler
 .text.atCmd_TxPwr_Handler
                0x0040cb18       0x7c src/at_cmd_handler/at_cmd_Handler.o
                0x0040cb18                atCmd_TxPwr_Handler
 .text.atCmd_SetTxRate_Handler
                0x0040cb94       0x78 src/at_cmd_handler/at_cmd_Handler.o
                0x0040cb94                atCmd_SetTxRate_Handler
 .text.atCmd_Roaming_Handler
                0x0040cc0c       0x94 src/at_cmd_handler/at_cmd_Handler.o
                0x0040cc0c                atCmd_Roaming_Handler
 .text.atCmd_APIAPConn_Handler
                0x0040cca0       0x38 src/at_cmd_handler/at_cmd_Handler.o
                0x0040cca0                atCmd_APIAPConn_Handler
 .text.atCmd_MonEn_Handler
                0x0040ccd8        0x6 src/at_cmd_handler/at_cmd_Handler.o
                0x0040ccd8                atCmd_MonEn_Handler
 *fill*         0x0040ccde        0x2 
 .text.init_at_cmd_handler
                0x0040cce0       0x28 src/at_cmd_handler/at_cmd_Handler.o
                0x0040cce0                init_at_cmd_handler
 .text.at_cmd_init
                0x0040cd08       0x7c src/at_cmd_handler/at_cmd_Handler.o
                0x0040cd08                at_cmd_init
 .text.at_cmd_cfg_is_echo_on
                0x0040cd84        0xc src/at_cmd_handler/at_cmd_Handler.o
                0x0040cd84                at_cmd_cfg_is_echo_on
 .text.parse_cmd
                0x0040cd90      0x1d0 src/at_cmd_handler/at_cmd_Handler.o
                0x0040cd90                parse_cmd
 .text.get_index_cmdHandler
                0x0040cf60       0x50 src/at_cmd_handler/at_cmd_Handler.o
                0x0040cf60                get_index_cmdHandler
 .text.print_cmd_handler_arr
                0x0040cfb0       0x5c src/at_cmd_handler/at_cmd_Handler.o
                0x0040cfb0                print_cmd_handler_arr
 .text.print_Handle_status
                0x0040d00c       0xf0 src/at_cmd_handler/at_cmd_Handler.o
                0x0040d00c                print_Handle_status
 .text.at_cmd_run
                0x0040d0fc      0x180 src/at_cmd_handler/at_cmd_Handler.o
                0x0040d0fc                at_cmd_run
 .text.get_cmd_txt
                0x0040d27c       0x34 src/at_cmd_handler/at_cmd_Handler.o
                0x0040d27c                get_cmd_txt
 .text.SetScanTimeStart
                0x0040d2b0       0x14 src/at_cmd_handler/at_cmd_Handler.o
                0x0040d2b0                SetScanTimeStart
 .text.atCmd_Scan_Handler
                0x0040d2c4       0x3c src/at_cmd_handler/at_cmd_Handler.o
                0x0040d2c4                atCmd_Scan_Handler
 .text.atCmd_ScanSsidList_Handler
                0x0040d300       0xb4 src/at_cmd_handler/at_cmd_Handler.o
                0x0040d300                atCmd_ScanSsidList_Handler
 .text.atCmd_ScanPassive_Handler
                0x0040d3b4       0x30 src/at_cmd_handler/at_cmd_Handler.o
                0x0040d3b4                atCmd_ScanPassive_Handler
 .text.GetScanTimeStart
                0x0040d3e4        0xc src/at_cmd_handler/at_cmd_Handler.o
                0x0040d3e4                GetScanTimeStart
 .text.SetDownloadStartTime
                0x0040d3f0       0x14 src/at_cmd_handler/at_cmd_Handler.o
                0x0040d3f0                SetDownloadStartTime
 .text.atCmd_FileDownload_Handler
                0x0040d404       0x2c src/at_cmd_handler/at_cmd_Handler.o
                0x0040d404                atCmd_FileDownload_Handler
 .text.GetDownloadStartTime
                0x0040d430        0xc src/at_cmd_handler/at_cmd_Handler.o
                0x0040d430                GetDownloadStartTime
 .text.PrintSockConnections
                0x0040d43c       0x80 src/at_cmd_handler/at_cmd_Handler.o
                0x0040d43c                PrintSockConnections
 .text.GetCID   0x0040d4bc       0x1c src/at_cmd_handler/at_cmd_Handler.o
                0x0040d4bc                GetCID
 .text.FreeCID  0x0040d4d8       0x10 src/at_cmd_handler/at_cmd_Handler.o
                0x0040d4d8                FreeCID
 .text.AddSockConn
                0x0040d4e8       0x60 src/at_cmd_handler/at_cmd_Handler.o
                0x0040d4e8                AddSockConn
 .text.DeleteSockConn
                0x0040d548       0x74 src/at_cmd_handler/at_cmd_Handler.o
                0x0040d548                DeleteSockConn
 .text.RetrieveConnectionFromSocket
                0x0040d5bc       0x1a src/at_cmd_handler/at_cmd_Handler.o
                0x0040d5bc                RetrieveConnectionFromSocket
 .text.RetrieveConnectionFromCID
                0x0040d5d6       0x10 src/at_cmd_handler/at_cmd_Handler.o
                0x0040d5d6                RetrieveConnectionFromCID
 *fill*         0x0040d5e6        0x2 
 .text.atCmd_SocketDataStream_Handler
                0x0040d5e8      0x238 src/at_cmd_handler/at_cmd_Handler.o
                0x0040d5e8                atCmd_SocketDataStream_Handler
 .text.atCmd_DeleteCID_Handler
                0x0040d820       0x74 src/at_cmd_handler/at_cmd_Handler.o
                0x0040d820                atCmd_DeleteCID_Handler
 .text.atCmd_IsParameterNumericOnly
                0x0040d894       0x1c src/at_cmd_handler/at_cmd_Handler.o
                0x0040d894                atCmd_IsParameterNumericOnly
 .text.atCmd_IPCon_Handler
                0x0040d8b0      0x33c src/at_cmd_handler/at_cmd_Handler.o
                0x0040d8b0                atCmd_IPCon_Handler
 .text.GetFiledownloadStarted
                0x0040dbec        0xc src/at_cmd_handler/at_cmd_Handler.o
                0x0040dbec                GetFiledownloadStarted
 .text.httpClientDnsCallback
                0x0040dbf8       0xa8 src/http_client/http_client.o
 .text.httpClientConnectCb
                0x0040dca0       0xe8 src/http_client/http_client.o
 .text.httpClientSocketCallback
                0x0040dd88      0x3f0 src/http_client/http_client.o
 .text.HTTP_ClientConnect
                0x0040e178      0x314 src/http_client/http_client.o
                0x0040e178                HTTP_ClientConnect
 .text.HTTP_ClientStop
                0x0040e48c       0x30 src/http_client/http_client.o
                0x0040e48c                HTTP_ClientStop
 .text.HTTP_ClientInit
                0x0040e4bc       0x44 src/http_client/http_client.o
                0x0040e4bc                HTTP_ClientInit
 .text.HttpstrCmpIgnoreCase
                0x0040e500       0x40 src/http_client/http_utils.o
                0x0040e500                HttpstrCmpIgnoreCase
 .text.Ascii2Dec
                0x0040e540       0x44 src/http_client/http_utils.o
                0x0040e540                Ascii2Dec
 .text.HttpstrTOK
                0x0040e584       0x90 src/http_client/http_utils.o
                0x0040e584                HttpstrTOK
 .text.serial_input_parse
                0x0040e614       0xd4 src/at_cmd_handler/serial_input.o
                0x0040e614                serial_input_parse
 .text.serial_input_reset
                0x0040e6e8       0x14 src/at_cmd_handler/serial_input.o
                0x0040e6e8                serial_input_reset
 .text.serial_input_get_buffer
                0x0040e6fc        0x8 src/at_cmd_handler/serial_input.o
                0x0040e6fc                serial_input_get_buffer
 .text.usart_serial_getchar
                0x0040e704       0x78 src/buffered_uart/buffered_uart.o
 .text.usart_serial_putchar
                0x0040e77c       0x74 src/buffered_uart/buffered_uart.o
 .text.buffered_uart_init
                0x0040e7f0       0xac src/buffered_uart/buffered_uart.o
                0x0040e7f0                buffered_uart_init
 .text.buffered_uart_term
                0x0040e89c       0x24 src/buffered_uart/buffered_uart.o
                0x0040e89c                buffered_uart_term
 .text.buffered_uart_putchar
                0x0040e8c0       0x24 src/buffered_uart/buffered_uart.o
                0x0040e8c0                buffered_uart_putchar
 .text.buffered_uart_tx
                0x0040e8e4       0x24 src/buffered_uart/buffered_uart.o
                0x0040e8e4                buffered_uart_tx
 .text.buffered_uart_rx
                0x0040e908       0x94 src/buffered_uart/buffered_uart.o
                0x0040e908                buffered_uart_rx
 .text.buffered_uart_getchar_nowait
                0x0040e99c       0x44 src/buffered_uart/buffered_uart.o
                0x0040e99c                buffered_uart_getchar_nowait
 .text.buffered_uart_getchar
                0x0040e9e0       0x14 src/buffered_uart/buffered_uart.o
                0x0040e9e0                buffered_uart_getchar
 .text.buffered_uart_is_empty
                0x0040e9f4       0x18 src/buffered_uart/buffered_uart.o
                0x0040e9f4                buffered_uart_is_empty
 .text.UART1_Handler
                0x0040ea0c       0x40 src/buffered_uart/buffered_uart.o
                0x0040ea0c                UART1_Handler
 .text.unlikely.NVIC_SystemReset
                0x0040ea4c       0x20 src/main.o
 .text.sb_printf
                0x0040ea6c        0x6 src/main.o
 *fill*         0x0040ea72        0x2 
 .text.timer_cb
                0x0040ea74       0x10 src/main.o
 .text.OtaNotifCb
                0x0040ea84       0x2c src/main.o
 .text.pingCb   0x0040eab0       0xb8 src/main.o
                0x0040eab0                pingCb
 .text.OtaUpdateCb
                0x0040eb68      0x1d0 src/main.o
 .text.ssl_cb   0x0040ed38       0x60 src/main.o
 .text.m2m_wifi_resolve_handler
                0x0040ed98      0x10c src/main.o
                0x0040ed98                m2m_wifi_resolve_handler
 .text.m2m_wifi_socket_handler
                0x0040eea4      0x71c src/main.o
                0x0040eea4                m2m_wifi_socket_handler
 .text.get_systicks
                0x0040f5c0        0xc src/main.o
                0x0040f5c0                get_systicks
 .text.GetScanTime
                0x0040f5cc       0x20 src/main.o
                0x0040f5cc                GetScanTime
 .text.wifi_cb  0x0040f5ec      0x750 src/main.o
 .text.GetDownloadTime
                0x0040fd3c       0x20 src/main.o
                0x0040fd3c                GetDownloadTime
 .text.httpsClientCallback
                0x0040fd5c      0x150 src/main.o
 .text.set_download_url
                0x0040feac       0x18 src/main.o
                0x0040feac                set_download_url
 .text.http_client_test_init
                0x0040fec4       0x74 src/main.o
                0x0040fec4                http_client_test_init
 .text.winc_reset
                0x0040ff38      0x28c src/main.o
                0x0040ff38                winc_reset
 .text.unlikely.init_m2m_app
                0x004101c4      0x150 src/main.o
 .text.startup.main
                0x00410314      0x364 src/main.o
                0x00410314                main
 .text.serial_bridge_process_reboot_cmd
                0x00410678       0x20 src/serial_bridge.o
 .text.serial_bridge_frame_buffer_pop
                0x00410698       0x24 src/serial_bridge.o
 .text.serial_bridge_frame_get_nm_command
                0x004106bc       0x38 src/serial_bridge.o
 .text.serial_bridge_process_reconfigure
                0x004106f4       0x3c src/serial_bridge.o
 .text.serial_bridge_process_sync_cmd
                0x00410730       0x1c src/serial_bridge.o
 .text.serial_bridge_process_write_block
                0x0041074c       0x80 src/serial_bridge.o
 .text.serial_bridge_process_read_block
                0x004107cc       0x50 src/serial_bridge.o
 .text.serial_bridge_process_write_reg
                0x0041081c       0x38 src/serial_bridge.o
 .text.serial_bridge_process_read_reg_with_ret
                0x00410854       0x4c src/serial_bridge.o
 .text.enter_wifi_firmware_download
                0x004108a0       0xd4 src/serial_bridge.o
                0x004108a0                enter_wifi_firmware_download
 .text.pdc_tx_init
                0x00410974       0x16 src/ASF/sam/drivers/pdc/pdc.o
                0x00410974                pdc_tx_init
 .text.pdc_rx_init
                0x0041098a       0x16 src/ASF/sam/drivers/pdc/pdc.o
                0x0041098a                pdc_rx_init
 .text.pdc_disable_transfer
                0x004109a0       0x10 src/ASF/sam/drivers/pdc/pdc.o
                0x004109a0                pdc_disable_transfer
 .text._crc32_recalculate_bytes_helper
                0x004109b0       0x20 src/crc32/crc32.o
 .text.crc32_recalculate
                0x004109d0       0x80 src/crc32/crc32.o
                0x004109d0                crc32_recalculate
 .text.wdt_disable
                0x00410a50        0x8 src/ASF/sam/drivers/wdt/wdt.o
                0x00410a50                wdt_disable
 .text.sysclk_init
                0x00410a58       0x60 src/ASF/common/services/clock/sam4s/sysclk.o
                0x00410a58                sysclk_init
 .text.usart_serial_write_packet
                0x00410ab8       0x94 src/ASF/common/services/serial/usart_serial.o
                0x00410ab8                usart_serial_write_packet
 .text._read    0x00410b4c       0x40 src/ASF/common/utils/stdio/read.o
                0x00410b4c                _read
 .text._write   0x00410b8c       0x44 src/ASF/common/utils/stdio/write.o
                0x00410b8c                _write
 .text.ioport_set_pin_mode.constprop.0
                0x00410bd0       0x28 src/ASF/sam/boards/sam4s_xplained_pro/init.o
 .text.board_init
                0x00410bf8       0xbc src/ASF/sam/boards/sam4s_xplained_pro/init.o
                0x00410bf8                board_init
 .text.pio_pull_up
                0x00410cb4        0xa src/ASF/sam/drivers/pio/pio.o
                0x00410cb4                pio_pull_up
 .text.pio_set_peripheral
                0x00410cbe       0x80 src/ASF/sam/drivers/pio/pio.o
                0x00410cbe                pio_set_peripheral
 .text.pio_set_input
                0x00410d3e       0x2c src/ASF/sam/drivers/pio/pio.o
                0x00410d3e                pio_set_input
 .text.pio_set_output
                0x00410d6a       0x24 src/ASF/sam/drivers/pio/pio.o
                0x00410d6a                pio_set_output
 .text.pio_enable_interrupt
                0x00410d8e        0x6 src/ASF/sam/drivers/pio/pio.o
                0x00410d8e                pio_enable_interrupt
 .text.pio_disable_interrupt
                0x00410d94        0x4 src/ASF/sam/drivers/pio/pio.o
                0x00410d94                pio_disable_interrupt
 .text.pio_get_interrupt_status
                0x00410d98        0x4 src/ASF/sam/drivers/pio/pio.o
                0x00410d98                pio_get_interrupt_status
 .text.pio_get_interrupt_mask
                0x00410d9c        0x4 src/ASF/sam/drivers/pio/pio.o
                0x00410d9c                pio_get_interrupt_mask
 .text.pio_set_additional_interrupt_mode
                0x00410da0       0x28 src/ASF/sam/drivers/pio/pio.o
                0x00410da0                pio_set_additional_interrupt_mode
 .text.pio_configure_interrupt
                0x00410dc8        0x8 src/ASF/sam/drivers/pio/pio.o
                0x00410dc8                pio_configure_interrupt
 .text.pio_set_pin_high
                0x00410dd0       0x1a src/ASF/sam/drivers/pio/pio.o
                0x00410dd0                pio_set_pin_high
 .text.pio_set_pin_low
                0x00410dea       0x1a src/ASF/sam/drivers/pio/pio.o
                0x00410dea                pio_set_pin_low
 .text.pio_configure_pin
                0x00410e04       0xb0 src/ASF/sam/drivers/pio/pio.o
                0x00410e04                pio_configure_pin
 .text.pio_configure_pin_group
                0x00410eb4       0x84 src/ASF/sam/drivers/pio/pio.o
                0x00410eb4                pio_configure_pin_group
 .text.pio_handler_process
                0x00410f38       0x6c src/ASF/sam/drivers/pio/pio_handler.o
                0x00410f38                pio_handler_process
 .text.pio_handler_set
                0x00410fa4       0x40 src/ASF/sam/drivers/pio/pio_handler.o
                0x00410fa4                pio_handler_set
 .text.pio_handler_set_pin
                0x00410fe4       0x2c src/ASF/sam/drivers/pio/pio_handler.o
                0x00410fe4                pio_handler_set_pin
 .text.PIOA_Handler
                0x00411010       0x10 src/ASF/sam/drivers/pio/pio_handler.o
                0x00411010                PIOA_Handler
 .text.PIOB_Handler
                0x00411020       0x10 src/ASF/sam/drivers/pio/pio_handler.o
                0x00411020                PIOB_Handler
 .text.PIOC_Handler
                0x00411030       0x10 src/ASF/sam/drivers/pio/pio_handler.o
                0x00411030                PIOC_Handler
 .text.pio_handler_set_priority
                0x00411040       0x84 src/ASF/sam/drivers/pio/pio_handler.o
                0x00411040                pio_handler_set_priority
 .text.pmc_switch_mck_to_pllack
                0x004110c4       0x44 src/ASF/sam/drivers/pmc/pmc.o
                0x004110c4                pmc_switch_mck_to_pllack
 .text.pmc_switch_mainck_to_xtal
                0x00411108       0x48 src/ASF/sam/drivers/pmc/pmc.o
                0x00411108                pmc_switch_mainck_to_xtal
 .text.pmc_osc_is_ready_mainck
                0x00411150       0x10 src/ASF/sam/drivers/pmc/pmc.o
                0x00411150                pmc_osc_is_ready_mainck
 .text.pmc_disable_pllack
                0x00411160       0x10 src/ASF/sam/drivers/pmc/pmc.o
                0x00411160                pmc_disable_pllack
 .text.pmc_is_locked_pllack
                0x00411170       0x10 src/ASF/sam/drivers/pmc/pmc.o
                0x00411170                pmc_is_locked_pllack
 .text.pmc_enable_periph_clk
                0x00411180       0x40 src/ASF/sam/drivers/pmc/pmc.o
                0x00411180                pmc_enable_periph_clk
 .text.spi_enable_clock
                0x004111c0        0xc src/ASF/sam/drivers/spi/spi.o
                0x004111c0                spi_enable_clock
 .text.spi_set_clock_polarity
                0x004111cc       0x16 src/ASF/sam/drivers/spi/spi.o
                0x004111cc                spi_set_clock_polarity
 .text.spi_set_clock_phase
                0x004111e2       0x16 src/ASF/sam/drivers/spi/spi.o
                0x004111e2                spi_set_clock_phase
 .text.spi_set_bits_per_transfer
                0x004111f8       0x14 src/ASF/sam/drivers/spi/spi.o
                0x004111f8                spi_set_bits_per_transfer
 .text.spi_set_baudrate_div
                0x0041120c       0x16 src/ASF/sam/drivers/spi/spi.o
                0x0041120c                spi_set_baudrate_div
 .text.spi_set_transfer_delay
                0x00411222       0x1a src/ASF/sam/drivers/spi/spi.o
                0x00411222                spi_set_transfer_delay
 .text.twi_set_speed
                0x0041123c       0x3c src/ASF/sam/drivers/twi/twi.o
                0x0041123c                twi_set_speed
 .text.twi_master_init
                0x00411278       0x40 src/ASF/sam/drivers/twi/twi.o
                0x00411278                twi_master_init
 .text.twi_master_read
                0x004112b8       0x98 src/ASF/sam/drivers/twi/twi.o
                0x004112b8                twi_master_read
 .text.twi_master_write
                0x00411350       0x7c src/ASF/sam/drivers/twi/twi.o
                0x00411350                twi_master_write
 .text.twi_write_byte
                0x004113cc        0x4 src/ASF/sam/drivers/twi/twi.o
                0x004113cc                twi_write_byte
 .text.twi_reset
                0x004113d0        0x8 src/ASF/sam/drivers/twi/twi.o
                0x004113d0                twi_reset
 .text.uart_init
                0x004113d8       0x34 src/ASF/sam/drivers/uart/uart.o
                0x004113d8                uart_init
 .text.uart_is_rx_ready
                0x0041140c        0x8 src/ASF/sam/drivers/uart/uart.o
                0x0041140c                uart_is_rx_ready
 .text.uart_is_tx_buf_empty
                0x00411414        0x8 src/ASF/sam/drivers/uart/uart.o
                0x00411414                uart_is_tx_buf_empty
 .text.uart_write
                0x0041141c        0xe src/ASF/sam/drivers/uart/uart.o
                0x0041141c                uart_write
 .text.uart_read
                0x0041142a       0x10 src/ASF/sam/drivers/uart/uart.o
                0x0041142a                uart_read
 .text.usart_enable_interrupt
                0x0041143a        0x4 src/ASF/sam/drivers/usart/usart.o
                0x0041143a                usart_enable_interrupt
 .text.usart_disable_interrupt
                0x0041143e        0x4 src/ASF/sam/drivers/usart/usart.o
                0x0041143e                usart_disable_interrupt
 .text.usart_write
                0x00411442       0x12 src/ASF/sam/drivers/usart/usart.o
                0x00411442                usart_write
 .text.usart_read
                0x00411454       0x16 src/ASF/sam/drivers/usart/usart.o
                0x00411454                usart_read
 *fill*         0x0041146a        0x2 
 .text.Dummy_Handler
                0x0041146c       0x20 src/ASF/sam/utils/cmsis/sam4s/source/templates/gcc/startup_sam4s.o
                0x0041146c                DACC_Handler
                0x0041146c                DebugMon_Handler
                0x0041146c                HardFault_Handler
                0x0041146c                TC2_Handler
                0x0041146c                SPI_Handler
                0x0041146c                TWI1_Handler
                0x0041146c                PendSV_Handler
                0x0041146c                NMI_Handler
                0x0041146c                ADC_Handler
                0x0041146c                CRCCU_Handler
                0x0041146c                USART0_Handler
                0x0041146c                RTT_Handler
                0x0041146c                EFC1_Handler
                0x0041146c                RTC_Handler
                0x0041146c                UsageFault_Handler
                0x0041146c                WDT_Handler
                0x0041146c                TC4_Handler
                0x0041146c                TC1_Handler
                0x0041146c                HSMCI_Handler
                0x0041146c                TC3_Handler