Archive member included to satisfy reference by file (symbol)

c:/program files/microchip/xc32/v2.41/bin/bin/../../lib/gcc/pic32c/6.2.1/../../../../pic32c/lib\libpic32c.a(data_init.o)
                              build/sam_d21_xpro_winc1500/production/_ext/281389274/startup_xc32.o (__pic32c_data_initialization)
c:/program files/microchip/xc32/v2.41/bin/bin/../../lib/gcc/pic32c/6.2.1\libgcc.a(_udivsi3.o)
                              build/sam_d21_xpro_winc1500/production/_ext/39655908/inet_ntop.o (__aeabi_uidiv)
c:/program files/microchip/xc32/v2.41/bin/bin/../../lib/gcc/pic32c/6.2.1\libgcc.a(_divsi3.o)
                              build/sam_d21_xpro_winc1500/production/_ext/1751631207/sys_time.o (__aeabi_idiv)
c:/program files/microchip/xc32/v2.41/bin/bin/../../lib/gcc/pic32c/6.2.1\libgcc.a(_dvmd_tls.o)
                              c:/program files/microchip/xc32/v2.41/bin/bin/../../lib/gcc/pic32c/6.2.1\libgcc.a(_udivsi3.o) (__aeabi_idiv0)
c:/program files/microchip/xc32/v2.41/bin/bin/../../lib/gcc/pic32c/6.2.1\libgcc.a(_aeabi_uldivmod.o)
                              build/sam_d21_xpro_winc1500/production/_ext/1242531425/plib_sercom5_usart.o (__aeabi_uldivmod)
c:/program files/microchip/xc32/v2.41/bin/bin/../../lib/gcc/pic32c/6.2.1\libgcc.a(_muldi3.o)
                              build/sam_d21_xpro_winc1500/production/_ext/1242531425/plib_sercom5_usart.o (__aeabi_lmul)
c:/program files/microchip/xc32/v2.41/bin/bin/../../lib/gcc/pic32c/6.2.1\libgcc.a(_udivmoddi4.o)
                              c:/program files/microchip/xc32/v2.41/bin/bin/../../lib/gcc/pic32c/6.2.1\libgcc.a(_aeabi_uldivmod.o) (__udivmoddi4)
c:/program files/microchip/xc32/v2.41/bin/bin/../../lib/gcc/pic32c/6.2.1\libgcc.a(_lshrdi3.o)
                              c:/program files/microchip/xc32/v2.41/bin/bin/../../lib/gcc/pic32c/6.2.1\libgcc.a(_udivmoddi4.o) (__aeabi_llsr)
c:/program files/microchip/xc32/v2.41/bin/bin/../../lib/gcc/pic32c/6.2.1\libgcc.a(_ashldi3.o)
                              c:/program files/microchip/xc32/v2.41/bin/bin/../../lib/gcc/pic32c/6.2.1\libgcc.a(_udivmoddi4.o) (__aeabi_llsl)
c:/program files/microchip/xc32/v2.41/bin/bin/../../lib/gcc/pic32c/6.2.1\libgcc.a(_clzdi2.o)
                              c:/program files/microchip/xc32/v2.41/bin/bin/../../lib/gcc/pic32c/6.2.1\libgcc.a(_udivmoddi4.o) (__clzdi2)
c:/program files/microchip/xc32/v2.41/bin/bin/../../lib/gcc/pic32c/6.2.1\libgcc.a(_clzsi2.o)
                              c:/program files/microchip/xc32/v2.41/bin/bin/../../lib/gcc/pic32c/6.2.1\libgcc.a(_clzdi2.o) (__clzsi2)
c:/program files/microchip/xc32/v2.41/bin/bin/../../lib/gcc/pic32c/6.2.1/../../../../pic32c/lib\libc_nano.a(lib_a-gmtime.o)
                              build/sam_d21_xpro_winc1500/production/_ext/2003669979/wdrv_winc_systime.o (gmtime)
c:/program files/microchip/xc32/v2.41/bin/bin/../../lib/gcc/pic32c/6.2.1/../../../../pic32c/lib\libc_nano.a(lib_a-gmtime_r.o)
                              c:/program files/microchip/xc32/v2.41/bin/bin/../../lib/gcc/pic32c/6.2.1/../../../../pic32c/lib\libc_nano.a(lib_a-gmtime.o) (gmtime_r)
c:/program files/microchip/xc32/v2.41/bin/bin/../../lib/gcc/pic32c/6.2.1/../../../../pic32c/lib\libc_nano.a(lib_a-impure.o)
                              c:/program files/microchip/xc32/v2.41/bin/bin/../../lib/gcc/pic32c/6.2.1/../../../../pic32c/lib\libc_nano.a(lib_a-gmtime.o) (_impure_ptr)
c:/program files/microchip/xc32/v2.41/bin/bin/../../lib/gcc/pic32c/6.2.1/../../../../pic32c/lib\libc_nano.a(lib_a-init.o)
                              build/sam_d21_xpro_winc1500/production/_ext/281389274/startup_xc32.o (__libc_init_array)
c:/program files/microchip/xc32/v2.41/bin/bin/../../lib/gcc/pic32c/6.2.1/../../../../pic32c/lib\libc_nano.a(lib_a-malloc.o)
                              build/sam_d21_xpro_winc1500/production/_ext/386821479/m2m_wifi.o (malloc)
c:/program files/microchip/xc32/v2.41/bin/bin/../../lib/gcc/pic32c/6.2.1/../../../../pic32c/lib\libc_nano.a(lib_a-memcpy-stub.o)
                              build/sam_d21_xpro_winc1500/production/_ext/386821479/m2m_wifi.o (memcpy)
c:/program files/microchip/xc32/v2.41/bin/bin/../../lib/gcc/pic32c/6.2.1/../../../../pic32c/lib\libc_nano.a(lib_a-memset.o)
                              build/sam_d21_xpro_winc1500/production/_ext/386821479/m2m_hif.o (memset)
c:/program files/microchip/xc32/v2.41/bin/bin/../../lib/gcc/pic32c/6.2.1/../../../../pic32c/lib\libc_nano.a(lib_a-mktime.o)
                              build/sam_d21_xpro_winc1500/production/_ext/2003669979/wdrv_winc_systime.o (mktime)
c:/program files/microchip/xc32/v2.41/bin/bin/../../lib/gcc/pic32c/6.2.1/../../../../pic32c/lib\libc_nano.a(lib_a-nano-freer.o)
                              c:/program files/microchip/xc32/v2.41/bin/bin/../../lib/gcc/pic32c/6.2.1/../../../../pic32c/lib\libc_nano.a(lib_a-malloc.o) (_free_r)
[...]
Memory Configuration

Name             Origin             Length             Attributes
rom              0x00000000         0x00040000         xrl
ram              0x20000000         0x00008000         xw !r
config_00804000  0x00804000         0x00000004
config_00804004  0x00804004         0x00000004
*default*        0x00000000         0xffffffff

Linker script and memory map

LOAD c:/program files/microchip/xc32/v2.41/bin/bin/../../lib/gcc/pic32c/6.2.1/crti.o
LOAD c:/program files/microchip/xc32/v2.41/bin/bin/../../lib/gcc/pic32c/6.2.1/crtbegin.o
LOAD build/sam_d21_xpro_winc1500/production/_ext/1062439459/drv_spi.o
LOAD build/sam_d21_xpro_winc1500/production/_ext/1115528141/wdrv_winc_eint.o
LOAD build/sam_d21_xpro_winc1500/production/_ext/1115528141/wdrv_winc_gpio.o
LOAD build/sam_d21_xpro_winc1500/production/_ext/1837088568/wdrv_winc_spi.o
LOAD build/sam_d21_xpro_winc1500/production/_ext/418110372/nm_common.o
LOAD build/sam_d21_xpro_winc1500/production/_ext/386821479/m2m_hif.o
LOAD build/sam_d21_xpro_winc1500/production/_ext/386821479/m2m_periph.o
LOAD build/sam_d21_xpro_winc1500/production/_ext/386821479/m2m_wifi.o
LOAD build/sam_d21_xpro_winc1500/production/_ext/386821479/nmasic.o
LOAD build/sam_d21_xpro_winc1500/production/_ext/386821479/nmbus.o
LOAD build/sam_d21_xpro_winc1500/production/_ext/386821479/nmdrv.o
LOAD build/sam_d21_xpro_winc1500/production/_ext/386821479/nmspi.o
LOAD build/sam_d21_xpro_winc1500/production/_ext/386821479/m2m_ota.o
LOAD build/sam_d21_xpro_winc1500/production/_ext/386821479/m2m_ssl.o
LOAD build/sam_d21_xpro_winc1500/production/_ext/39655908/socket.o
LOAD build/sam_d21_xpro_winc1500/production/_ext/39655908/inet_ntop.o
LOAD build/sam_d21_xpro_winc1500/production/_ext/39655908/inet_addr.o
LOAD build/sam_d21_xpro_winc1500/production/_ext/1591721076/spi_flash.o
LOAD build/sam_d21_xpro_winc1500/production/_ext/1591721076/flexible_flash.o
LOAD build/sam_d21_xpro_winc1500/production/_ext/1879120711/wdrv_winc_osal.o
LOAD build/sam_d21_xpro_winc1500/production/_ext/2003669979/wdrv_winc.o
LOAD build/sam_d21_xpro_winc1500/production/_ext/2003669979/wdrv_winc_assoc.o
LOAD build/sam_d21_xpro_winc1500/production/_ext/2003669979/wdrv_winc_authctx.o
LOAD build/sam_d21_xpro_winc1500/production/_ext/2003669979/wdrv_winc_bssctx.o
LOAD build/sam_d21_xpro_winc1500/production/_ext/2003669979/wdrv_winc_bssfind.o
LOAD build/sam_d21_xpro_winc1500/production/_ext/2003669979/wdrv_winc_custie.o
LOAD build/sam_d21_xpro_winc1500/production/_ext/2003669979/wdrv_winc_host_file.o
LOAD build/sam_d21_xpro_winc1500/production/_ext/2003669979/wdrv_winc_httpprovctx.o
LOAD build/sam_d21_xpro_winc1500/production/_ext/2003669979/wdrv_winc_nvm.o
LOAD build/sam_d21_xpro_winc1500/production/_ext/2003669979/wdrv_winc_powersave.o
LOAD build/sam_d21_xpro_winc1500/production/_ext/2003669979/wdrv_winc_socket.o
LOAD build/sam_d21_xpro_winc1500/production/_ext/2003669979/wdrv_winc_softap.o
LOAD build/sam_d21_xpro_winc1500/production/_ext/2003669979/wdrv_winc_ssl.o
LOAD build/sam_d21_xpro_winc1500/production/_ext/2003669979/wdrv_winc_sta.o
LOAD build/sam_d21_xpro_winc1500/production/_ext/2003669979/wdrv_winc_systime.o
LOAD build/sam_d21_xpro_winc1500/production/_ext/2003669979/wdrv_winc_wps.o
LOAD build/sam_d21_xpro_winc1500/production/_ext/1912998524/plib_clock.o
LOAD build/sam_d21_xpro_winc1500/production/_ext/1101428939/plib_eic.o
LOAD build/sam_d21_xpro_winc1500/production/_ext/1910849038/plib_evsys.o
LOAD build/sam_d21_xpro_winc1500/production/_ext/215722156/plib_nvic.o
LOAD build/sam_d21_xpro_winc1500/production/_ext/1311483782/plib_nvmctrl.o
LOAD build/sam_d21_xpro_winc1500/production/_ext/215775307/plib_port.o
LOAD build/sam_d21_xpro_winc1500/production/_ext/1670897031/plib_sercom4_spi_master.o
LOAD build/sam_d21_xpro_winc1500/production/_ext/1242531425/plib_sercom5_usart.o
LOAD build/sam_d21_xpro_winc1500/production/_ext/1143908167/plib_tc3.o
LOAD build/sam_d21_xpro_winc1500/production/_ext/1923882300/platform_sercom_data.o
LOAD build/sam_d21_xpro_winc1500/production/_ext/1966573984/xc32_monitor.o
LOAD build/sam_d21_xpro_winc1500/production/_ext/676678561/sys_dma.o
LOAD build/sam_d21_xpro_winc1500/production/_ext/720072173/sys_int.o
LOAD build/sam_d21_xpro_winc1500/production/_ext/1751631207/sys_time.o
LOAD build/sam_d21_xpro_winc1500/production/_ext/281389274/initialization.o
LOAD build/sam_d21_xpro_winc1500/production/_ext/281389274/interrupts.o
LOAD build/sam_d21_xpro_winc1500/production/_ext/281389274/exceptions.o
LOAD build/sam_d21_xpro_winc1500/production/_ext/281389274/startup_xc32.o
LOAD build/sam_d21_xpro_winc1500/production/_ext/281389274/libc_syscalls.o
LOAD build/sam_d21_xpro_winc1500/production/_ext/281389274/tasks.o
LOAD build/sam_d21_xpro_winc1500/production/_ext/1756295213/platform_sercom.o
LOAD build/sam_d21_xpro_winc1500/production/_ext/1891040070/serial_bridge.o
LOAD build/sam_d21_xpro_winc1500/production/_ext/1360937237/main.o
LOAD build/sam_d21_xpro_winc1500/production/_ext/1360937237/app.o
                0x00000001                __MPLAB_BUILD = 0x1
                0x00040000                __rom_end = (ORIGIN (rom) + LENGTH (rom))
                0x20008000                __ram_end = (ORIGIN (ram) + LENGTH (ram))

.config_00804000
                0x00804000        0x4
 *(.config_00804000)
 .config_00804000
                0x00804000        0x4 build/sam_d21_xpro_winc1500/production/_ext/281389274/initialization.o

.config_00804004
                0x00804004        0x4
 *(.config_00804004)
 .config_00804004
                0x00804004        0x4 build/sam_d21_xpro_winc1500/production/_ext/281389274/initialization.o

.vectors        0x00000000       0xb0
                0x00000000                . = ALIGN (0x4)
                0x00000000                _sfixed = .
 *(.vectors .vectors.* .vectors_default .vectors_default.*)
 .vectors       0x00000000       0xb0 build/sam_d21_xpro_winc1500/production/_ext/281389274/interrupts.o
                0x00000000                exception_table
 *(.isr_vector)
 *(.reset*)
 *(.after_vectors)

.text           0x000000b0       0x20
                0x000000b0                . = ALIGN (0x4)
 *(.glue_7t)
 .glue_7t       0x000000b0        0x0 linker stubs
 *(.glue_7)
 .glue_7        0x000000b0        0x0 linker stubs
 *(.gnu.linkonce.r.*)
 *(.ARM.extab* .gnu.linkonce.armextab.*)
                0x000000b0                . = ALIGN (0x4)
 *(.init)
 .init          0x000000b0        0x4 c:/program files/microchip/xc32/v2.41/bin/bin/../../lib/gcc/pic32c/6.2.1/crti.o
                0x000000b0                _init
 .init          0x000000b4        0x8 c:/program files/microchip/xc32/v2.41/bin/bin/../../lib/gcc/pic32c/6.2.1/crtn.o
                0x000000bc                . = ALIGN (0x4)
                0x000000bc                __preinit_array_start = .
 *(.preinit_array)
                0x000000bc                __preinit_array_end = .
                0x000000bc                . = ALIGN (0x4)
                0x000000bc                __init_array_start = .
 *(SORT(.init_array.*))
 *(.init_array)
 .init_array    0x000000bc        0x4 c:/program files/microchip/xc32/v2.41/bin/bin/../../lib/gcc/pic32c/6.2.1/crtbegin.o
                0x000000c0                __init_array_end = .
                0x000000c0                . = ALIGN (0x4)
 *crtbegin.o(.ctors)
 *(EXCLUDE_FILE(*crtend.o) .ctors)
 *(SORT(.ctors.*))
 *crtend.o(.ctors)
                0x000000c0                . = ALIGN (0x4)
 *(.fini)
 .fini          0x000000c0        0x4 c:/program files/microchip/xc32/v2.41/bin/bin/../../lib/gcc/pic32c/6.2.1/crti.o
                0x000000c0                _fini
 .fini          0x000000c4        0x8 c:/program files/microchip/xc32/v2.41/bin/bin/../../lib/gcc/pic32c/6.2.1/crtn.o
                0x000000cc                . = ALIGN (0x4)
                0x000000cc                __fini_array_start = .
 *(.fini_array)
 .fini_array    0x000000cc        0x4 c:/program files/microchip/xc32/v2.41/bin/bin/../../lib/gcc/pic32c/6.2.1/crtbegin.o
 *(SORT(.fini_array.*))
                0x000000d0                __fini_array_end = .
 *crtbegin.o(.dtors)
 *(EXCLUDE_FILE(*crtend.o) .dtors)
 *(SORT(.dtors.*))
 *crtend.o(.dtors)
                0x000000d0                . = ALIGN (0x4)
                0x000000d0                _efixed = .
                [!provide]                PROVIDE (__exidx_start, .)

.ARM.exidx      0x000000d0        0x8
 *(.ARM.exidx* .gnu.linkonce.armexidx.*)
 .ARM.exidx     0x000000d0        0x8 c:/program files/microchip/xc32/v2.41/bin/bin/../../lib/gcc/pic32c/6.2.1\libgcc.a(_udivmoddi4.o)
                [!provide]                PROVIDE (__exidx_end, .)
                0x000000d8                . = ALIGN (0x4)
                0x000000d8                _etext = .

.bss            0x20000000      0x160
                0x20000000                . = ALIGN (0x4)
                0x20000000                __bss_start__ = .
                0x20000000                _sbss = .
                0x20000000                _szero = .
 *(COMMON)
 COMMON         0x20000000       0x28 build/sam_d21_xpro_winc1500/production/_ext/386821479/m2m_hif.o
                0x20000000                gstrHifCxt
 COMMON         0x20000028        0x4 build/sam_d21_xpro_winc1500/production/_ext/2003669979/wdrv_winc.o
                0x20000028                pfWINCDebugPrintCb
 COMMON         0x2000002c       0xc0 build/sam_d21_xpro_winc1500/production/_ext/1101428939/plib_eic.o
                0x2000002c                eicCallbackObject
 COMMON         0x200000ec       0x2c build/sam_d21_xpro_winc1500/production/_ext/1670897031/plib_sercom4_spi_master.o
                0x200000ec                sercom4SPIObj
 COMMON         0x20000118       0x30 build/sam_d21_xpro_winc1500/production/_ext/1242531425/plib_sercom5_usart.o
                0x20000118                sercom5USARTObj
 COMMON         0x20000148        0x8 build/sam_d21_xpro_winc1500/production/_ext/1143908167/plib_tc3.o
                0x20000148                TC3_CallbackObject
 COMMON         0x20000150        0xc build/sam_d21_xpro_winc1500/production/_ext/281389274/initialization.o
                0x20000150                sysObj
 COMMON         0x2000015c        0x2 build/sam_d21_xpro_winc1500/production/_ext/1360937237/app.o
                0x2000015c                appData
                0x20000160                . = ALIGN (0x4)
 *fill*         0x2000015e        0x2 
                0x20000160                __bss_end__ = .
                0x20000160                _ebss = .
                0x20000160                _ezero = .
                0x20000160                . = ALIGN (0x4)
                0x20000160                _end = .
                0x20007fff                _ram_end_ = ((ORIGIN (ram) + LENGTH (ram)) - 0x1)
                0x00002710                _min_heap_size = 0x2710
START GROUP
LOAD c:/program files/microchip/xc32/v2.41/bin/bin/../../lib/gcc/pic32c/6.2.1/../../../../pic32c/lib\libpic32c.a
LOAD c:/program files/microchip/xc32/v2.41/bin/bin/../../lib/gcc/pic32c/6.2.1\libgcc.a
LOAD c:/program files/microchip/xc32/v2.41/bin/bin/../../lib/gcc/pic32c/6.2.1/../../../../pic32c/lib\libm_nano.a
LOAD c:/program files/microchip/xc32/v2.41/bin/bin/../../lib/gcc/pic32c/6.2.1/../../../../pic32c/lib\libc_nano.a
END GROUP
LOAD c:/program files/microchip/xc32/v2.41/bin/bin/../../lib/gcc/pic32c/6.2.1/crtend.o
LOAD c:/program files/microchip/xc32/v2.41/bin/bin/../../lib/gcc/pic32c/6.2.1/crtn.o
OUTPUT(dist/sam_d21_xpro_winc1500/production/sam_d21_xpro_winc1500.X.production.elf elf32-littlearm)
LOAD stack
LOAD data_init

.ARM.attributes
                0x00000000       0x28
 .ARM.attributes
                0x00000000       0x1e c:/program files/microchip/xc32/v2.41/bin/bin/../../lib/gcc/pic32c/6.2.1/crti.o
 .ARM.attributes
                0x0000001e       0x2c c:/program files/microchip/xc32/v2.41/bin/bin/../../lib/gcc/pic32c/6.2.1/crtbegin.o
 .ARM.attributes
                0x0000004a       0x32 build/sam_d21_xpro_winc1500/production/_ext/1062439459/drv_spi.o
 .ARM.attributes
                0x0000007c       0x32 build/sam_d21_xpro_winc1500/production/_ext/1115528141/wdrv_winc_gpio.o
 .ARM.attributes
                0x000000ae       0x32 build/sam_d21_xpro_winc1500/production/_ext/1837088568/wdrv_winc_spi.o
 .ARM.attributes
                0x000000e0       0x32 build/sam_d21_xpro_winc1500/production/_ext/418110372/nm_common.o
 .ARM.attributes
                0x00000112       0x32 build/sam_d21_xpro_winc1500/production/_ext/386821479/m2m_hif.o
 .ARM.attributes
                0x00000144       0x32 build/sam_d21_xpro_winc1500/production/_ext/386821479/m2m_wifi.o
 .ARM.attributes
                0x00000176       0x32 build/sam_d21_xpro_winc1500/production/_ext/386821479/nmasic.o
 .ARM.attributes
                0x000001a8       0x32 build/sam_d21_xpro_winc1500/production/_ext/386821479/nmbus.o
 .ARM.attributes
                0x000001da       0x32 build/sam_d21_xpro_winc1500/production/_ext/386821479/nmdrv.o
 .ARM.attributes
                0x0000020c       0x32 build/sam_d21_xpro_winc1500/production/_ext/386821479/nmspi.o
 .ARM.attributes
                0x0000023e       0x32 build/sam_d21_xpro_winc1500/production/_ext/1879120711/wdrv_winc_osal.o
 .ARM.attributes
                0x00000270       0x32 build/sam_d21_xpro_winc1500/production/_ext/2003669979/wdrv_winc.o
 .ARM.attributes
                0x000002a2       0x32 build/sam_d21_xpro_winc1500/production/_ext/1912998524/plib_clock.o
 .ARM.attributes
                0x000002d4       0x32 build/sam_d21_xpro_winc1500/production/_ext/1101428939/plib_eic.o
 .ARM.attributes
                0x00000306       0x32 build/sam_d21_xpro_winc1500/production/_ext/1910849038/plib_evsys.o
 .ARM.attributes
                0x00000338       0x32 build/sam_d21_xpro_winc1500/production/_ext/215722156/plib_nvic.o
 .ARM.attributes
                0x0000036a       0x32 build/sam_d21_xpro_winc1500/production/_ext/1311483782/plib_nvmctrl.o
 .ARM.attributes
                0x0000039c       0x32 build/sam_d21_xpro_winc1500/production/_ext/215775307/plib_port.o
 .ARM.attributes
                0x000003ce       0x32 build/sam_d21_xpro_winc1500/production/_ext/1670897031/plib_sercom4_spi_master.o
 .ARM.attributes
                0x00000400       0x32 build/sam_d21_xpro_winc1500/production/_ext/1242531425/plib_sercom5_usart.o
 .ARM.attributes
                0x00000432       0x32 build/sam_d21_xpro_winc1500/production/_ext/1143908167/plib_tc3.o
 .ARM.attributes
                0x00000464       0x32 build/sam_d21_xpro_winc1500/production/_ext/1923882300/platform_sercom_data.o
 .ARM.attributes
                0x00000496       0x32 build/sam_d21_xpro_winc1500/production/_ext/676678561/sys_dma.o
 .ARM.attributes
                0x000004c8       0x32 build/sam_d21_xpro_winc1500/production/_ext/720072173/sys_int.o
 .ARM.attributes
                0x000004fa       0x32 build/sam_d21_xpro_winc1500/production/_ext/1751631207/sys_time.o
 .ARM.attributes
                0x0000052c       0x32 build/sam_d21_xpro_winc1500/production/_ext/281389274/initialization.o
 .ARM.attributes
                0x0000055e       0x32 build/sam_d21_xpro_winc1500/production/_ext/281389274/interrupts.o
 .ARM.attributes
                0x00000590       0x32 build/sam_d21_xpro_winc1500/production/_ext/281389274/exceptions.o
 .ARM.attributes
                0x000005c2       0x32 build/sam_d21_xpro_winc1500/production/_ext/281389274/startup_xc32.o
 .ARM.attributes
                0x000005f4       0x32 build/sam_d21_xpro_winc1500/production/_ext/281389274/tasks.o
 .ARM.attributes
                0x00000626       0x32 build/sam_d21_xpro_winc1500/production/_ext/1756295213/platform_sercom.o
 .ARM.attributes
                0x00000658       0x32 build/sam_d21_xpro_winc1500/production/_ext/1891040070/serial_bridge.o
 .ARM.attributes
                0x0000068a       0x32 build/sam_d21_xpro_winc1500/production/_ext/1360937237/main.o
 .ARM.attributes
                0x000006bc       0x32 build/sam_d21_xpro_winc1500/production/_ext/1360937237/app.o
 .ARM.attributes
                0x000006ee       0x2c c:/program files/microchip/xc32/v2.41/bin/bin/../../lib/gcc/pic32c/6.2.1/../../../../pic32c/lib\libpic32c.a(data_init.o)
 .ARM.attributes
                0x0000071a       0x1e c:/program files/microchip/xc32/v2.41/bin/bin/../../lib/gcc/pic32c/6.2.1\libgcc.a(_udivsi3.o)
 .ARM.attributes
                0x00000738       0x1e c:/program files/microchip/xc32/v2.41/bin/bin/../../lib/gcc/pic32c/6.2.1\libgcc.a(_divsi3.o)
 .ARM.attributes
                0x00000756       0x1e c:/program files/microchip/xc32/v2.41/bin/bin/../../lib/gcc/pic32c/6.2.1\libgcc.a(_dvmd_tls.o)
 .ARM.attributes
                0x00000774       0x1e c:/program files/microchip/xc32/v2.41/bin/bin/../../lib/gcc/pic32c/6.2.1\libgcc.a(_aeabi_uldivmod.o)
 .ARM.attributes
                0x00000792       0x2c c:/program files/microchip/xc32/v2.41/bin/bin/../../lib/gcc/pic32c/6.2.1\libgcc.a(_muldi3.o)
 .ARM.attributes
                0x000007be       0x2c c:/program files/microchip/xc32/v2.41/bin/bin/../../lib/gcc/pic32c/6.2.1\libgcc.a(_udivmoddi4.o)
 .ARM.attributes
                0x000007ea       0x1e c:/program files/microchip/xc32/v2.41/bin/bin/../../lib/gcc/pic32c/6.2.1\libgcc.a(_lshrdi3.o)
 .ARM.attributes
                0x00000808       0x1e c:/program files/microchip/xc32/v2.41/bin/bin/../../lib/gcc/pic32c/6.2.1\libgcc.a(_ashldi3.o)
 .ARM.attributes
                0x00000826       0x1e c:/program files/microchip/xc32/v2.41/bin/bin/../../lib/gcc/pic32c/6.2.1\libgcc.a(_clzdi2.o)
 .ARM.attributes
                0x00000844       0x1e c:/program files/microchip/xc32/v2.41/bin/bin/../../lib/gcc/pic32c/6.2.1\libgcc.a(_clzsi2.o)
 .ARM.attributes
                0x00000862       0x2c c:/program files/microchip/xc32/v2.41/bin/bin/../../lib/gcc/pic32c/6.2.1/../../../../pic32c/lib\libc_nano.a(lib_a-init.o)
 .ARM.attributes
                0x0000088e       0x2c c:/program files/microchip/xc32/v2.41/bin/bin/../../lib/gcc/pic32c/6.2.1/../../../../pic32c/lib\libc_nano.a(lib_a-memcpy-stub.o)
 .ARM.attributes
                0x000008ba       0x2c c:/program files/microchip/xc32/v2.41/bin/bin/../../lib/gcc/pic32c/6.2.1/../../../../pic32c/lib\libc_nano.a(lib_a-memset.o)
 .ARM.attributes
                0x000008e6       0x1e c:/program files/microchip/xc32/v2.41/bin/bin/../../lib/gcc/pic32c/6.2.1/crtn.o

.comment        0x00000000       0x3c
 .comment       0x00000000       0x3c c:/program files/microchip/xc32/v2.41/bin/bin/../../lib/gcc/pic32c/6.2.1/crtbegin.o
                                 0x3d (size before relaxing)
 .comment       0x0000003c       0x3d build/sam_d21_xpro_winc1500/production/_ext/1062439459/drv_spi.o
 .comment       0x0000003c       0x3d build/sam_d21_xpro_winc1500/production/_ext/1115528141/wdrv_winc_gpio.o
 .comment       0x0000003c       0x3d build/sam_d21_xpro_winc1500/production/_ext/1837088568/wdrv_winc_spi.o
 .comment       0x0000003c       0x3d build/sam_d21_xpro_winc1500/production/_ext/418110372/nm_common.o
 .comment       0x0000003c       0x3d build/sam_d21_xpro_winc1500/production/_ext/386821479/m2m_hif.o
 .comment       0x0000003c       0x3d build/sam_d21_xpro_winc1500/production/_ext/386821479/m2m_wifi.o
 .comment       0x0000003c       0x3d build/sam_d21_xpro_winc1500/production/_ext/386821479/nmasic.o
 .comment       0x0000003c       0x3d build/sam_d21_xpro_winc1500/production/_ext/386821479/nmbus.o
 .comment       0x0000003c       0x3d build/sam_d21_xpro_winc1500/production/_ext/386821479/nmdrv.o
 .comment       0x0000003c       0x3d build/sam_d21_xpro_winc1500/production/_ext/386821479/nmspi.o
 .comment       0x0000003c       0x3d build/sam_d21_xpro_winc1500/production/_ext/1879120711/wdrv_winc_osal.o
 .comment       0x0000003c       0x3d build/sam_d21_xpro_winc1500/production/_ext/2003669979/wdrv_winc.o
 .comment       0x0000003c       0x3d build/sam_d21_xpro_winc1500/production/_ext/1912998524/plib_clock.o
 .comment       0x0000003c       0x3d build/sam_d21_xpro_winc1500/production/_ext/1101428939/plib_eic.o
 .comment       0x0000003c       0x3d build/sam_d21_xpro_winc1500/production/_ext/1910849038/plib_evsys.o
 .comment       0x0000003c       0x3d build/sam_d21_xpro_winc1500/production/_ext/215722156/plib_nvic.o
 .comment       0x0000003c       0x3d build/sam_d21_xpro_winc1500/production/_ext/1311483782/plib_nvmctrl.o
 .comment       0x0000003c       0x3d build/sam_d21_xpro_winc1500/production/_ext/215775307/plib_port.o
 .comment       0x0000003c       0x3d build/sam_d21_xpro_winc1500/production/_ext/1670897031/plib_sercom4_spi_master.o
 .comment       0x0000003c       0x3d build/sam_d21_xpro_winc1500/production/_ext/1242531425/plib_sercom5_usart.o
 .comment       0x0000003c       0x3d build/sam_d21_xpro_winc1500/production/_ext/1143908167/plib_tc3.o
 .comment       0x0000003c       0x3d build/sam_d21_xpro_winc1500/production/_ext/1923882300/platform_sercom_data.o
 .comment       0x0000003c       0x3d build/sam_d21_xpro_winc1500/production/_ext/676678561/sys_dma.o
 .comment       0x0000003c       0x3d build/sam_d21_xpro_winc1500/production/_ext/720072173/sys_int.o
 .comment       0x0000003c       0x3d build/sam_d21_xpro_winc1500/production/_ext/1751631207/sys_time.o
 .comment       0x0000003c       0x3d build/sam_d21_xpro_winc1500/production/_ext/281389274/initialization.o
 .comment       0x0000003c       0x3d build/sam_d21_xpro_winc1500/production/_ext/281389274/interrupts.o
 .comment       0x0000003c       0x3d build/sam_d21_xpro_winc1500/production/_ext/281389274/exceptions.o
 .comment       0x0000003c       0x3d build/sam_d21_xpro_winc1500/production/_ext/281389274/startup_xc32.o
 .comment       0x0000003c       0x3d build/sam_d21_xpro_winc1500/production/_ext/281389274/tasks.o
 .comment       0x0000003c       0x3d build/sam_d21_xpro_winc1500/production/_ext/1756295213/platform_sercom.o
 .comment       0x0000003c       0x3d build/sam_d21_xpro_winc1500/production/_ext/1891040070/serial_bridge.o
 .comment       0x0000003c       0x3d build/sam_d21_xpro_winc1500/production/_ext/1360937237/main.o
 .comment       0x0000003c       0x3d build/sam_d21_xpro_winc1500/production/_ext/1360937237/app.o
 .comment       0x0000003c       0x3d c:/program files/microchip/xc32/v2.41/bin/bin/../../lib/gcc/pic32c/6.2.1/../../../../pic32c/lib\libpic32c.a(data_init.o)
 .comment       0x0000003c       0x3d c:/program files/microchip/xc32/v2.41/bin/bin/../../lib/gcc/pic32c/6.2.1\libgcc.a(_muldi3.o)
 .comment       0x0000003c       0x3d c:/program files/microchip/xc32/v2.41/bin/bin/../../lib/gcc/pic32c/6.2.1\libgcc.a(_udivmoddi4.o)
 .comment       0x0000003c       0x3d c:/program files/microchip/xc32/v2.41/bin/bin/../../lib/gcc/pic32c/6.2.1/../../../../pic32c/lib\libc_nano.a(lib_a-init.o)
 .comment       0x0000003c       0x3d c:/program files/microchip/xc32/v2.41/bin/bin/../../lib/gcc/pic32c/6.2.1/../../../../pic32c/lib\libc_nano.a(lib_a-memcpy-stub.o)
 .comment       0x0000003c       0x3d c:/program files/microchip/xc32/v2.41/bin/bin/../../lib/gcc/pic32c/6.2.1/../../../../pic32c/lib\libc_nano.a(lib_a-memset.o)

.debug_info     0x00000000    0x404f1
 .debug_info    0x00000000     0x41ee build/sam_d21_xpro_winc1500/production/_ext/1062439459/drv_spi.o
 .debug_info    0x000041ee     0x1293 build/sam_d21_xpro_winc1500/production/_ext/1115528141/wdrv_winc_gpio.o
 .debug_info    0x00005481     0x1e10 build/sam_d21_xpro_winc1500/production/_ext/1837088568/wdrv_winc_spi.o
 .debug_info    0x00007291     0x1157 build/sam_d21_xpro_winc1500/production/_ext/418110372/nm_common.o
 .debug_info    0x000083e8     0x22e9 build/sam_d21_xpro_winc1500/production/_ext/386821479/m2m_hif.o
 .debug_info    0x0000a6d1     0x7a18 build/sam_d21_xpro_winc1500/production/_ext/386821479/m2m_wifi.o
 .debug_info    0x000120e9     0x223b build/sam_d21_xpro_winc1500/production/_ext/386821479/nmasic.o
 .debug_info    0x00014324     0x1716 build/sam_d21_xpro_winc1500/production/_ext/386821479/nmbus.o
 .debug_info    0x00015a3a     0x1958 build/sam_d21_xpro_winc1500/production/_ext/386821479/nmdrv.o
 .debug_info    0x00017392     0x243f build/sam_d21_xpro_winc1500/production/_ext/386821479/nmspi.o
 .debug_info    0x000197d1     0x10c1 build/sam_d21_xpro_winc1500/production/_ext/1879120711/wdrv_winc_osal.o
 .debug_info    0x0001a892     0x6018 build/sam_d21_xpro_winc1500/production/_ext/2003669979/wdrv_winc.o
 .debug_info    0x000208aa      0xa76 build/sam_d21_xpro_winc1500/production/_ext/1912998524/plib_clock.o
 .debug_info    0x00021320      0x69f build/sam_d21_xpro_winc1500/production/_ext/1101428939/plib_eic.o
 .debug_info    0x000219bf      0x30d build/sam_d21_xpro_winc1500/production/_ext/1910849038/plib_evsys.o
 .debug_info    0x00021ccc      0x8ba build/sam_d21_xpro_winc1500/production/_ext/215722156/plib_nvic.o
 .debug_info    0x00022586     0x1302 build/sam_d21_xpro_winc1500/production/_ext/1311483782/plib_nvmctrl.o
 .debug_info    0x00023888      0x7c1 build/sam_d21_xpro_winc1500/production/_ext/215775307/plib_port.o
 .debug_info    0x00024049     0x1316 build/sam_d21_xpro_winc1500/production/_ext/1670897031/plib_sercom4_spi_master.o
 .debug_info    0x0002535f     0x16d2 build/sam_d21_xpro_winc1500/production/_ext/1242531425/plib_sercom5_usart.o
 .debug_info    0x00026a31      0xc1b build/sam_d21_xpro_winc1500/production/_ext/1143908167/plib_tc3.o
 .debug_info    0x0002764c     0x1838 build/sam_d21_xpro_winc1500/production/_ext/1923882300/platform_sercom_data.o
 .debug_info    0x00028e84      0x6a6 build/sam_d21_xpro_winc1500/production/_ext/676678561/sys_dma.o
 .debug_info    0x0002952a      0x9a7 build/sam_d21_xpro_winc1500/production/_ext/720072173/sys_int.o
 .debug_info    0x00029ed1     0x3236 build/sam_d21_xpro_winc1500/production/_ext/1751631207/sys_time.o
 .debug_info    0x0002d107     0x2b3d build/sam_d21_xpro_winc1500/production/_ext/281389274/initialization.o
 .debug_info    0x0002fc44     0x1543 build/sam_d21_xpro_winc1500/production/_ext/281389274/interrupts.o
 .debug_info    0x00031187      0xfb4 build/sam_d21_xpro_winc1500/production/_ext/281389274/exceptions.o
 .debug_info    0x0003213b     0x1142 build/sam_d21_xpro_winc1500/production/_ext/281389274/startup_xc32.o
 .debug_info    0x0003327d      0xfb0 build/sam_d21_xpro_winc1500/production/_ext/281389274/tasks.o
 .debug_info    0x0003422d     0x2e8a build/sam_d21_xpro_winc1500/production/_ext/1756295213/platform_sercom.o
 .debug_info    0x000370b7     0x1669 build/sam_d21_xpro_winc1500/production/_ext/1891040070/serial_bridge.o
 .debug_info    0x00038720      0xf9a build/sam_d21_xpro_winc1500/production/_ext/1360937237/main.o
 .debug_info    0x000396ba     0x17e6 build/sam_d21_xpro_winc1500/production/_ext/1360937237/app.o
 .debug_info    0x0003aea0      0x1f0 c:/program files/microchip/xc32/v2.41/bin/bin/../../lib/gcc/pic32c/6.2.1/../../../../pic32c/lib\libpic32c.a(data_init.o)
 .debug_info    0x0003b090       0xee c:/program files/microchip/xc32/v2.41/bin/bin/../../lib/gcc/pic32c/6.2.1\libgcc.a(_udivsi3.o)
 .debug_info    0x0003b17e       0xee c:/program files/microchip/xc32/v2.41/bin/bin/../../lib/gcc/pic32c/6.2.1\libgcc.a(_divsi3.o)
 .debug_info    0x0003b26c       0xee c:/program files/microchip/xc32/v2.41/bin/bin/../../lib/gcc/pic32c/6.2.1\libgcc.a(_dvmd_tls.o)
 .debug_info    0x0003b35a       0xee c:/program files/microchip/xc32/v2.41/bin/bin/../../lib/gcc/pic32c/6.2.1\libgcc.a(_aeabi_uldivmod.o)
 .debug_info    0x0003b448     0x13d1 c:/program files/microchip/xc32/v2.41/bin/bin/../../lib/gcc/pic32c/6.2.1\libgcc.a(_muldi3.o)
 .debug_info    0x0003c819     0x132c c:/program files/microchip/xc32/v2.41/bin/bin/../../lib/gcc/pic32c/6.2.1\libgcc.a(_udivmoddi4.o)
 .debug_info    0x0003db45       0xee c:/program files/microchip/xc32/v2.41/bin/bin/../../lib/gcc/pic32c/6.2.1\libgcc.a(_lshrdi3.o)
 .debug_info    0x0003dc33       0xee c:/program files/microchip/xc32/v2.41/bin/bin/../../lib/gcc/pic32c/6.2.1\libgcc.a(_ashldi3.o)
 .debug_info    0x0003dd21       0xee c:/program files/microchip/xc32/v2.41/bin/bin/../../lib/gcc/pic32c/6.2.1\libgcc.a(_clzdi2.o)
 .debug_info    0x0003de0f       0xee c:/program files/microchip/xc32/v2.41/bin/bin/../../lib/gcc/pic32c/6.2.1\libgcc.a(_clzsi2.o)
 .debug_info    0x0003defd      0x359 c:/program files/microchip/xc32/v2.41/bin/bin/../../lib/gcc/pic32c/6.2.1/../../../../pic32c/lib\libc_nano.a(lib_a-init.o)
 .debug_info    0x0003e256      0xdb3 c:/program files/microchip/xc32/v2.41/bin/bin/../../lib/gcc/pic32c/6.2.1/../../../../pic32c/lib\libc_nano.a(lib_a-memcpy-stub.o)
 .debug_info    0x0003f009     0x14e8 c:/program files/microchip/xc32/v2.41/bin/bin/../../lib/gcc/pic32c/6.2.1/../../../../pic32c/lib\libc_nano.a(lib_a-memset.o)

.debug_abbrev   0x00000000     0x6038
 .debug_abbrev  0x00000000      0x551 build/sam_d21_xpro_winc1500/production/_ext/1062439459/drv_spi.o
 .debug_abbrev  0x00000551      0x1c0 build/sam_d21_xpro_winc1500/production/_ext/1115528141/wdrv_winc_gpio.o
 .debug_abbrev  0x00000711      0x349 build/sam_d21_xpro_winc1500/production/_ext/1837088568/wdrv_winc_spi.o
 .debug_abbrev  0x00000a5a      0x245 build/sam_d21_xpro_winc1500/production/_ext/418110372/nm_common.o
 .debug_abbrev  0x00000c9f      0x514 build/sam_d21_xpro_winc1500/production/_ext/386821479/m2m_hif.o
 .debug_abbrev  0x000011b3      0x496 build/sam_d21_xpro_winc1500/production/_ext/386821479/m2m_wifi.o
 .debug_abbrev  0x00001649      0x362 build/sam_d21_xpro_winc1500/production/_ext/386821479/nmasic.o
 .debug_abbrev  0x000019ab      0x2fe build/sam_d21_xpro_winc1500/production/_ext/386821479/nmbus.o
 .debug_abbrev  0x00001ca9      0x2ae build/sam_d21_xpro_winc1500/production/_ext/386821479/nmdrv.o
 .debug_abbrev  0x00001f57      0x42c build/sam_d21_xpro_winc1500/production/_ext/386821479/nmspi.o
 .debug_abbrev  0x00002383      0x207 build/sam_d21_xpro_winc1500/production/_ext/1879120711/wdrv_winc_osal.o
 .debug_abbrev  0x0000258a      0x54f build/sam_d21_xpro_winc1500/production/_ext/2003669979/wdrv_winc.o
 .debug_abbrev  0x00002ad9      0x142 build/sam_d21_xpro_winc1500/production/_ext/1912998524/plib_clock.o
 .debug_abbrev  0x00002c1b      0x186 build/sam_d21_xpro_winc1500/production/_ext/1101428939/plib_eic.o
 .debug_abbrev  0x00002da1       0x39 build/sam_d21_xpro_winc1500/production/_ext/1910849038/plib_evsys.o
 .debug_abbrev  0x00002dda      0x144 build/sam_d21_xpro_winc1500/production/_ext/215722156/plib_nvic.o
 .debug_abbrev  0x00002f1e      0x26a build/sam_d21_xpro_winc1500/production/_ext/1311483782/plib_nvmctrl.o
 .debug_abbrev  0x00003188      0x14f build/sam_d21_xpro_winc1500/production/_ext/215775307/plib_port.o
 .debug_abbrev  0x000032d7      0x23b build/sam_d21_xpro_winc1500/production/_ext/1670897031/plib_sercom4_spi_master.o
 .debug_abbrev  0x00003512      0x33e build/sam_d21_xpro_winc1500/production/_ext/1242531425/plib_sercom5_usart.o
 .debug_abbrev  0x00003850      0x1b8 build/sam_d21_xpro_winc1500/production/_ext/1143908167/plib_tc3.o
 .debug_abbrev  0x00003a08      0x1d0 build/sam_d21_xpro_winc1500/production/_ext/1923882300/platform_sercom_data.o
 .debug_abbrev  0x00003bd8       0x99 build/sam_d21_xpro_winc1500/production/_ext/676678561/sys_dma.o
 .debug_abbrev  0x00003c71      0x1df build/sam_d21_xpro_winc1500/production/_ext/720072173/sys_int.o
 .debug_abbrev  0x00003e50      0x5bb build/sam_d21_xpro_winc1500/production/_ext/1751631207/sys_time.o
 .debug_abbrev  0x0000440b      0x289 build/sam_d21_xpro_winc1500/production/_ext/281389274/initialization.o
 .debug_abbrev  0x00004694      0x1c9 build/sam_d21_xpro_winc1500/production/_ext/281389274/interrupts.o
 .debug_abbrev  0x0000485d      0x1af build/sam_d21_xpro_winc1500/production/_ext/281389274/exceptions.o
 .debug_abbrev  0x00004a0c      0x1f4 build/sam_d21_xpro_winc1500/production/_ext/281389274/startup_xc32.o
 .debug_abbrev  0x00004c00      0x1dd build/sam_d21_xpro_winc1500/production/_ext/281389274/tasks.o
 .debug_abbrev  0x00004ddd      0x457 build/sam_d21_xpro_winc1500/production/_ext/1756295213/platform_sercom.o
 .debug_abbrev  0x00005234      0x2d2 build/sam_d21_xpro_winc1500/production/_ext/1891040070/serial_bridge.o
 .debug_abbrev  0x00005506      0x1e6 build/sam_d21_xpro_winc1500/production/_ext/1360937237/main.o
 .debug_abbrev  0x000056ec      0x242 build/sam_d21_xpro_winc1500/production/_ext/1360937237/app.o
 .debug_abbrev  0x0000592e       0x2a c:/program files/microchip/xc32/v2.41/bin/bin/../../lib/gcc/pic32c/6.2.1/../../../../pic32c/lib\libpic32c.a(data_init.o)
 .debug_abbrev  0x00005958       0x14 c:/program files/microchip/xc32/v2.41/bin/bin/../../lib/gcc/pic32c/6.2.1\libgcc.a(_udivsi3.o)
 .debug_abbrev  0x0000596c       0x14 c:/program files/microchip/xc32/v2.41/bin/bin/../../lib/gcc/pic32c/6.2.1\libgcc.a(_divsi3.o)
 .debug_abbrev  0x00005980       0x14 c:/program files/microchip/xc32/v2.41/bin/bin/../../lib/gcc/pic32c/6.2.1\libgcc.a(_dvmd_tls.o)
 .debug_abbrev  0x00005994       0x14 c:/program files/microchip/xc32/v2.41/bin/bin/../../lib/gcc/pic32c/6.2.1\libgcc.a(_aeabi_uldivmod.o)
 .debug_abbrev  0x000059a8      0x176 c:/program files/microchip/xc32/v2.41/bin/bin/../../lib/gcc/pic32c/6.2.1\libgcc.a(_muldi3.o)
 .debug_abbrev  0x00005b1e      0x13b c:/program files/microchip/xc32/v2.41/bin/bin/../../lib/gcc/pic32c/6.2.1\libgcc.a(_udivmoddi4.o)
 .debug_abbrev  0x00005c59       0x14 c:/program files/microchip/xc32/v2.41/bin/bin/../../lib/gcc/pic32c/6.2.1\libgcc.a(_lshrdi3.o)
 .debug_abbrev  0x00005c6d       0x14 c:/program files/microchip/xc32/v2.41/bin/bin/../../lib/gcc/pic32c/6.2.1\libgcc.a(_ashldi3.o)
 .debug_abbrev  0x00005c81       0x14 c:/program files/microchip/xc32/v2.41/bin/bin/../../lib/gcc/pic32c/6.2.1\libgcc.a(_clzdi2.o)
 .debug_abbrev  0x00005c95       0x14 c:/program files/microchip/xc32/v2.41/bin/bin/../../lib/gcc/pic32c/6.2.1\libgcc.a(_clzsi2.o)
 .debug_abbrev  0x00005ca9       0xa3 c:/program files/microchip/xc32/v2.41/bin/bin/../../lib/gcc/pic32c/6.2.1/../../../../pic32c/lib\libc_nano.a(lib_a-init.o)
 .debug_abbrev  0x00005d4c      0x17c c:/program files/microchip/xc32/v2.41/bin/bin/../../lib/gcc/pic32c/6.2.1/../../../../pic32c/lib\libc_nano.a(lib_a-memcpy-stub.o)
 .debug_abbrev  0x00005ec8      0x170 c:/program files/microchip/xc32/v2.41/bin/bin/../../lib/gcc/pic32c/6.2.1/../../../../pic32c/lib\libc_nano.a(lib_a-memset.o)

.debug_loc      0x00000000     0xe91c
 .debug_loc     0x00000000     0x1a51 build/sam_d21_xpro_winc1500/production/_ext/1062439459/drv_spi.o
 .debug_loc     0x00001a51      0x6a6 build/sam_d21_xpro_winc1500/production/_ext/1837088568/wdrv_winc_spi.o
 .debug_loc     0x000020f7       0x9e build/sam_d21_xpro_winc1500/production/_ext/418110372/nm_common.o
 .debug_loc     0x00002195      0xa70 build/sam_d21_xpro_winc1500/production/_ext/386821479/m2m_hif.o
 .debug_loc     0x00002c05     0x3599 build/sam_d21_xpro_winc1500/production/_ext/386821479/m2m_wifi.o
 .debug_loc     0x0000619e      0xc4c build/sam_d21_xpro_winc1500/production/_ext/386821479/nmasic.o
 .debug_loc     0x00006dea      0x604 build/sam_d21_xpro_winc1500/production/_ext/386821479/nmbus.o
 .debug_loc     0x000073ee      0x77e build/sam_d21_xpro_winc1500/production/_ext/386821479/nmdrv.o
 .debug_loc     0x00007b6c     0x1371 build/sam_d21_xpro_winc1500/production/_ext/386821479/nmspi.o
 .debug_loc     0x00008edd       0x4d build/sam_d21_xpro_winc1500/production/_ext/1879120711/wdrv_winc_osal.o
 .debug_loc     0x00008f2a     0x18c1 build/sam_d21_xpro_winc1500/production/_ext/2003669979/wdrv_winc.o
 .debug_loc     0x0000a7eb       0xe3 build/sam_d21_xpro_winc1500/production/_ext/1912998524/plib_clock.o
 .debug_loc     0x0000a8ce      0x101 build/sam_d21_xpro_winc1500/production/_ext/1101428939/plib_eic.o
 .debug_loc     0x0000a9cf      0x110 build/sam_d21_xpro_winc1500/production/_ext/215722156/plib_nvic.o
 .debug_loc     0x0000aadf      0x1aa build/sam_d21_xpro_winc1500/production/_ext/1311483782/plib_nvmctrl.o
 .debug_loc     0x0000ac89       0xa4 build/sam_d21_xpro_winc1500/production/_ext/215775307/plib_port.o
 .debug_loc     0x0000ad2d      0x3fe build/sam_d21_xpro_winc1500/production/_ext/1670897031/plib_sercom4_spi_master.o
 .debug_loc     0x0000b12b      0x434 build/sam_d21_xpro_winc1500/production/_ext/1242531425/plib_sercom5_usart.o
 .debug_loc     0x0000b55f       0x54 build/sam_d21_xpro_winc1500/production/_ext/1143908167/plib_tc3.o
 .debug_loc     0x0000b5b3       0xfc build/sam_d21_xpro_winc1500/production/_ext/720072173/sys_int.o
 .debug_loc     0x0000b6af     0x204e build/sam_d21_xpro_winc1500/production/_ext/1751631207/sys_time.o
 .debug_loc     0x0000d6fd       0x41 build/sam_d21_xpro_winc1500/production/_ext/281389274/initialization.o
 .debug_loc     0x0000d73e       0x20 build/sam_d21_xpro_winc1500/production/_ext/281389274/startup_xc32.o
 .debug_loc     0x0000d75e       0x20 build/sam_d21_xpro_winc1500/production/_ext/281389274/tasks.o
 .debug_loc     0x0000d77e      0x8b6 build/sam_d21_xpro_winc1500/production/_ext/1756295213/platform_sercom.o
 .debug_loc     0x0000e034      0x2b1 build/sam_d21_xpro_winc1500/production/_ext/1891040070/serial_bridge.o
 .debug_loc     0x0000e2e5       0x20 build/sam_d21_xpro_winc1500/production/_ext/1360937237/main.o
 .debug_loc     0x0000e305       0x40 build/sam_d21_xpro_winc1500/production/_ext/1360937237/app.o
 .debug_loc     0x0000e345       0x14 c:/program files/microchip/xc32/v2.41/bin/bin/../../lib/gcc/pic32c/6.2.1/../../../../pic32c/lib\libpic32c.a(data_init.o)
 .debug_loc     0x0000e359      0x164 c:/program files/microchip/xc32/v2.41/bin/bin/../../lib/gcc/pic32c/6.2.1\libgcc.a(_muldi3.o)
 .debug_loc     0x0000e4bd      0x29d c:/program files/microchip/xc32/v2.41/bin/bin/../../lib/gcc/pic32c/6.2.1\libgcc.a(_udivmoddi4.o)
 .debug_loc     0x0000e75a       0x72 c:/program files/microchip/xc32/v2.41/bin/bin/../../lib/gcc/pic32c/6.2.1/../../../../pic32c/lib\libc_nano.a(lib_a-init.o)
 .debug_loc     0x0000e7cc       0xde c:/program files/microchip/xc32/v2.41/bin/bin/../../lib/gcc/pic32c/6.2.1/../../../../pic32c/lib\libc_nano.a(lib_a-memcpy-stub.o)
 .debug_loc     0x0000e8aa       0x72 c:/program files/microchip/xc32/v2.41/bin/bin/../../lib/gcc/pic32c/6.2.1/../../../../pic32c/lib\libc_nano.a(lib_a-memset.o)

.debug_aranges  0x00000000      0xf38
 .debug_aranges
                0x00000000       0xb0 build/sam_d21_xpro_winc1500/production/_ext/1062439459/drv_spi.o
 .debug_aranges
                0x000000b0       0x38 build/sam_d21_xpro_winc1500/production/_ext/1115528141/wdrv_winc_gpio.o
 .debug_aranges
                0x000000e8       0x40 build/sam_d21_xpro_winc1500/production/_ext/1837088568/wdrv_winc_spi.o
 .debug_aranges
                0x00000128       0x28 build/sam_d21_xpro_winc1500/production/_ext/418110372/nm_common.o
 .debug_aranges
                0x00000150       0x80 build/sam_d21_xpro_winc1500/production/_ext/386821479/m2m_hif.o
 .debug_aranges
                0x000001d0      0x278 build/sam_d21_xpro_winc1500/production/_ext/386821479/m2m_wifi.o
 .debug_aranges
                0x00000448       0xc8 build/sam_d21_xpro_winc1500/production/_ext/386821479/nmasic.o
 .debug_aranges
                0x00000510       0x60 build/sam_d21_xpro_winc1500/production/_ext/386821479/nmbus.o
 .debug_aranges
                0x00000570       0x58 build/sam_d21_xpro_winc1500/production/_ext/386821479/nmdrv.o
 .debug_aranges
                0x000005c8       0x80 build/sam_d21_xpro_winc1500/production/_ext/386821479/nmspi.o
 .debug_aranges
                0x00000648       0x20 build/sam_d21_xpro_winc1500/production/_ext/1879120711/wdrv_winc_osal.o
 .debug_aranges
                0x00000668       0xf0 build/sam_d21_xpro_winc1500/production/_ext/2003669979/wdrv_winc.o
 .debug_aranges
                0x00000758       0x20 build/sam_d21_xpro_winc1500/production/_ext/1912998524/plib_clock.o
 .debug_aranges
                0x00000778       0x40 build/sam_d21_xpro_winc1500/production/_ext/1101428939/plib_eic.o
 .debug_aranges
                0x000007b8       0x20 build/sam_d21_xpro_winc1500/production/_ext/1910849038/plib_evsys.o
 .debug_aranges
                0x000007d8       0x20 build/sam_d21_xpro_winc1500/production/_ext/215722156/plib_nvic.o
 .debug_aranges
                0x000007f8       0x60 build/sam_d21_xpro_winc1500/production/_ext/1311483782/plib_nvmctrl.o
 .debug_aranges
                0x00000858       0x60 build/sam_d21_xpro_winc1500/production/_ext/215775307/plib_port.o
 .debug_aranges
                0x000008b8       0x58 build/sam_d21_xpro_winc1500/production/_ext/1670897031/plib_sercom4_spi_master.o
 .debug_aranges
                0x00000910       0xb0 build/sam_d21_xpro_winc1500/production/_ext/1242531425/plib_sercom5_usart.o
 .debug_aranges
                0x000009c0       0x78 build/sam_d21_xpro_winc1500/production/_ext/1143908167/plib_tc3.o
 .debug_aranges
                0x00000a38       0x18 build/sam_d21_xpro_winc1500/production/_ext/1923882300/platform_sercom_data.o
 .debug_aranges
                0x00000a50       0x28 build/sam_d21_xpro_winc1500/production/_ext/676678561/sys_dma.o
 .debug_aranges
                0x00000a78       0x40 build/sam_d21_xpro_winc1500/production/_ext/720072173/sys_int.o
 .debug_aranges
                0x00000ab8      0x130 build/sam_d21_xpro_winc1500/production/_ext/1751631207/sys_time.o
 .debug_aranges
                0x00000be8       0x20 build/sam_d21_xpro_winc1500/production/_ext/281389274/initialization.o
 .debug_aranges
                0x00000c08       0x20 build/sam_d21_xpro_winc1500/production/_ext/281389274/interrupts.o
 .debug_aranges
                0x00000c28       0x28 build/sam_d21_xpro_winc1500/production/_ext/281389274/exceptions.o
 .debug_aranges
                0x00000c50       0x20 build/sam_d21_xpro_winc1500/production/_ext/281389274/startup_xc32.o
 .debug_aranges
                0x00000c70       0x20 build/sam_d21_xpro_winc1500/production/_ext/281389274/tasks.o
 .debug_aranges
                0x00000c90       0x70 build/sam_d21_xpro_winc1500/production/_ext/1756295213/platform_sercom.o
 .debug_aranges
                0x00000d00       0x30 build/sam_d21_xpro_winc1500/production/_ext/1891040070/serial_bridge.o
 .debug_aranges
                0x00000d30       0x20 build/sam_d21_xpro_winc1500/production/_ext/1360937237/main.o
 .debug_aranges
                0x00000d50       0x28 build/sam_d21_xpro_winc1500/production/_ext/1360937237/app.o
 .debug_aranges
                0x00000d78       0x20 c:/program files/microchip/xc32/v2.41/bin/bin/../../lib/gcc/pic32c/6.2.1/../../../../pic32c/lib\libpic32c.a(data_init.o)
 .debug_aranges
                0x00000d98       0x20 c:/program files/microchip/xc32/v2.41/bin/bin/../../lib/gcc/pic32c/6.2.1\libgcc.a(_udivsi3.o)
 .debug_aranges
                0x00000db8       0x20 c:/program files/microchip/xc32/v2.41/bin/bin/../../lib/gcc/pic32c/6.2.1\libgcc.a(_divsi3.o)
 .debug_aranges
                0x00000dd8       0x20 c:/program files/microchip/xc32/v2.41/bin/bin/../../lib/gcc/pic32c/6.2.1\libgcc.a(_dvmd_tls.o)
 .debug_aranges
                0x00000df8       0x20 c:/program files/microchip/xc32/v2.41/bin/bin/../../lib/gcc/pic32c/6.2.1\libgcc.a(_aeabi_uldivmod.o)
 .debug_aranges
                0x00000e18       0x20 c:/program files/microchip/xc32/v2.41/bin/bin/../../lib/gcc/pic32c/6.2.1\libgcc.a(_muldi3.o)
 .debug_aranges
                0x00000e38       0x20 c:/program files/microchip/xc32/v2.41/bin/bin/../../lib/gcc/pic32c/6.2.1\libgcc.a(_udivmoddi4.o)
 .debug_aranges
                0x00000e58       0x20 c:/program files/microchip/xc32/v2.41/bin/bin/../../lib/gcc/pic32c/6.2.1\libgcc.a(_lshrdi3.o)
 .debug_aranges
                0x00000e78       0x20 c:/program files/microchip/xc32/v2.41/bin/bin/../../lib/gcc/pic32c/6.2.1\libgcc.a(_ashldi3.o)
 .debug_aranges
                0x00000e98       0x20 c:/program files/microchip/xc32/v2.41/bin/bin/../../lib/gcc/pic32c/6.2.1\libgcc.a(_clzdi2.o)
 .debug_aranges
                0x00000eb8       0x20 c:/program files/microchip/xc32/v2.41/bin/bin/../../lib/gcc/pic32c/6.2.1\libgcc.a(_clzsi2.o)
 .debug_aranges
                0x00000ed8       0x20 c:/program files/microchip/xc32/v2.41/bin/bin/../../lib/gcc/pic32c/6.2.1/../../../../pic32c/lib\libc_nano.a(lib_a-init.o)
 .debug_aranges
                0x00000ef8       0x20 c:/program files/microchip/xc32/v2.41/bin/bin/../../lib/gcc/pic32c/6.2.1/../../../../pic32c/lib\libc_nano.a(lib_a-memcpy-stub.o)
 .debug_aranges
                0x00000f18       0x20 c:/program files/microchip/xc32/v2.41/bin/bin/../../lib/gcc/pic32c/6.2.1/../../../../pic32c/lib\libc_nano.a(lib_a-memset.o)

.debug_ranges   0x00000000     0x1080
 .debug_ranges  0x00000000      0x1d0 build/sam_d21_xpro_winc1500/production/_ext/1062439459/drv_spi.o
 .debug_ranges  0x000001d0       0x28 build/sam_d21_xpro_winc1500/production/_ext/1115528141/wdrv_winc_gpio.o
 .debug_ranges  0x000001f8       0x30 build/sam_d21_xpro_winc1500/production/_ext/1837088568/wdrv_winc_spi.o
 .debug_ranges  0x00000228       0x18 build/sam_d21_xpro_winc1500/production/_ext/418110372/nm_common.o
 .debug_ranges  0x00000240       0xb0 build/sam_d21_xpro_winc1500/production/_ext/386821479/m2m_hif.o
 .debug_ranges  0x000002f0      0x350 build/sam_d21_xpro_winc1500/production/_ext/386821479/m2m_wifi.o
 .debug_ranges  0x00000640       0xd0 build/sam_d21_xpro_winc1500/production/_ext/386821479/nmasic.o
 .debug_ranges  0x00000710       0x80 build/sam_d21_xpro_winc1500/production/_ext/386821479/nmbus.o
 .debug_ranges  0x00000790       0x48 build/sam_d21_xpro_winc1500/production/_ext/386821479/nmdrv.o
 .debug_ranges  0x000007d8      0x168 build/sam_d21_xpro_winc1500/production/_ext/386821479/nmspi.o
 .debug_ranges  0x00000940       0x10 build/sam_d21_xpro_winc1500/production/_ext/1879120711/wdrv_winc_osal.o
 .debug_ranges  0x00000950      0x128 build/sam_d21_xpro_winc1500/production/_ext/2003669979/wdrv_winc.o
 .debug_ranges  0x00000a78       0x28 build/sam_d21_xpro_winc1500/production/_ext/1912998524/plib_clock.o
 .debug_ranges  0x00000aa0       0x30 build/sam_d21_xpro_winc1500/production/_ext/1101428939/plib_eic.o
 .debug_ranges  0x00000ad0       0x10 build/sam_d21_xpro_winc1500/production/_ext/1910849038/plib_evsys.o
 .debug_ranges  0x00000ae0       0x10 build/sam_d21_xpro_winc1500/production/_ext/215722156/plib_nvic.o
 .debug_ranges  0x00000af0       0x50 build/sam_d21_xpro_winc1500/production/_ext/1311483782/plib_nvmctrl.o
 .debug_ranges  0x00000b40       0x50 build/sam_d21_xpro_winc1500/production/_ext/215775307/plib_port.o
 .debug_ranges  0x00000b90       0x48 build/sam_d21_xpro_winc1500/production/_ext/1670897031/plib_sercom4_spi_master.o
 .debug_ranges  0x00000bd8       0xa0 build/sam_d21_xpro_winc1500/production/_ext/1242531425/plib_sercom5_usart.o
 .debug_ranges  0x00000c78       0x68 build/sam_d21_xpro_winc1500/production/_ext/1143908167/plib_tc3.o
 .debug_ranges  0x00000ce0       0x18 build/sam_d21_xpro_winc1500/production/_ext/676678561/sys_dma.o
 .debug_ranges  0x00000cf8       0x30 build/sam_d21_xpro_winc1500/production/_ext/720072173/sys_int.o
 .debug_ranges  0x00000d28      0x1a0 build/sam_d21_xpro_winc1500/production/_ext/1751631207/sys_time.o
 .debug_ranges  0x00000ec8       0x10 build/sam_d21_xpro_winc1500/production/_ext/281389274/initialization.o
 .debug_ranges  0x00000ed8       0x10 build/sam_d21_xpro_winc1500/production/_ext/281389274/interrupts.o
 .debug_ranges  0x00000ee8       0x18 build/sam_d21_xpro_winc1500/production/_ext/281389274/exceptions.o
 .debug_ranges  0x00000f00       0x10 build/sam_d21_xpro_winc1500/production/_ext/281389274/startup_xc32.o
 .debug_ranges  0x00000f10       0x10 build/sam_d21_xpro_winc1500/production/_ext/281389274/tasks.o
 .debug_ranges  0x00000f20       0x98 build/sam_d21_xpro_winc1500/production/_ext/1756295213/platform_sercom.o
 .debug_ranges  0x00000fb8       0x38 build/sam_d21_xpro_winc1500/production/_ext/1891040070/serial_bridge.o
 .debug_ranges  0x00000ff0       0x10 build/sam_d21_xpro_winc1500/production/_ext/1360937237/main.o
 .debug_ranges  0x00001000       0x18 build/sam_d21_xpro_winc1500/production/_ext/1360937237/app.o
 .debug_ranges  0x00001018       0x10 c:/program files/microchip/xc32/v2.41/bin/bin/../../lib/gcc/pic32c/6.2.1/../../../../pic32c/lib\libpic32c.a(data_init.o)
 .debug_ranges  0x00001028       0x28 c:/program files/microchip/xc32/v2.41/bin/bin/../../lib/gcc/pic32c/6.2.1\libgcc.a(_muldi3.o)
 .debug_ranges  0x00001050       0x10 c:/program files/microchip/xc32/v2.41/bin/bin/../../lib/gcc/pic32c/6.2.1/../../../../pic32c/lib\libc_nano.a(lib_a-init.o)
 .debug_ranges  0x00001060       0x10 c:/program files/microchip/xc32/v2.41/bin/bin/../../lib/gcc/pic32c/6.2.1/../../../../pic32c/lib\libc_nano.a(lib_a-memcpy-stub.o)
 .debug_ranges  0x00001070       0x10 c:/program files/microchip/xc32/v2.41/bin/bin/../../lib/gcc/pic32c/6.2.1/../../../../pic32c/lib\libc_nano.a(lib_a-memset.o)

.debug_line     0x00000000     0x9e9d
 .debug_line    0x00000000      0x849 build/sam_d21_xpro_winc1500/production/_ext/1062439459/drv_spi.o
 .debug_line    0x00000849      0x2e8 build/sam_d21_xpro_winc1500/production/_ext/1115528141/wdrv_winc_gpio.o
 .debug_line    0x00000b31      0x4ef build/sam_d21_xpro_winc1500/production/_ext/1837088568/wdrv_winc_spi.o
 .debug_line    0x00001020      0x354 build/sam_d21_xpro_winc1500/production/_ext/418110372/nm_common.o
 .debug_line    0x00001374      0x6a7 build/sam_d21_xpro_winc1500/production/_ext/386821479/m2m_hif.o
 .debug_line    0x00001a1b      0xbc3 build/sam_d21_xpro_winc1500/production/_ext/386821479/m2m_wifi.o
 .debug_line    0x000025de      0x62a build/sam_d21_xpro_winc1500/production/_ext/386821479/nmasic.o
 .debug_line    0x00002c08      0x46d build/sam_d21_xpro_winc1500/production/_ext/386821479/nmbus.o
 .debug_line    0x00003075      0x4a0 build/sam_d21_xpro_winc1500/production/_ext/386821479/nmdrv.o
 .debug_line    0x00003515      0x76a build/sam_d21_xpro_winc1500/production/_ext/386821479/nmspi.o
 .debug_line    0x00003c7f      0x30a build/sam_d21_xpro_winc1500/production/_ext/1879120711/wdrv_winc_osal.o
 .debug_line    0x00003f89      0xa07 build/sam_d21_xpro_winc1500/production/_ext/2003669979/wdrv_winc.o
 .debug_line    0x00004990      0x174 build/sam_d21_xpro_winc1500/production/_ext/1912998524/plib_clock.o
 .debug_line    0x00004b04      0x1bc build/sam_d21_xpro_winc1500/production/_ext/1101428939/plib_eic.o
 .debug_line    0x00004cc0       0x72 build/sam_d21_xpro_winc1500/production/_ext/1910849038/plib_evsys.o
 .debug_line    0x00004d32      0x1b7 build/sam_d21_xpro_winc1500/production/_ext/215722156/plib_nvic.o
 .debug_line    0x00004ee9      0x263 build/sam_d21_xpro_winc1500/production/_ext/1311483782/plib_nvmctrl.o
 .debug_line    0x0000514c      0x1e7 build/sam_d21_xpro_winc1500/production/_ext/215775307/plib_port.o
 .debug_line    0x00005333      0x31a build/sam_d21_xpro_winc1500/production/_ext/1670897031/plib_sercom4_spi_master.o
 .debug_line    0x0000564d      0x39b build/sam_d21_xpro_winc1500/production/_ext/1242531425/plib_sercom5_usart.o
 .debug_line    0x000059e8      0x23c build/sam_d21_xpro_winc1500/production/_ext/1143908167/plib_tc3.o
 .debug_line    0x00005c24      0x398 build/sam_d21_xpro_winc1500/production/_ext/1923882300/platform_sercom_data.o
 .debug_line    0x00005fbc       0x87 build/sam_d21_xpro_winc1500/production/_ext/676678561/sys_dma.o
 .debug_line    0x00006043      0x26e build/sam_d21_xpro_winc1500/production/_ext/720072173/sys_int.o
 .debug_line    0x000062b1      0x819 build/sam_d21_xpro_winc1500/production/_ext/1751631207/sys_time.o
 .debug_line    0x00006aca      0x78b build/sam_d21_xpro_winc1500/production/_ext/281389274/initialization.o
 .debug_line    0x00007255      0x2b1 build/sam_d21_xpro_winc1500/production/_ext/281389274/interrupts.o
 .debug_line    0x00007506      0x252 build/sam_d21_xpro_winc1500/production/_ext/281389274/exceptions.o
 .debug_line    0x00007758      0x29a build/sam_d21_xpro_winc1500/production/_ext/281389274/startup_xc32.o
 .debug_line    0x000079f2      0x29e build/sam_d21_xpro_winc1500/production/_ext/281389274/tasks.o
 .debug_line    0x00007c90      0x6d9 build/sam_d21_xpro_winc1500/production/_ext/1756295213/platform_sercom.o
 .debug_line    0x00008369      0x3e4 build/sam_d21_xpro_winc1500/production/_ext/1891040070/serial_bridge.o
 .debug_line    0x0000874d      0x245 build/sam_d21_xpro_winc1500/production/_ext/1360937237/main.o
 .debug_line    0x00008992      0x3a4 build/sam_d21_xpro_winc1500/production/_ext/1360937237/app.o
 .debug_line    0x00008d36       0xe3 c:/program files/microchip/xc32/v2.41/bin/bin/../../lib/gcc/pic32c/6.2.1/../../../../pic32c/lib\libpic32c.a(data_init.o)
 .debug_line    0x00008e19       0xb3 c:/program files/microchip/xc32/v2.41/bin/bin/../../lib/gcc/pic32c/6.2.1\libgcc.a(_udivsi3.o)
 .debug_line    0x00008ecc       0xc1 c:/program files/microchip/xc32/v2.41/bin/bin/../../lib/gcc/pic32c/6.2.1\libgcc.a(_divsi3.o)
 .debug_line    0x00008f8d       0x9c c:/program files/microchip/xc32/v2.41/bin/bin/../../lib/gcc/pic32c/6.2.1\libgcc.a(_dvmd_tls.o)
 .debug_line    0x00009029       0xa7 c:/program files/microchip/xc32/v2.41/bin/bin/../../lib/gcc/pic32c/6.2.1\libgcc.a(_aeabi_uldivmod.o)
 .debug_line    0x000090d0      0x296 c:/program files/microchip/xc32/v2.41/bin/bin/../../lib/gcc/pic32c/6.2.1\libgcc.a(_muldi3.o)
 .debug_line    0x00009366      0x2b2 c:/program files/microchip/xc32/v2.41/bin/bin/../../lib/gcc/pic32c/6.2.1\libgcc.a(_udivmoddi4.o)
 .debug_line    0x00009618       0xa7 c:/program files/microchip/xc32/v2.41/bin/bin/../../lib/gcc/pic32c/6.2.1\libgcc.a(_lshrdi3.o)
 .debug_line    0x000096bf       0xa7 c:/program files/microchip/xc32/v2.41/bin/bin/../../lib/gcc/pic32c/6.2.1\libgcc.a(_ashldi3.o)
 .debug_line    0x00009766       0xa6 c:/program files/microchip/xc32/v2.41/bin/bin/../../lib/gcc/pic32c/6.2.1\libgcc.a(_clzdi2.o)
 .debug_line    0x0000980c       0xb0 c:/program files/microchip/xc32/v2.41/bin/bin/../../lib/gcc/pic32c/6.2.1\libgcc.a(_clzsi2.o)
 .debug_line    0x000098bc      0x118 c:/program files/microchip/xc32/v2.41/bin/bin/../../lib/gcc/pic32c/6.2.1/../../../../pic32c/lib\libc_nano.a(lib_a-init.o)
 .debug_line    0x000099d4      0x21c c:/program files/microchip/xc32/v2.41/bin/bin/../../lib/gcc/pic32c/6.2.1/../../../../pic32c/lib\libc_nano.a(lib_a-memcpy-stub.o)
 .debug_line    0x00009bf0      0x2ad c:/program files/microchip/xc32/v2.41/bin/bin/../../lib/gcc/pic32c/6.2.1/../../../../pic32c/lib\libc_nano.a(lib_a-memset.o)

.debug_str      0x00000000     0x1a18
 .debug_str     0x00000000      0x1ff build/sam_d21_xpro_winc1500/production/_ext/1062439459/drv_spi.o
 .debug_str     0x000001ff        0xe build/sam_d21_xpro_winc1500/production/_ext/1115528141/wdrv_winc_gpio.o
 .debug_str     0x0000020d       0xe0 build/sam_d21_xpro_winc1500/production/_ext/1837088568/wdrv_winc_spi.o
 .debug_str     0x000002ed       0x91 build/sam_d21_xpro_winc1500/production/_ext/418110372/nm_common.o
 .debug_str     0x0000037e       0xe0 build/sam_d21_xpro_winc1500/production/_ext/386821479/m2m_hif.o
 .debug_str     0x0000045e      0x3f0 build/sam_d21_xpro_winc1500/production/_ext/386821479/m2m_wifi.o
 .debug_str     0x0000084e       0x8d build/sam_d21_xpro_winc1500/production/_ext/386821479/nmasic.o
 .debug_str     0x000008db       0xa6 build/sam_d21_xpro_winc1500/production/_ext/386821479/nmbus.o
 .debug_str     0x00000981      0x137 build/sam_d21_xpro_winc1500/production/_ext/386821479/nmdrv.o
 .debug_str     0x00000ab8       0x88 build/sam_d21_xpro_winc1500/production/_ext/386821479/nmspi.o
 .debug_str     0x00000b40       0x38 build/sam_d21_xpro_winc1500/production/_ext/1879120711/wdrv_winc_osal.o
 .debug_str     0x00000b78      0x3ee build/sam_d21_xpro_winc1500/production/_ext/2003669979/wdrv_winc.o
 .debug_str     0x00000f66       0x28 build/sam_d21_xpro_winc1500/production/_ext/1912998524/plib_clock.o
 .debug_str     0x00000f8e        0x9 build/sam_d21_xpro_winc1500/production/_ext/1101428939/plib_eic.o
 .debug_str     0x00000f97        0x0 build/sam_d21_xpro_winc1500/production/_ext/1910849038/plib_evsys.o
 .debug_str     0x00000f97        0xa build/sam_d21_xpro_winc1500/production/_ext/215722156/plib_nvic.o
 .debug_str     0x00000fa1       0x16 build/sam_d21_xpro_winc1500/production/_ext/1311483782/plib_nvmctrl.o
 .debug_str     0x00000fb7        0xb build/sam_d21_xpro_winc1500/production/_ext/215775307/plib_port.o
 .debug_str     0x00000fc2      0x11e build/sam_d21_xpro_winc1500/production/_ext/1670897031/plib_sercom4_spi_master.o
 .debug_str     0x000010e0      0x101 build/sam_d21_xpro_winc1500/production/_ext/1242531425/plib_sercom5_usart.o
 .debug_str     0x000011e1       0xa7 build/sam_d21_xpro_winc1500/production/_ext/1143908167/plib_tc3.o
 .debug_str     0x00001288        0xe build/sam_d21_xpro_winc1500/production/_ext/1923882300/platform_sercom_data.o
 .debug_str     0x00001296        0x0 build/sam_d21_xpro_winc1500/production/_ext/676678561/sys_dma.o
 .debug_str     0x00001296       0x10 build/sam_d21_xpro_winc1500/production/_ext/720072173/sys_int.o
 .debug_str     0x000012a6      0x14e build/sam_d21_xpro_winc1500/production/_ext/1751631207/sys_time.o
 .debug_str     0x000013f4      0x10e build/sam_d21_xpro_winc1500/production/_ext/281389274/initialization.o
 .debug_str     0x00001502        0xe build/sam_d21_xpro_winc1500/production/_ext/281389274/interrupts.o
 .debug_str     0x00001510        0xe build/sam_d21_xpro_winc1500/production/_ext/281389274/exceptions.o
 .debug_str     0x0000151e       0x79 build/sam_d21_xpro_winc1500/production/_ext/281389274/startup_xc32.o
 .debug_str     0x00001597       0x28 build/sam_d21_xpro_winc1500/production/_ext/281389274/tasks.o
 .debug_str     0x000015bf      0x1a7 build/sam_d21_xpro_winc1500/production/_ext/1756295213/platform_sercom.o
 .debug_str     0x00001766      0x10e build/sam_d21_xpro_winc1500/production/_ext/1891040070/serial_bridge.o
 .debug_str     0x00001874       0x27 build/sam_d21_xpro_winc1500/production/_ext/1360937237/main.o
 .debug_str     0x0000189b       0x60 build/sam_d21_xpro_winc1500/production/_ext/1360937237/app.o
 .debug_str     0x000018fb        0x0 c:/program files/microchip/xc32/v2.41/bin/bin/../../lib/gcc/pic32c/6.2.1/../../../../pic32c/lib\libpic32c.a(data_init.o)
 .debug_str     0x000018fb        0x0 c:/program files/microchip/xc32/v2.41/bin/bin/../../lib/gcc/pic32c/6.2.1\libgcc.a(_muldi3.o)
 .debug_str     0x000018fb        0x0 c:/program files/microchip/xc32/v2.41/bin/bin/../../lib/gcc/pic32c/6.2.1\libgcc.a(_udivmoddi4.o)
 .debug_str     0x000018fb        0x0 c:/program files/microchip/xc32/v2.41/bin/bin/../../lib/gcc/pic32c/6.2.1/../../../../pic32c/lib\libc_nano.a(lib_a-init.o)
 .debug_str     0x000018fb        0x9 c:/program files/microchip/xc32/v2.41/bin/bin/../../lib/gcc/pic32c/6.2.1/../../../../pic32c/lib\libc_nano.a(lib_a-memcpy-stub.o)
 .debug_str     0x00001904      0x114 c:/program files/microchip/xc32/v2.41/bin/bin/../../lib/gcc/pic32c/6.2.1/../../../../pic32c/lib\libc_nano.a(lib_a-memset.o)

.debug_frame    0x00000000     0x2254
 .debug_frame   0x00000000      0x224 build/sam_d21_xpro_winc1500/production/_ext/1062439459/drv_spi.o
 .debug_frame   0x00000224       0x50 build/sam_d21_xpro_winc1500/production/_ext/1115528141/wdrv_winc_gpio.o
 .debug_frame   0x00000274       0x88 build/sam_d21_xpro_winc1500/production/_ext/1837088568/wdrv_winc_spi.o
 .debug_frame   0x000002fc       0x40 build/sam_d21_xpro_winc1500/production/_ext/418110372/nm_common.o
 .debug_frame   0x0000033c      0x138 build/sam_d21_xpro_winc1500/production/_ext/386821479/m2m_hif.o
 .debug_frame   0x00000474      0x7b0 build/sam_d21_xpro_winc1500/production/_ext/386821479/m2m_wifi.o
 .debug_frame   0x00000c24      0x270 build/sam_d21_xpro_winc1500/production/_ext/386821479/nmasic.o
 .debug_frame   0x00000e94       0xf8 build/sam_d21_xpro_winc1500/production/_ext/386821479/nmbus.o
 .debug_frame   0x00000f8c       0xec build/sam_d21_xpro_winc1500/production/_ext/386821479/nmdrv.o
 .debug_frame   0x00001078      0x194 build/sam_d21_xpro_winc1500/production/_ext/386821479/nmspi.o
 .debug_frame   0x0000120c       0x28 build/sam_d21_xpro_winc1500/production/_ext/1879120711/wdrv_winc_osal.o
 .debug_frame   0x00001234      0x280 build/sam_d21_xpro_winc1500/production/_ext/2003669979/wdrv_winc.o
 .debug_frame   0x000014b4       0x20 build/sam_d21_xpro_winc1500/production/_ext/1912998524/plib_clock.o
 .debug_frame   0x000014d4       0x88 build/sam_d21_xpro_winc1500/production/_ext/1101428939/plib_eic.o
 .debug_frame   0x0000155c       0x20 build/sam_d21_xpro_winc1500/production/_ext/1910849038/plib_evsys.o
 .debug_frame   0x0000157c       0x28 build/sam_d21_xpro_winc1500/production/_ext/215722156/plib_nvic.o
 .debug_frame   0x000015a4       0xb0 build/sam_d21_xpro_winc1500/production/_ext/1311483782/plib_nvmctrl.o
 .debug_frame   0x00001654       0xa8 build/sam_d21_xpro_winc1500/production/_ext/215775307/plib_port.o
 .debug_frame   0x000016fc       0xc0 build/sam_d21_xpro_winc1500/production/_ext/1670897031/plib_sercom4_spi_master.o
 .debug_frame   0x000017bc      0x16c build/sam_d21_xpro_winc1500/production/_ext/1242531425/plib_sercom5_usart.o
 .debug_frame   0x00001928       0xd8 build/sam_d21_xpro_winc1500/production/_ext/1143908167/plib_tc3.o
 .debug_frame   0x00001a00       0x30 build/sam_d21_xpro_winc1500/production/_ext/676678561/sys_dma.o
 .debug_frame   0x00001a30       0x6c build/sam_d21_xpro_winc1500/production/_ext/720072173/sys_int.o
 .debug_frame   0x00001a9c      0x398 build/sam_d21_xpro_winc1500/production/_ext/1751631207/sys_time.o
 .debug_frame   0x00001e34       0x28 build/sam_d21_xpro_winc1500/production/_ext/281389274/initialization.o
 .debug_frame   0x00001e5c       0x20 build/sam_d21_xpro_winc1500/production/_ext/281389274/interrupts.o
 .debug_frame   0x00001e7c       0x30 build/sam_d21_xpro_winc1500/production/_ext/281389274/exceptions.o
 .debug_frame   0x00001eac       0x28 build/sam_d21_xpro_winc1500/production/_ext/281389274/startup_xc32.o
 .debug_frame   0x00001ed4       0x28 build/sam_d21_xpro_winc1500/production/_ext/281389274/tasks.o
 .debug_frame   0x00001efc      0x144 build/sam_d21_xpro_winc1500/production/_ext/1756295213/platform_sercom.o
 .debug_frame   0x00002040       0x68 build/sam_d21_xpro_winc1500/production/_ext/1891040070/serial_bridge.o
 .debug_frame   0x000020a8       0x28 build/sam_d21_xpro_winc1500/production/_ext/1360937237/main.o
 .debug_frame   0x000020d0       0x40 build/sam_d21_xpro_winc1500/production/_ext/1360937237/app.o
 .debug_frame   0x00002110       0x2c c:/program files/microchip/xc32/v2.41/bin/bin/../../lib/gcc/pic32c/6.2.1/../../../../pic32c/lib\libpic32c.a(data_init.o)
 .debug_frame   0x0000213c       0x20 c:/program files/microchip/xc32/v2.41/bin/bin/../../lib/gcc/pic32c/6.2.1\libgcc.a(_udivsi3.o)
 .debug_frame   0x0000215c       0x20 c:/program files/microchip/xc32/v2.41/bin/bin/../../lib/gcc/pic32c/6.2.1\libgcc.a(_divsi3.o)
 .debug_frame   0x0000217c       0x34 c:/program files/microchip/xc32/v2.41/bin/bin/../../lib/gcc/pic32c/6.2.1\libgcc.a(_muldi3.o)
 .debug_frame   0x000021b0       0x30 c:/program files/microchip/xc32/v2.41/bin/bin/../../lib/gcc/pic32c/6.2.1\libgcc.a(_udivmoddi4.o)
 .debug_frame   0x000021e0       0x2c c:/program files/microchip/xc32/v2.41/bin/bin/../../lib/gcc/pic32c/6.2.1/../../../../pic32c/lib\libc_nano.a(lib_a-init.o)
 .debug_frame   0x0000220c       0x28 c:/program files/microchip/xc32/v2.41/bin/bin/../../lib/gcc/pic32c/6.2.1/../../../../pic32c/lib\libc_nano.a(lib_a-memcpy-stub.o)
 .debug_frame   0x00002234       0x20 c:/program files/microchip/xc32/v2.41/bin/bin/../../lib/gcc/pic32c/6.2.1/../../../../pic32c/lib\libc_nano.a(lib_a-memset.o)

.stack          0x200038c8      0x100
 .stack         0x200038c8      0x100 stack

.bss.serialBridgeDecoderState%1
                0x20000160      0x81c
 .bss.serialBridgeDecoderState
                0x20000160      0x81c build/sam_d21_xpro_winc1500/production/_ext/1360937237/app.o

.bss.usartReceiveBuffer%2
                0x2000097c      0x200
 .bss.usartReceiveBuffer
                0x2000097c      0x200 build/sam_d21_xpro_winc1500/production/_ext/1756295213/platform_sercom.o

.bss.usartTransmitBuffer%3
                0x20000b7c      0x200
 .bss.usartTransmitBuffer
                0x20000b7c      0x200 build/sam_d21_xpro_winc1500/production/_ext/1756295213/platform_sercom.o

.bss.drvSPI0TransferObjPool%4
                0x20000d7c      0x168
 .bss.drvSPI0TransferObjPool
                0x20000d7c      0x168 build/sam_d21_xpro_winc1500/production/_ext/281389274/initialization.o

.bss.wincDescriptor%5
                0x20000ee4       0xf4
 .bss.wincDescriptor
                0x20000ee4       0xf4 build/sam_d21_xpro_winc1500/production/_ext/2003669979/wdrv_winc.o

.bss.timers%6   0x20000fd8       0xa0
 .bss.timers    0x20000fd8       0xa0 build/sam_d21_xpro_winc1500/production/_ext/1751631207/sys_time.o

.bss.gDrvSPIObj%7
                0x20001078       0x60
 .bss.gDrvSPIObj
                0x20001078       0x60 build/sam_d21_xpro_winc1500/production/_ext/1062439459/drv_spi.o

.bss.gSystemCounterObj%8
                0x200010d8       0x38
 .bss.gSystemCounterObj
                0x200010d8       0x38 build/sam_d21_xpro_winc1500/production/_ext/1751631207/sys_time.o

.bss.drvSPI0ClientObjPool%9
                0x20001110       0x28
 .bss.drvSPI0ClientObjPool
                0x20001110       0x28 build/sam_d21_xpro_winc1500/production/_ext/281389274/initialization.o

.bss%10         0x20001138       0x1c
 .bss           0x20001138       0x1c c:/program files/microchip/xc32/v2.41/bin/bin/../../lib/gcc/pic32c/6.2.1/crtbegin.o

.bss.sercomSetup%11
                0x20001154       0x10
 .bss.sercomSetup
                0x20001154       0x10 build/sam_d21_xpro_winc1500/production/_ext/1756295213/platform_sercom.o

.bss.transferRxHandle%12
                0x20001164        0x4
 .bss.transferRxHandle
                0x20001164        0x4 build/sam_d21_xpro_winc1500/production/_ext/1837088568/wdrv_winc_spi.o

.bss.transferTxHandle%13
                0x20001168        0x4
 .bss.transferTxHandle
                0x20001168        0x4 build/sam_d21_xpro_winc1500/production/_ext/1837088568/wdrv_winc_spi.o

.data.spiHandle%14
                0x2000116c        0x4
 .data.spiHandle
                0x2000116c        0x4 build/sam_d21_xpro_winc1500/production/_ext/1837088568/wdrv_winc_spi.o

.bss.chipid.8937%15
                0x20001170        0x4
 .bss.chipid.8937
                0x20001170        0x4 build/sam_d21_xpro_winc1500/production/_ext/386821479/nmasic.o

.bss.usartReceiveInOffset%16
                0x20001174        0x4
 .bss.usartReceiveInOffset
                0x20001174        0x4 build/sam_d21_xpro_winc1500/production/_ext/1756295213/platform_sercom.o

.bss.usartReceiveLength%17
                0x20001178        0x4
 .bss.usartReceiveLength
                0x20001178        0x4 build/sam_d21_xpro_winc1500/production/_ext/1756295213/platform_sercom.o

.bss.usartReceiveOutOffset%18
                0x2000117c        0x4
 .bss.usartReceiveOutOffset
                0x2000117c        0x4 build/sam_d21_xpro_winc1500/production/_ext/1756295213/platform_sercom.o

.bss.usartTransmitInOffset%19
                0x20001180        0x4
 .bss.usartTransmitInOffset
                0x20001180        0x4 build/sam_d21_xpro_winc1500/production/_ext/1756295213/platform_sercom.o

.bss.usartTransmitLength%20
                0x20001184        0x4
 .bss.usartTransmitLength
                0x20001184        0x4 build/sam_d21_xpro_winc1500/production/_ext/1756295213/platform_sercom.o

.bss.usartTransmitOutOffset%21
                0x20001188        0x4
 .bss.usartTransmitOutOffset
                0x20001188        0x4 build/sam_d21_xpro_winc1500/production/_ext/1756295213/platform_sercom.o

.data.egstrNmBusCapabilities%22
                0x2000118c        0x2
 .data.egstrNmBusCapabilities
                0x2000118c        0x2 build/sam_d21_xpro_winc1500/production/_ext/386821479/nmbus.o
                0x2000118c                egstrNmBusCapabilities

.data.gSysTimeTokenCount%23
                0x2000118e        0x2
 .data.gSysTimeTokenCount
                0x2000118e        0x2 build/sam_d21_xpro_winc1500/production/_ext/1751631207/sys_time.o

.bss.dummy.9209%24
                0x20001190        0x1
 .bss.dummy.9209
                0x20001190        0x1 build/sam_d21_xpro_winc1500/production/_ext/1837088568/wdrv_winc_spi.o

.bss.rxSyncSem%25
                0x20001191        0x1
 .bss.rxSyncSem
                0x20001191        0x1 build/sam_d21_xpro_winc1500/production/_ext/1837088568/wdrv_winc_spi.o

.bss.txSyncSem%26
                0x20001192        0x1
 .bss.txSyncSem
                0x20001192        0x1 build/sam_d21_xpro_winc1500/production/_ext/1837088568/wdrv_winc_spi.o

.bss.hifSemaphore%27
                0x20001193        0x1
 .bss.hifSemaphore
                0x20001193        0x1 build/sam_d21_xpro_winc1500/production/_ext/386821479/m2m_hif.o

.bss.gu8WifiState%28
                0x20001194        0x1
 .bss.gu8WifiState
                0x20001194        0x1 build/sam_d21_xpro_winc1500/production/_ext/386821479/m2m_wifi.o

.bss.gu8Crc_off%29
                0x20001195        0x1
 .bss.gu8Crc_off
                0x20001195        0x1 build/sam_d21_xpro_winc1500/production/_ext/386821479/nmspi.o

.bss.s_spiLock%30
                0x20001196        0x1
 .bss.s_spiLock
                0x20001196        0x1 build/sam_d21_xpro_winc1500/production/_ext/386821479/nmspi.o

.bss.isLastByteTransferInProgress.5548%31
                0x20001197        0x1
 .bss.isLastByteTransferInProgress.5548
                0x20001197        0x1 build/sam_d21_xpro_winc1500/production/_ext/1670897031/plib_sercom4_spi_master.o

.bss.usartWriteMutex%32
                0x20001198        0x1
 .bss.usartWriteMutex
                0x20001198        0x1 build/sam_d21_xpro_winc1500/production/_ext/1756295213/platform_sercom.o

.eh_frame%z1    0x00000000        0x0
 .eh_frame      0x00000000        0x0 c:/program files/microchip/xc32/v2.41/bin/bin/../../lib/gcc/pic32c/6.2.1/crtbegin.o

.dinit%33       0x000000d8      0x200
 .dinit         0x000000d8      0x200 data_init

.text.DRV_SPI_WriteReadTransferAdd%34
                0x000002d8      0x1d8
 .text.DRV_SPI_WriteReadTransferAdd
                0x000002d8      0x1d8 build/sam_d21_xpro_winc1500/production/_ext/1062439459/drv_spi.o
                0x000002d8                DRV_SPI_WriteReadTransferAdd

.text.hif_handle_isr%35
                0x000004b0      0x1c8
 .text.hif_handle_isr
                0x000004b0      0x1c8 build/sam_d21_xpro_winc1500/production/_ext/386821479/m2m_hif.o
                0x000004b0                hif_handle_isr

.text.SERCOM4_SPI_InterruptHandler%36
                0x00000678      0x16c
 .text.SERCOM4_SPI_InterruptHandler
                0x00000678      0x16c build/sam_d21_xpro_winc1500/production/_ext/1670897031/plib_sercom4_spi_master.o
                0x00000678                SERCOM4_SPI_InterruptHandler

.text.SerialBridge_Process%37
                0x000007e4      0x16c
 .text.SerialBridge_Process
                0x000007e4      0x16c build/sam_d21_xpro_winc1500/production/_ext/1891040070/serial_bridge.o
                0x000007e4                SerialBridge_Process

.text.nm_spi_write_block%38
                0x00000950      0x160
 .text.nm_spi_write_block
                0x00000950      0x160 build/sam_d21_xpro_winc1500/production/_ext/386821479/nmspi.o
                0x00000950                nm_spi_write_block

.text.SerialBridge_PlatformUARTWritePutBuffer%39
                0x00000ab0      0x15c
 .text.SerialBridge_PlatformUARTWritePutBuffer
                0x00000ab0      0x15c build/sam_d21_xpro_winc1500/production/_ext/1756295213/platform_sercom.o
                0x00000ab0                SerialBridge_PlatformUARTWritePutBuffer

.text.SERCOM4_SPI_WriteRead%40
                0x00000c0c      0x140
 .text.SERCOM4_SPI_WriteRead
                0x00000c0c      0x140 build/sam_d21_xpro_winc1500/production/_ext/1670897031/plib_sercom4_spi_master.o
                0x00000c0c                SERCOM4_SPI_WriteRead

.text._DRV_SPI_StartDMATransfer%41
                0x00000d4c      0x138
 .text._DRV_SPI_StartDMATransfer
                0x00000d4c      0x138 build/sam_d21_xpro_winc1500/production/_ext/1062439459/drv_spi.o

.text.SERCOM5_USART_SerialSetup%42
                0x00000e84      0x134
 .text.SERCOM5_USART_SerialSetup
                0x00000e84      0x134 build/sam_d21_xpro_winc1500/production/_ext/1242531425/plib_sercom5_usart.o
                0x00000e84                SERCOM5_USART_SerialSetup

.text.spi_cmd%43
                0x00000fb8      0x118
 .text.spi_cmd  0x00000fb8      0x118 build/sam_d21_xpro_winc1500/production/_ext/386821479/nmspi.o

.text.DRV_SPI_Open%44
                0x000010d0      0x108
 .text.DRV_SPI_Open
                0x000010d0      0x108 build/sam_d21_xpro_winc1500/production/_ext/1062439459/drv_spi.o
                0x000010d0                DRV_SPI_Open

.rodata.crc7_syndrome_table%45
                0x000011d8      0x100
 .rodata.crc7_syndrome_table
                0x000011d8      0x100 build/sam_d21_xpro_winc1500/production/_ext/386821479/nmspi.o

.text._ProcessCommand%46
                0x000012d8      0x100
 .text._ProcessCommand
                0x000012d8      0x100 build/sam_d21_xpro_winc1500/production/_ext/1891040070/serial_bridge.o

.text.SERCOM5_USART_InterruptHandler%47
                0x000013d8       0xe4
 .text.SERCOM5_USART_InterruptHandler
                0x000013d8       0xe4 build/sam_d21_xpro_winc1500/production/_ext/1242531425/plib_sercom5_usart.o
                0x000013d8                SERCOM5_USART_InterruptHandler

.text%48        0x000014bc       0xe2
 .text          0x000014bc       0xe2 c:/program files/microchip/xc32/v2.41/bin/bin/../../lib/gcc/pic32c/6.2.1\libgcc.a(_udivmoddi4.o)
                0x000014bc                __udivmoddi4

.text.spi_data_read%49
                0x000015a0       0xe0
 .text.spi_data_read
                0x000015a0       0xe0 build/sam_d21_xpro_winc1500/production/_ext/386821479/nmspi.o

.text.SYS_TIME_AddToList%50
                0x00001680       0xe0
 .text.SYS_TIME_AddToList
                0x00001680       0xe0 build/sam_d21_xpro_winc1500/production/_ext/1751631207/sys_time.o

.text.SYS_TIME_PLIBCallback%51
                0x00001760       0xe0
 .text.SYS_TIME_PLIBCallback
                0x00001760       0xe0 build/sam_d21_xpro_winc1500/production/_ext/1751631207/sys_time.o

.text.SerialBridge_PlatformUARTReadGetBuffer%52
                0x00001840       0xdc
 .text.SerialBridge_PlatformUARTReadGetBuffer
                0x00001840       0xdc build/sam_d21_xpro_winc1500/production/_ext/1756295213/platform_sercom.o
                0x00001840                SerialBridge_PlatformUARTReadGetBuffer

.text.CLOCK_Initialize%53
                0x0000191c       0xc8
 .text.CLOCK_Initialize
                0x0000191c       0xc8 build/sam_d21_xpro_winc1500/production/_ext/1912998524/plib_clock.o
                0x0000191c                CLOCK_Initialize

.text._DRV_SPI_ResourceLock%54
                0x000019e4       0xc4
 .text._DRV_SPI_ResourceLock
                0x000019e4       0xc4 build/sam_d21_xpro_winc1500/production/_ext/1062439459/drv_spi.o

.text._DRV_SPI_PlibCallbackHandler%55
                0x00001aa8       0xc4
 .text._DRV_SPI_PlibCallbackHandler
                0x00001aa8       0xc4 build/sam_d21_xpro_winc1500/production/_ext/1062439459/drv_spi.o

.text.nmi_get_chipid%56
                0x00001b6c       0xc4
 .text.nmi_get_chipid
                0x00001b6c       0xc4 build/sam_d21_xpro_winc1500/production/_ext/386821479/nmasic.o
                0x00001b6c                nmi_get_chipid

.text.SYS_TIME_TimerObjectCreate%57
                0x00001c30       0xc0
 .text.SYS_TIME_TimerObjectCreate
                0x00001c30       0xc0 build/sam_d21_xpro_winc1500/production/_ext/1751631207/sys_time.o

.text._DRV_SPI_ResourceUnlock%58
                0x00001cf0       0xb2
 .text._DRV_SPI_ResourceUnlock
                0x00001cf0       0xb2 build/sam_d21_xpro_winc1500/production/_ext/1062439459/drv_spi.o

.text.nm_spi_read_reg_with_ret%59
                0x00001da4       0xac
 .text.nm_spi_read_reg_with_ret
                0x00001da4       0xac build/sam_d21_xpro_winc1500/production/_ext/386821479/nmspi.o
                0x00001da4                nm_spi_read_reg_with_ret

.text.SYS_TIME_Initialize%60
                0x00001e50       0xac
 .text.SYS_TIME_Initialize
                0x00001e50       0xac build/sam_d21_xpro_winc1500/production/_ext/1751631207/sys_time.o
                0x00001e50                SYS_TIME_Initialize

.text%61        0x00001efc       0xa8
 .text          0x00001efc       0xa8 c:/program files/microchip/xc32/v2.41/bin/bin/../../lib/gcc/pic32c/6.2.1\libgcc.a(_divsi3.o)
                0x00001efc                __divsi3
                0x00001efc                __aeabi_idiv
                0x00001f90                __aeabi_idivmod

.text.DRV_SPI_Initialize%62
                0x00001fa4       0xa4
 .text.DRV_SPI_Initialize
                0x00001fa4       0xa4 build/sam_d21_xpro_winc1500/production/_ext/1062439459/drv_spi.o
                0x00001fa4                DRV_SPI_Initialize

.text.SYS_TIME_HwTimerCompareUpdate%63
                0x00002048       0xa4
 .text.SYS_TIME_HwTimerCompareUpdate
                0x00002048       0xa4 build/sam_d21_xpro_winc1500/production/_ext/1751631207/sys_time.o

.text._DRV_SPI_UpdateTransferSetupAndAssertCS%64
                0x000020ec       0xa0
 .text._DRV_SPI_UpdateTransferSetupAndAssertCS
                0x000020ec       0xa0 build/sam_d21_xpro_winc1500/production/_ext/1062439459/drv_spi.o

.text.SerialBridge_PlatformUARTWriteGetCount%65
                0x0000218c       0xa0
 .text.SerialBridge_PlatformUARTWriteGetCount
                0x0000218c       0xa0 build/sam_d21_xpro_winc1500/production/_ext/1756295213/platform_sercom.o
                0x0000218c                SerialBridge_PlatformUARTWriteGetCount

.text.nm_spi_write_reg%66
                0x0000222c       0x9c
 .text.nm_spi_write_reg
                0x0000222c       0x9c build/sam_d21_xpro_winc1500/production/_ext/386821479/nmspi.o
                0x0000222c                nm_spi_write_reg

.text.nm_spi_read_block%67
                0x000022c8       0x98
 .text.nm_spi_read_block
                0x000022c8       0x98 build/sam_d21_xpro_winc1500/production/_ext/386821479/nmspi.o
                0x000022c8                nm_spi_read_block

.text.spi_cmd_rsp%68
                0x00002360       0x96
 .text.spi_cmd_rsp
                0x00002360       0x96 build/sam_d21_xpro_winc1500/production/_ext/386821479/nmspi.o

.text.nm_spi_init%69
                0x000023f8       0x94
 .text.nm_spi_init
                0x000023f8       0x94 build/sam_d21_xpro_winc1500/production/_ext/386821479/nmspi.o
                0x000023f8                nm_spi_init

.text.WDRV_WINC_Tasks%70
                0x0000248c       0x90
 .text.WDRV_WINC_Tasks
                0x0000248c       0x90 build/sam_d21_xpro_winc1500/production/_ext/2003669979/wdrv_winc.o
                0x0000248c                WDRV_WINC_Tasks

.text.__pic32c_data_initialization%71
                0x0000251c       0x90
 .text.__pic32c_data_initialization
                0x0000251c       0x90 c:/program files/microchip/xc32/v2.41/bin/bin/../../lib/gcc/pic32c/6.2.1/../../../../pic32c/lib\libpic32c.a(data_init.o)
                0x0000251c                __pic32c_data_initialization

.text%72        0x000025ac       0x8c
 .text          0x000025ac       0x8c c:/program files/microchip/xc32/v2.41/bin/bin/../../lib/gcc/pic32c/6.2.1\libgcc.a(_udivsi3.o)
                0x000025ac                __aeabi_uidiv
                0x000025ac                __udivsi3
                0x00002624                __aeabi_uidivmod

.text.SERCOM4_SPI_TransferSetup%73
                0x00002638       0x88
 .text.SERCOM4_SPI_TransferSetup
                0x00002638       0x88 build/sam_d21_xpro_winc1500/production/_ext/1670897031/plib_sercom4_spi_master.o
                0x00002638                SERCOM4_SPI_TransferSetup

.text.EIC_Initialize%74
                0x000026c0       0x84
 .text.EIC_Initialize
                0x000026c0       0x84 build/sam_d21_xpro_winc1500/production/_ext/1101428939/plib_eic.o
                0x000026c0                EIC_Initialize

.text.chip_wake%75
                0x00002744       0x7e
 .text.chip_wake
                0x00002744       0x7e build/sam_d21_xpro_winc1500/production/_ext/386821479/nmasic.o
                0x00002744                chip_wake

.text.SerialBridge_PlatformUARTSetBaudRate%76
                0x000027c4       0x7c
 .text.SerialBridge_PlatformUARTSetBaudRate
                0x000027c4       0x7c build/sam_d21_xpro_winc1500/production/_ext/1756295213/platform_sercom.o
                0x000027c4                SerialBridge_PlatformUARTSetBaudRate

.text._USARTInit%77
                0x00002840       0x78
 .text._USARTInit
                0x00002840       0x78 build/sam_d21_xpro_winc1500/production/_ext/1756295213/platform_sercom.o

.text.cpu_halt%78
                0x000028b8       0x6c
 .text.cpu_halt
                0x000028b8       0x6c build/sam_d21_xpro_winc1500/production/_ext/386821479/nmasic.o
                0x000028b8                cpu_halt

.text.SerialBridge_PlatformUARTReadGetCount%79
                0x00002924       0x6c
 .text.SerialBridge_PlatformUARTReadGetCount
                0x00002924       0x6c build/sam_d21_xpro_winc1500/production/_ext/1756295213/platform_sercom.o
                0x00002924                SerialBridge_PlatformUARTReadGetCount

.text.NVIC_Initialize%80
                0x00002990       0x68
 .text.NVIC_Initialize
                0x00002990       0x68 build/sam_d21_xpro_winc1500/production/_ext/215722156/plib_nvic.o
                0x00002990                NVIC_Initialize

.text.SYS_Initialize%81
                0x000029f8       0x64
 .text.SYS_Initialize
                0x000029f8       0x64 build/sam_d21_xpro_winc1500/production/_ext/281389274/initialization.o
                0x000029f8                SYS_Initialize

.text.nm_read_block%82
                0x00002a5c       0x60
 .text.nm_read_block
                0x00002a5c       0x60 build/sam_d21_xpro_winc1500/production/_ext/386821479/nmbus.o
                0x00002a5c                nm_read_block

.text.nm_write_block%83
                0x00002abc       0x60
 .text.nm_write_block
                0x00002abc       0x60 build/sam_d21_xpro_winc1500/production/_ext/386821479/nmbus.o
                0x00002abc                nm_write_block

.text.SYS_TIME_TimerStart%84
                0x00002b1c       0x60
 .text.SYS_TIME_TimerStart
                0x00002b1c       0x60 build/sam_d21_xpro_winc1500/production/_ext/1751631207/sys_time.o
                0x00002b1c                SYS_TIME_TimerStart

.text.chip_sleep%85
                0x00002b7c       0x5e
 .text.chip_sleep
                0x00002b7c       0x5e build/sam_d21_xpro_winc1500/production/_ext/386821479/nmasic.o
                0x00002b7c                chip_sleep

.text.WDRV_WINC_SPIReceive%86
                0x00002bdc       0x5c
 .text.WDRV_WINC_SPIReceive
                0x00002bdc       0x5c build/sam_d21_xpro_winc1500/production/_ext/1837088568/wdrv_winc_spi.o
                0x00002bdc                WDRV_WINC_SPIReceive

.text.SYS_TIME_RemoveFromList%87
                0x00002c38       0x58
 .text.SYS_TIME_RemoveFromList
                0x00002c38       0x58 build/sam_d21_xpro_winc1500/production/_ext/1751631207/sys_time.o

.text.Reset_Handler%88
                0x00002c90       0x58
 .text.Reset_Handler
                0x00002c90       0x58 build/sam_d21_xpro_winc1500/production/_ext/281389274/startup_xc32.o
                0x00002c90                Reset_Handler

.text.WDRV_WINC_SPISend%89
                0x00002ce8       0x54
 .text.WDRV_WINC_SPISend
                0x00002ce8       0x54 build/sam_d21_xpro_winc1500/production/_ext/1837088568/wdrv_winc_spi.o
                0x00002ce8                WDRV_WINC_SPISend

.text.enable_interrupts%90
                0x00002d3c       0x54
 .text.enable_interrupts
                0x00002d3c       0x54 build/sam_d21_xpro_winc1500/production/_ext/386821479/nmasic.o
                0x00002d3c                enable_interrupts

.text.SERCOM5_USART_Initialize%91
                0x00002d90       0x54
 .text.SERCOM5_USART_Initialize
                0x00002d90       0x54 build/sam_d21_xpro_winc1500/production/_ext/1242531425/plib_sercom5_usart.o
                0x00002d90                SERCOM5_USART_Initialize

.text.SYS_TIME_DelayMS%92
                0x00002de4       0x54
 .text.SYS_TIME_DelayMS
                0x00002de4       0x54 build/sam_d21_xpro_winc1500/production/_ext/1751631207/sys_time.o
                0x00002de4                SYS_TIME_DelayMS

.text.WDRV_WINC_SPIInitialize%93
                0x00002e38       0x50
 .text.WDRV_WINC_SPIInitialize
                0x00002e38       0x50 build/sam_d21_xpro_winc1500/production/_ext/1837088568/wdrv_winc_spi.o
                0x00002e38                WDRV_WINC_SPIInitialize

.text.PORT_Initialize%94
                0x00002e88       0x50
 .text.PORT_Initialize
                0x00002e88       0x50 build/sam_d21_xpro_winc1500/production/_ext/215775307/plib_port.o
                0x00002e88                PORT_Initialize

.text._USARTTransmitEventHandler%95
                0x00002ed8       0x50
 .text._USARTTransmitEventHandler
                0x00002ed8       0x50 build/sam_d21_xpro_winc1500/production/_ext/1756295213/platform_sercom.o

.text.APP_Tasks%96
                0x00002f28       0x50
 .text.APP_Tasks
                0x00002f28       0x50 build/sam_d21_xpro_winc1500/production/_ext/1360937237/app.o
                0x00002f28                APP_Tasks

.text._DRV_SPI_DriverHandleValidate%97
                0x00002f78       0x4c
 .text._DRV_SPI_DriverHandleValidate
                0x00002f78       0x4c build/sam_d21_xpro_winc1500/production/_ext/1062439459/drv_spi.o

.text%98        0x00002fc4       0x48
 .text          0x00002fc4       0x48 c:/program files/microchip/xc32/v2.41/bin/bin/../../lib/gcc/pic32c/6.2.1/crtbegin.o

.text.EIC_InterruptHandler%99
                0x0000300c       0x48
 .text.EIC_InterruptHandler
                0x0000300c       0x48 build/sam_d21_xpro_winc1500/production/_ext/1101428939/plib_eic.o
                0x0000300c                EIC_InterruptHandler

.text.SERCOM5_USART_Write%100
                0x00003054       0x48
 .text.SERCOM5_USART_Write
                0x00003054       0x48 build/sam_d21_xpro_winc1500/production/_ext/1242531425/plib_sercom5_usart.o
                0x00003054                SERCOM5_USART_Write

.text.__libc_init_array%101
                0x0000309c       0x48
 .text.__libc_init_array
                0x0000309c       0x48 c:/program files/microchip/xc32/v2.41/bin/bin/../../lib/gcc/pic32c/6.2.1/../../../../pic32c/lib\libc_nano.a(lib_a-init.o)
                0x0000309c                __libc_init_array

.text.SERCOM5_USART_Read%102
                0x000030e4       0x44
 .text.SERCOM5_USART_Read
                0x000030e4       0x44 build/sam_d21_xpro_winc1500/production/_ext/1242531425/plib_sercom5_usart.o
                0x000030e4                SERCOM5_USART_Read

.text.SYS_TIME_TimerAdd%103
                0x00003128       0x44
 .text.SYS_TIME_TimerAdd
                0x00003128       0x44 build/sam_d21_xpro_winc1500/production/_ext/1751631207/sys_time.o

.text._USARTReceiveEventHandler%104
                0x0000316c       0x44
 .text._USARTReceiveEventHandler
                0x0000316c       0x44 build/sam_d21_xpro_winc1500/production/_ext/1756295213/platform_sercom.o

.text%105       0x000031b0       0x42
 .text          0x000031b0       0x42 c:/program files/microchip/xc32/v2.41/bin/bin/../../lib/gcc/pic32c/6.2.1\libgcc.a(_muldi3.o)
                0x000031b0                __muldi3
                0x000031b0                __aeabi_lmul

.text.TC3_TimerInitialize%106
                0x000031f4       0x40
 .text.TC3_TimerInitialize
                0x000031f4       0x40 build/sam_d21_xpro_winc1500/production/_ext/1143908167/plib_tc3.o
                0x000031f4                TC3_TimerInitialize

.text.SYS_TIME_GetTimerObject%107
                0x00003234       0x40
 .text.SYS_TIME_GetTimerObject
                0x00003234       0x40 build/sam_d21_xpro_winc1500/production/_ext/1751631207/sys_time.o

.text%108       0x00003274       0x40
 .text          0x00003274       0x40 c:/program files/microchip/xc32/v2.41/bin/bin/../../lib/gcc/pic32c/6.2.1\libgcc.a(_aeabi_uldivmod.o)
                0x00003274                __aeabi_uldivmod

.text.SYS_TIME_TimerDestroy%109
                0x000032b4       0x3e
 .text.SYS_TIME_TimerDestroy
                0x000032b4       0x3e build/sam_d21_xpro_winc1500/production/_ext/1751631207/sys_time.o
                0x000032b4                SYS_TIME_TimerDestroy

.text._WDRV_WINC_SPITransferEventHandler%110
                0x000032f4       0x3c
 .text._WDRV_WINC_SPITransferEventHandler
                0x000032f4       0x3c build/sam_d21_xpro_winc1500/production/_ext/1837088568/wdrv_winc_spi.o

.text.SERCOM4_SPI_Initialize%111
                0x00003330       0x3c
 .text.SERCOM4_SPI_Initialize
                0x00003330       0x3c build/sam_d21_xpro_winc1500/production/_ext/1670897031/plib_sercom4_spi_master.o
                0x00003330                SERCOM4_SPI_Initialize

.text.SYS_INT_SourceDisable%112
                0x0000336c       0x3c
 .text.SYS_INT_SourceDisable
                0x0000336c       0x3c build/sam_d21_xpro_winc1500/production/_ext/720072173/sys_int.o
                0x0000336c                SYS_INT_SourceDisable

.text%113       0x000033a8       0x3c
 .text          0x000033a8       0x3c c:/program files/microchip/xc32/v2.41/bin/bin/../../lib/gcc/pic32c/6.2.1\libgcc.a(_clzsi2.o)
                0x000033a8                __clzsi2

.text.DRV_SPI_TransferEventHandlerSet%114
                0x000033e4       0x38
 .text.DRV_SPI_TransferEventHandlerSet
                0x000033e4       0x38 build/sam_d21_xpro_winc1500/production/_ext/1062439459/drv_spi.o
                0x000033e4                DRV_SPI_TransferEventHandlerSet

.text.hif_chip_wake%115
                0x0000341c       0x38
 .text.hif_chip_wake
                0x0000341c       0x38 build/sam_d21_xpro_winc1500/production/_ext/386821479/m2m_hif.o
                0x0000341c                hif_chip_wake

.text.nm_spi_reset%116
                0x00003454       0x38
 .text.nm_spi_reset
                0x00003454       0x38 build/sam_d21_xpro_winc1500/production/_ext/386821479/nmspi.o
                0x00003454                nm_spi_reset

.text.SYS_TIME_UpdateTimerList%117
                0x0000348c       0x38
 .text.SYS_TIME_UpdateTimerList
                0x0000348c       0x38 build/sam_d21_xpro_winc1500/production/_ext/1751631207/sys_time.o

.text.hif_set_rx_done%118
                0x000034c4       0x34
 .text.hif_set_rx_done
                0x000034c4       0x34 build/sam_d21_xpro_winc1500/production/_ext/386821479/m2m_hif.o

.text.hif_chip_sleep%119
                0x000034f8       0x34
 .text.hif_chip_sleep
                0x000034f8       0x34 build/sam_d21_xpro_winc1500/production/_ext/386821479/m2m_hif.o
                0x000034f8                hif_chip_sleep

.text.nm_drv_init_download_mode%120
                0x0000352c       0x34
 .text.nm_drv_init_download_mode
                0x0000352c       0x34 build/sam_d21_xpro_winc1500/production/_ext/386821479/nmdrv.o
                0x0000352c                nm_drv_init_download_mode

.rodata.spi_cmd%121
                0x00003560       0x34
 .rodata.spi_cmd
                0x00003560       0x34 build/sam_d21_xpro_winc1500/production/_ext/386821479/nmspi.o

.text.SERCOM4_SPI_IsBusy%122
                0x00003594       0x34
 .text.SERCOM4_SPI_IsBusy
                0x00003594       0x34 build/sam_d21_xpro_winc1500/production/_ext/1670897031/plib_sercom4_spi_master.o
                0x00003594                SERCOM4_SPI_IsBusy

.text.SYS_TIME_ResourceLock%123
                0x000035c8       0x34
 .text.SYS_TIME_ResourceLock
                0x000035c8       0x34 build/sam_d21_xpro_winc1500/production/_ext/1751631207/sys_time.o

.text.SYS_TIME_ResourceUnlock%124
                0x000035fc       0x30
 .text.SYS_TIME_ResourceUnlock
                0x000035fc       0x30 build/sam_d21_xpro_winc1500/production/_ext/1751631207/sys_time.o

.rodata.drvSPI0InitData%125
                0x0000362c       0x30
 .rodata.drvSPI0InitData
                0x0000362c       0x30 build/sam_d21_xpro_winc1500/production/_ext/281389274/initialization.o
                0x0000362c                drvSPI0InitData

.rodata.platformUsartPlibAPI%126
                0x0000365c       0x2c
 .rodata.platformUsartPlibAPI
                0x0000365c       0x2c build/sam_d21_xpro_winc1500/production/_ext/1923882300/platform_sercom_data.o
                0x0000365c                platformUsartPlibAPI

.text.SYS_TIME_TimerPeriodHasExpired%127
                0x00003688       0x2a
 .text.SYS_TIME_TimerPeriodHasExpired