Archive member included to satisfy reference by file (symbol)

c:/program files (x86)/atmel/studio/7.0/toolchain/arm/arm-gnu-toolchain/bin/../lib/gcc/arm-none-eabi/6.3.1/thumb/v6-m\libgcc.a(_thumb1_case_sqi.o)
                              src/host_drv/driver/source/m2m_ssl.o (__gnu_thumb1_case_sqi)
c:/program files (x86)/atmel/studio/7.0/toolchain/arm/arm-gnu-toolchain/bin/../lib/gcc/arm-none-eabi/6.3.1/thumb/v6-m\libgcc.a(_thumb1_case_uqi.o)
                              src/host_apps/atecc508/cryptoauthlib/lib/atcacert/atcacert_date.o (__gnu_thumb1_case_uqi)
c:/program files (x86)/atmel/studio/7.0/toolchain/arm/arm-gnu-toolchain/bin/../lib/gcc/arm-none-eabi/6.3.1/thumb/v6-m\libgcc.a(_thumb1_case_shi.o)
                              src/at_cmd_handler/at_cmd_Handler.o (__gnu_thumb1_case_shi)
c:/program files (x86)/atmel/studio/7.0/toolchain/arm/arm-gnu-toolchain/bin/../lib/gcc/arm-none-eabi/6.3.1/thumb/v6-m\libgcc.a(_thumb1_case_uhi.o)
                              src/iperf/Iperf.o (__gnu_thumb1_case_uhi)
c:/program files (x86)/atmel/studio/7.0/toolchain/arm/arm-gnu-toolchain/bin/../lib/gcc/arm-none-eabi/6.3.1/thumb/v6-m\libgcc.a(_udivsi3.o)
                              src/host_apps/atecc508/cryptoauthlib/lib/atcacert/atcacert_client.o (__aeabi_uidiv)
c:/program files (x86)/atmel/studio/7.0/toolchain/arm/arm-gnu-toolchain/bin/../lib/gcc/arm-none-eabi/6.3.1/thumb/v6-m\libgcc.a(_divsi3.o)
                              src/host_apps/atecc508/cryptoauthlib/lib/atcacert/atcacert_date.o (__aeabi_idivmod)
c:/program files (x86)/atmel/studio/7.0/toolchain/arm/arm-gnu-toolchain/bin/../lib/gcc/arm-none-eabi/6.3.1/thumb/v6-m\libgcc.a(_dvmd_tls.o)
                              c:/program files (x86)/atmel/studio/7.0/toolchain/arm/arm-gnu-toolchain/bin/../lib/gcc/arm-none-eabi/6.3.1/thumb/v6-m\libgcc.a(_udivsi3.o) (__aeabi_idiv0)
c:/program files (x86)/atmel/studio/7.0/toolchain/arm/arm-gnu-toolchain/bin/../lib/gcc/arm-none-eabi/6.3.1/thumb/v6-m\libgcc.a(_ashldi3.o)
                              src/ASF/sam0/drivers/sercom/sercom.o (__aeabi_llsl)
c:/program files (x86)/atmel/studio/7.0/toolchain/arm/arm-gnu-toolchain/bin/../lib/gcc/arm-none-eabi/6.3.1/thumb/v6-m\libgcc.a(_muldi3.o)
                              src/ASF/sam0/drivers/sercom/sercom.o (__aeabi_lmul)
c:/program files (x86)/atmel/studio/7.0/toolchain/arm/arm-gnu-toolchain/bin/../lib/gcc/arm-none-eabi/6.3.1/thumb/v6-m\libgcc.a(divsf3.o)
                              src/main.o (__aeabi_fdiv)
c:/program files (x86)/atmel/studio/7.0/toolchain/arm/arm-gnu-toolchain/bin/../lib/gcc/arm-none-eabi/6.3.1/thumb/v6-m\libgcc.a(mulsf3.o)
                              src/main.o (__aeabi_fmul)
c:/program files (x86)/atmel/studio/7.0/toolchain/arm/arm-gnu-toolchain/bin/../lib/gcc/arm-none-eabi/6.3.1/thumb/v6-m\libgcc.a(floatsisf.o)
                              src/main.o (__aeabi_i2f)
c:/program files (x86)/atmel/studio/7.0/toolchain/arm/arm-gnu-toolchain/bin/../lib/gcc/arm-none-eabi/6.3.1/thumb/v6-m\libgcc.a(floatunsisf.o)
                              src/main.o (__aeabi_ui2f)
c:/program files (x86)/atmel/studio/7.0/toolchain/arm/arm-gnu-toolchain/bin/../lib/gcc/arm-none-eabi/6.3.1/thumb/v6-m\libgcc.a(extendsfdf2.o)
                              src/main.o (__aeabi_f2d)
c:/program files (x86)/atmel/studio/7.0/toolchain/arm/arm-gnu-toolchain/bin/../lib/gcc/arm-none-eabi/6.3.1/thumb/v6-m\libgcc.a(_clzsi2.o)
                              c:/program files (x86)/atmel/studio/7.0/toolchain/arm/arm-gnu-toolchain/bin/../lib/gcc/arm-none-eabi/6.3.1/thumb/v6-m\libgcc.a(divsf3.o) (__clzsi2)
c:/program files (x86)/atmel/studio/7.0/toolchain/arm/arm-gnu-toolchain/bin/../lib/gcc/arm-none-eabi/6.3.1/../../../../arm-none-eabi/lib/thumb/v6-m\libc_nano.a(lib_a-atoi.o)
                              src/host_apps/atecc508/cryptoauthlib/test/unity_fixture.o (atoi)
c:/program files (x86)/atmel/studio/7.0/toolchain/arm/arm-gnu-toolchain/bin/../lib/gcc/arm-none-eabi/6.3.1/../../../../arm-none-eabi/lib/thumb/v6-m\libc_nano.a(lib_a-exit.o)
                              c:/program files (x86)/atmel/studio/7.0/toolchain/arm/arm-gnu-toolchain/bin/../lib/gcc/arm-none-eabi/6.3.1/../../../../arm-none-eabi/lib/thumb/v6-m/crt0.o (exit)
c:/program files (x86)/atmel/studio/7.0/toolchain/arm/arm-gnu-toolchain/bin/../lib/gcc/arm-none-eabi/6.3.1/../../../../arm-none-eabi/lib/thumb/v6-m\libc_nano.a(lib_a-impure.o)
                              c:/program files (x86)/atmel/studio/7.0/toolchain/arm/arm-gnu-toolchain/bin/../lib/gcc/arm-none-eabi/6.3.1/../../../../arm-none-eabi/lib/thumb/v6-m\libc_nano.a(lib_a-exit.o) (_global_impure_ptr)
c:/program files (x86)/atmel/studio/7.0/toolchain/arm/arm-gnu-toolchain/bin/../lib/gcc/arm-none-eabi/6.3.1/../../../../arm-none-eabi/lib/thumb/v6-m\libc_nano.a(lib_a-init.o)
[...]
Memory Configuration

Name             Origin             Length             Attributes
rom              0x00000000         0x00040000         xr
ram              0x20000000         0x00008000         xrw
*default*        0x00000000         0xffffffff

Linker script and memory map

LOAD c:/program files (x86)/atmel/studio/7.0/toolchain/arm/arm-gnu-toolchain/bin/../lib/gcc/arm-none-eabi/6.3.1/thumb/v6-m/crti.o
LOAD c:/program files (x86)/atmel/studio/7.0/toolchain/arm/arm-gnu-toolchain/bin/../lib/gcc/arm-none-eabi/6.3.1/thumb/v6-m/crtbegin.o
LOAD c:/program files (x86)/atmel/studio/7.0/toolchain/arm/arm-gnu-toolchain/bin/../lib/gcc/arm-none-eabi/6.3.1/../../../../arm-none-eabi/lib/thumb/v6-m/crt0.o
LOAD src/host_apps/atecc508/cert_def_1_signer.o
LOAD src/host_apps/atecc508/cert_def_2_device.o
LOAD src/host_apps/atecc508/cryptoauthlib/lib/atcacert/atcacert_client.o
LOAD src/host_apps/atecc508/cryptoauthlib/lib/atcacert/atcacert_date.o
LOAD src/host_apps/atecc508/cryptoauthlib/lib/atcacert/atcacert_def.o
LOAD src/host_apps/atecc508/cryptoauthlib/lib/atcacert/atcacert_der.o
LOAD src/host_apps/atecc508/cryptoauthlib/lib/atcacert/atcacert_host_hw.o
LOAD src/host_apps/atecc508/cryptoauthlib/lib/atcacert/atcacert_host_sw.o
LOAD src/host_apps/atecc508/cryptoauthlib/lib/atca_cfgs.o
LOAD src/host_apps/atecc508/cryptoauthlib/lib/atca_command.o
LOAD src/host_apps/atecc508/cryptoauthlib/lib/atca_device.o
LOAD src/host_apps/atecc508/cryptoauthlib/lib/atca_iface.o
LOAD src/host_apps/atecc508/cryptoauthlib/lib/basic/atca_basic.o
LOAD src/host_apps/atecc508/cryptoauthlib/lib/basic/atca_helpers.o
LOAD src/host_apps/atecc508/cryptoauthlib/lib/crypto/atca_crypto_sw_ecdsa.o
LOAD src/host_apps/atecc508/cryptoauthlib/lib/crypto/atca_crypto_sw_rand.o
LOAD src/host_apps/atecc508/cryptoauthlib/lib/crypto/atca_crypto_sw_sha1.o
LOAD src/host_apps/atecc508/cryptoauthlib/lib/crypto/atca_crypto_sw_sha2.o
LOAD src/host_apps/atecc508/cryptoauthlib/lib/crypto/hashes/sha1_routines.o
LOAD src/host_apps/atecc508/cryptoauthlib/lib/crypto/hashes/sha2_routines.o
LOAD src/host_apps/atecc508/cryptoauthlib/lib/hal/atca_hal.o
LOAD src/host_apps/atecc508/cryptoauthlib/lib/hal/hal_samd21_i2c_asf.o
LOAD src/host_apps/atecc508/cryptoauthlib/lib/hal/hal_samd21_timer_asf.o
LOAD src/host_apps/atecc508/cryptoauthlib/lib/host/atca_host.o
LOAD src/host_apps/atecc508/cryptoauthlib/lib/tls/atcatls.o
LOAD src/host_apps/atecc508/cryptoauthlib/test/unity_fixture.o
LOAD src/host_apps/atecc508/ecc_crypto_ecc508.o
LOAD src/host_apps/bsp/source/nm_bsp_samd21_app.o
LOAD src/host_apps/Hash/Hash.o
LOAD src/iperf/Iperf.o
LOAD src/led_btn_demo/led_btn_demo.o
LOAD src/udp_test/udp_demo.o
LOAD src/udp_test/udp_test.o
LOAD src/host_drv/driver/source/m2m_ssl.o
LOAD src/host_drv/spi_flash/source/spi_flash.o
LOAD src/common/flexible_flash.o
LOAD src/ASF/common/services/crc32/crc32.o
LOAD src/ASF/sam0/drivers/rtc/rtc_sam_d_r/rtc_count.o
LOAD src/ASF/sam0/drivers/rtc/rtc_sam_d_r/rtc_count_interrupt.o
LOAD src/at_cmd_handler/at_cmd_Handler.o
LOAD src/http_client/http_client.o
LOAD src/http_client/http_utils.o
LOAD src/serial_bridge.o
LOAD src/uart_handler/uart_handler.o
LOAD src/main.o
LOAD src/host_drv/bsp/source/nm_bsp_samd21.o
LOAD src/host_drv/bus_wrapper/source/nm_bus_wrapper_samd21.o
LOAD src/host_drv/common/source/nm_common.o
LOAD src/host_drv/driver/source/m2m_hif.o
LOAD src/host_drv/driver/source/m2m_ota.o
LOAD src/host_drv/driver/source/m2m_periph.o
LOAD src/host_drv/driver/source/m2m_wifi.o
LOAD src/host_drv/driver/source/nmasic.o
LOAD src/host_drv/driver/source/nmbus.o
LOAD src/host_drv/driver/source/nmdrv.o
LOAD src/host_drv/driver/source/nmi2c.o
LOAD src/host_drv/driver/source/nmspi.o
LOAD src/host_drv/driver/source/nmuart.o
LOAD src/host_drv/socket/source/socket.o
LOAD src/ASF/common2/services/delay/sam0/systick_counter.o
LOAD src/ASF/sam0/drivers/dma/dma.o
LOAD src/ASF/sam0/drivers/extint/extint.o
LOAD src/ASF/sam0/drivers/extint/extint_callback.o
LOAD src/ASF/sam0/drivers/sercom/i2c/i2c_samd21_r21_d10_d11/i2c_master.o
LOAD src/ASF/sam0/drivers/sercom/sercom.o
LOAD src/ASF/sam0/drivers/sercom/spi/spi.o
LOAD src/ASF/sam0/drivers/sercom/usart/usart.o
LOAD src/ASF/sam0/drivers/sercom/usart/usart_interrupt.o
LOAD src/ASF/sam0/drivers/sercom/sercom_interrupt.o
LOAD src/ASF/common/utils/interrupt/interrupt_sam_nvic.o
LOAD src/ASF/sam0/boards/samd21_xplained_pro/board_init.o
LOAD src/ASF/sam0/drivers/port/port.o
LOAD src/ASF/sam0/drivers/system/clock/clock_samd21_r21/clock.o
LOAD src/ASF/sam0/drivers/system/clock/clock_samd21_r21/gclk.o
LOAD src/ASF/sam0/drivers/system/interrupt/system_interrupt.o
LOAD src/ASF/sam0/drivers/system/pinmux/pinmux.o
LOAD src/ASF/sam0/drivers/system/system.o
LOAD src/ASF/sam0/drivers/tcc/tcc.o
LOAD src/ASF/sam0/drivers/tcc/tcc_callback.o
LOAD src/ASF/sam0/drivers/tc/tc.o
LOAD src/ASF/sam0/drivers/tc/tc_interrupt.o
LOAD src/ASF/sam0/utils/cmsis/samd21/source/gcc/startup_samd21.o
LOAD src/ASF/sam0/utils/cmsis/samd21/source/system_samd21.o
LOAD src/ASF/sam0/utils/stdio/read.o
LOAD src/ASF/sam0/utils/stdio/write.o
LOAD src/ASF/sam0/utils/syscalls/gcc/syscalls.o
START GROUP
LOAD c:/program files (x86)/atmel/studio/7.0/toolchain/arm/arm-gnu-toolchain/bin/../lib/gcc/arm-none-eabi/6.3.1/../../../../arm-none-eabi/lib/thumb/v6-m\libm.a
END GROUP
START GROUP
LOAD c:/program files (x86)/atmel/studio/7.0/toolchain/arm/arm-gnu-toolchain/bin/../lib/gcc/arm-none-eabi/6.3.1/thumb/v6-m\libgcc.a
LOAD c:/program files (x86)/atmel/studio/7.0/toolchain/arm/arm-gnu-toolchain/bin/../lib/gcc/arm-none-eabi/6.3.1/../../../../arm-none-eabi/lib/thumb/v6-m\libc_nano.a
END GROUP
START GROUP
LOAD c:/program files (x86)/atmel/studio/7.0/toolchain/arm/arm-gnu-toolchain/bin/../lib/gcc/arm-none-eabi/6.3.1/thumb/v6-m\libgcc.a
LOAD c:/program files (x86)/atmel/studio/7.0/toolchain/arm/arm-gnu-toolchain/bin/../lib/gcc/arm-none-eabi/6.3.1/../../../../arm-none-eabi/lib/thumb/v6-m\libc_nano.a
END GROUP
LOAD c:/program files (x86)/atmel/studio/7.0/toolchain/arm/arm-gnu-toolchain/bin/../lib/gcc/arm-none-eabi/6.3.1/thumb/v6-m/crtend.o
LOAD c:/program files (x86)/atmel/studio/7.0/toolchain/arm/arm-gnu-toolchain/bin/../lib/gcc/arm-none-eabi/6.3.1/thumb/v6-m/crtn.o
                0x00001d00                STACK_SIZE = DEFINED (STACK_SIZE)?STACK_SIZE:DEFINED (__stack_size__)?__stack_size__:0x1d00

.text           0x00000000    0x1e848
                0x00000000                . = ALIGN (0x4)
                0x00000000                _sfixed = .
 *(.vectors .vectors.*)
 .vectors       0x00000000       0xb0 src/ASF/sam0/utils/cmsis/samd21/source/gcc/startup_samd21.o
                0x00000000                exception_table
 *(.text .text.* .gnu.linkonce.t.*)
 .text          0x000000b0       0x60 c:/program files (x86)/atmel/studio/7.0/toolchain/arm/arm-gnu-toolchain/bin/../lib/gcc/arm-none-eabi/6.3.1/thumb/v6-m/crtbegin.o
 .text.atcacert_read_cert
                0x00000110      0x108 src/host_apps/atecc508/cryptoauthlib/lib/atcacert/atcacert_client.o
                0x00000110                atcacert_read_cert
 .text.uint_to_str
                0x00000218       0x4c src/host_apps/atecc508/cryptoauthlib/lib/atcacert/atcacert_date.o
 .text.str_to_int
                0x00000264       0x64 src/host_apps/atecc508/cryptoauthlib/lib/atcacert/atcacert_date.o
 .text.atcacert_gmtime32.isra.1
                0x000002c8      0x104 src/host_apps/atecc508/cryptoauthlib/lib/atcacert/atcacert_date.o
 .text.atcacert_date_enc_posix_uint32.part.2
                0x000003cc      0x134 src/host_apps/atecc508/cryptoauthlib/lib/atcacert/atcacert_date.o
 .text.atcacert_date_get_max_date
                0x00000500       0x58 src/host_apps/atecc508/cryptoauthlib/lib/atcacert/atcacert_date.o
                0x00000500                atcacert_date_get_max_date
 .text.atcacert_date_enc_iso8601_sep
                0x00000558       0x94 src/host_apps/atecc508/cryptoauthlib/lib/atcacert/atcacert_date.o
                0x00000558                atcacert_date_enc_iso8601_sep
 .text.atcacert_date_dec_iso8601_sep
                0x000005ec       0xc0 src/host_apps/atecc508/cryptoauthlib/lib/atcacert/atcacert_date.o
                0x000005ec                atcacert_date_dec_iso8601_sep
 .text.atcacert_date_enc_rfc5280_utc
                0x000006ac       0x78 src/host_apps/atecc508/cryptoauthlib/lib/atcacert/atcacert_date.o
                0x000006ac                atcacert_date_enc_rfc5280_utc
 .text.atcacert_date_dec_rfc5280_utc
                0x00000724       0xb0 src/host_apps/atecc508/cryptoauthlib/lib/atcacert/atcacert_date.o
                0x00000724                atcacert_date_dec_rfc5280_utc
 .text.atcacert_date_enc_rfc5280_gen
                0x000007d4       0x7c src/host_apps/atecc508/cryptoauthlib/lib/atcacert/atcacert_date.o
                0x000007d4                atcacert_date_enc_rfc5280_gen
 .text.atcacert_date_dec_rfc5280_gen
                0x00000850       0xa0 src/host_apps/atecc508/cryptoauthlib/lib/atcacert/atcacert_date.o
                0x00000850                atcacert_date_dec_rfc5280_gen
 .text.atcacert_date_enc_posix_uint32_be
                0x000008f0       0x34 src/host_apps/atecc508/cryptoauthlib/lib/atcacert/atcacert_date.o
                0x000008f0                atcacert_date_enc_posix_uint32_be
 .text.atcacert_date_dec_posix_uint32_be
                0x00000924       0x30 src/host_apps/atecc508/cryptoauthlib/lib/atcacert/atcacert_date.o
                0x00000924                atcacert_date_dec_posix_uint32_be
 .text.atcacert_date_enc_posix_uint32_le
                0x00000954       0x34 src/host_apps/atecc508/cryptoauthlib/lib/atcacert/atcacert_date.o
                0x00000954                atcacert_date_enc_posix_uint32_le
 .text.atcacert_date_enc
                0x00000988       0x7c src/host_apps/atecc508/cryptoauthlib/lib/atcacert/atcacert_date.o
                0x00000988                atcacert_date_enc
 .text.atcacert_date_dec_posix_uint32_le
                0x00000a04       0x30 src/host_apps/atecc508/cryptoauthlib/lib/atcacert/atcacert_date.o
                0x00000a04                atcacert_date_dec_posix_uint32_le
 .text.atcacert_date_dec
                0x00000a34       0x68 src/host_apps/atecc508/cryptoauthlib/lib/atcacert/atcacert_date.o
                0x00000a34                atcacert_date_dec
 .text.atcacert_date_enc_compcert
                0x00000a9c       0x9c src/host_apps/atecc508/cryptoauthlib/lib/atcacert/atcacert_date.o
                0x00000a9c                atcacert_date_enc_compcert
 .text.atcacert_date_dec_compcert
                0x00000b38       0x90 src/host_apps/atecc508/cryptoauthlib/lib/atcacert/atcacert_date.o
                0x00000b38                atcacert_date_dec_compcert
 .text.atcacert_is_device_loc_match
                0x00000bc8       0x72 src/host_apps/atecc508/cryptoauthlib/lib/atcacert/atcacert_def.o
 .text.uint8_to_hex
                0x00000c3a       0x22 src/host_apps/atecc508/cryptoauthlib/lib/atcacert/atcacert_def.o
 .text.hex_to_uint8
                0x00000c5c       0x68 src/host_apps/atecc508/cryptoauthlib/lib/atcacert/atcacert_def.o
 .text.get_effective_offset
                0x00000cc4       0x4c src/host_apps/atecc508/cryptoauthlib/lib/atcacert/atcacert_def.o
 .text.atcacert_merge_device_loc
                0x00000d10      0x140 src/host_apps/atecc508/cryptoauthlib/lib/atcacert/atcacert_def.o
                0x00000d10                atcacert_merge_device_loc
 .text.atcacert_get_device_locs
                0x00000e50      0x134 src/host_apps/atecc508/cryptoauthlib/lib/atcacert/atcacert_def.o
                0x00000e50                atcacert_get_device_locs
 .text.atcacert_set_cert_element
                0x00000f84       0x98 src/host_apps/atecc508/cryptoauthlib/lib/atcacert/atcacert_def.o
                0x00000f84                atcacert_set_cert_element
 .text.atcacert_set_signature
                0x0000101c       0xc4 src/host_apps/atecc508/cryptoauthlib/lib/atcacert/atcacert_def.o
                0x0000101c                atcacert_set_signature
 .text.atcacert_set_issue_date
                0x000010e0       0x64 src/host_apps/atecc508/cryptoauthlib/lib/atcacert/atcacert_def.o
                0x000010e0                atcacert_set_issue_date
 .text.atcacert_set_expire_date
                0x00001144       0x64 src/host_apps/atecc508/cryptoauthlib/lib/atcacert/atcacert_def.o
                0x00001144                atcacert_set_expire_date
 .text.atcacert_set_signer_id
                0x000011a8       0x50 src/host_apps/atecc508/cryptoauthlib/lib/atcacert/atcacert_def.o
                0x000011a8                atcacert_set_signer_id
 .text.atcacert_set_comp_cert
                0x000011f8       0xd8 src/host_apps/atecc508/cryptoauthlib/lib/atcacert/atcacert_def.o
                0x000011f8                atcacert_set_comp_cert
 .text.atcacert_set_cert_sn
                0x000012d0      0x11c src/host_apps/atecc508/cryptoauthlib/lib/atcacert/atcacert_def.o
                0x000012d0                atcacert_set_cert_sn
 .text.atcacert_get_cert_element
                0x000013ec       0x64 src/host_apps/atecc508/cryptoauthlib/lib/atcacert/atcacert_def.o
                0x000013ec                atcacert_get_cert_element
 .text.atcacert_get_subj_public_key
                0x00001450       0x30 src/host_apps/atecc508/cryptoauthlib/lib/atcacert/atcacert_def.o
                0x00001450                atcacert_get_subj_public_key
 .text.atcacert_get_issue_date
                0x00001480       0x5c src/host_apps/atecc508/cryptoauthlib/lib/atcacert/atcacert_def.o
                0x00001480                atcacert_get_issue_date
 .text.atcacert_get_signer_id
                0x000014dc       0x50 src/host_apps/atecc508/cryptoauthlib/lib/atcacert/atcacert_def.o
                0x000014dc                atcacert_get_signer_id
 .text.atcacert_gen_cert_sn
                0x0000152c      0x184 src/host_apps/atecc508/cryptoauthlib/lib/atcacert/atcacert_def.o
                0x0000152c                atcacert_gen_cert_sn
 .text.atcacert_cert_build_finish
                0x000016b0       0x60 src/host_apps/atecc508/cryptoauthlib/lib/atcacert/atcacert_def.o
                0x000016b0                atcacert_cert_build_finish
 .text.atcacert_get_cert_sn
                0x00001710       0x50 src/host_apps/atecc508/cryptoauthlib/lib/atcacert/atcacert_def.o
                0x00001710                atcacert_get_cert_sn
 .text.atcacert_get_key_id
                0x00001760       0x3c src/host_apps/atecc508/cryptoauthlib/lib/atcacert/atcacert_def.o
                0x00001760                atcacert_get_key_id
 .text.atcacert_set_subj_public_key
                0x0000179c       0x60 src/host_apps/atecc508/cryptoauthlib/lib/atcacert/atcacert_def.o
                0x0000179c                atcacert_set_subj_public_key
 .text.atcacert_set_auth_key_id
                0x000017fc       0x48 src/host_apps/atecc508/cryptoauthlib/lib/atcacert/atcacert_def.o
                0x000017fc                atcacert_set_auth_key_id
 .text.atcacert_cert_build_start
                0x00001844      0x1b0 src/host_apps/atecc508/cryptoauthlib/lib/atcacert/atcacert_def.o
                0x00001844                atcacert_cert_build_start
 .text.atcacert_public_key_remove_padding
                0x000019f4       0x24 src/host_apps/atecc508/cryptoauthlib/lib/atcacert/atcacert_def.o
                0x000019f4                atcacert_public_key_remove_padding
 .text.atcacert_cert_build_process
                0x00001a18      0x314 src/host_apps/atecc508/cryptoauthlib/lib/atcacert/atcacert_def.o
                0x00001a18                atcacert_cert_build_process
 .text.atcacert_der_enc_length
                0x00001d2c       0x62 src/host_apps/atecc508/cryptoauthlib/lib/atcacert/atcacert_der.o
                0x00001d2c                atcacert_der_enc_length
 *fill*         0x00001d8e        0x2 
 .text.atcacert_der_dec_length
                0x00001d90       0x74 src/host_apps/atecc508/cryptoauthlib/lib/atcacert/atcacert_der.o
                0x00001d90                atcacert_der_dec_length
 .text.atcacert_der_adjust_length
                0x00001e04       0x68 src/host_apps/atecc508/cryptoauthlib/lib/atcacert/atcacert_der.o
                0x00001e04                atcacert_der_adjust_length
 .text.atcacert_der_enc_integer
                0x00001e6c       0xdc src/host_apps/atecc508/cryptoauthlib/lib/atcacert/atcacert_der.o
                0x00001e6c                atcacert_der_enc_integer
 .text.atcacert_der_enc_ecdsa_sig_value
                0x00001f48       0xa8 src/host_apps/atecc508/cryptoauthlib/lib/atcacert/atcacert_der.o
                0x00001f48                atcacert_der_enc_ecdsa_sig_value
 .text.deleteATCACommand
                0x00001ff0       0x18 src/host_apps/atecc508/cryptoauthlib/lib/atca_command.o
                0x00001ff0                deleteATCACommand
 .text.atInitExecTimes
                0x00002008       0x24 src/host_apps/atecc508/cryptoauthlib/lib/atca_command.o
                0x00002008                atInitExecTimes
 .text.newATCACommand
                0x0000202c       0x30 src/host_apps/atecc508/cryptoauthlib/lib/atca_command.o
                0x0000202c                newATCACommand
 .text.atGetExecTime
                0x0000205c        0x8 src/host_apps/atecc508/cryptoauthlib/lib/atca_command.o
                0x0000205c                atGetExecTime
 .text.atCRC    0x00002064       0x48 src/host_apps/atecc508/cryptoauthlib/lib/atca_command.o
                0x00002064                atCRC
 .text.atCalcCrc
                0x000020ac       0x18 src/host_apps/atecc508/cryptoauthlib/lib/atca_command.o
                0x000020ac                atCalcCrc
 .text.atECDH   0x000020c4       0x20 src/host_apps/atecc508/cryptoauthlib/lib/atca_command.o
                0x000020c4                atECDH
 .text.atGenKey
                0x000020e4       0x30 src/host_apps/atecc508/cryptoauthlib/lib/atca_command.o
                0x000020e4                atGenKey
 .text.atInfo   0x00002114       0x20 src/host_apps/atecc508/cryptoauthlib/lib/atca_command.o
                0x00002114                atInfo
 .text.atNonce  0x00002134       0x38 src/host_apps/atecc508/cryptoauthlib/lib/atca_command.o
                0x00002134                atNonce
 .text.atRandom
                0x0000216c       0x20 src/host_apps/atecc508/cryptoauthlib/lib/atca_command.o
                0x0000216c                atRandom
 .text.atRead   0x0000218c       0x28 src/host_apps/atecc508/cryptoauthlib/lib/atca_command.o
                0x0000218c                atRead
 .text.atSign   0x000021b4       0x20 src/host_apps/atecc508/cryptoauthlib/lib/atca_command.o
                0x000021b4                atSign
 .text.atVerify
                0x000021d4       0x40 src/host_apps/atecc508/cryptoauthlib/lib/atca_command.o
                0x000021d4                atVerify
 .text.atCheckCrc
                0x00002214       0x38 src/host_apps/atecc508/cryptoauthlib/lib/atca_command.o
                0x00002214                atCheckCrc
 .text.isATCAError
                0x0000224c       0x5c src/host_apps/atecc508/cryptoauthlib/lib/atca_command.o
                0x0000224c                isATCAError
 .text.newATCADevice
                0x000022a8       0x48 src/host_apps/atecc508/cryptoauthlib/lib/atca_device.o
                0x000022a8                newATCADevice
 .text.atGetCommands
                0x000022f0        0x4 src/host_apps/atecc508/cryptoauthlib/lib/atca_device.o
                0x000022f0                atGetCommands
 .text.atGetIFace
                0x000022f4        0x4 src/host_apps/atecc508/cryptoauthlib/lib/atca_device.o
                0x000022f4                atGetIFace
 .text.deleteATCADevice
                0x000022f8       0x30 src/host_apps/atecc508/cryptoauthlib/lib/atca_device.o
                0x000022f8                deleteATCADevice
 .text.atsend   0x00002328        0x8 src/host_apps/atecc508/cryptoauthlib/lib/atca_iface.o
                0x00002328                atsend
 .text.atreceive
                0x00002330        0x8 src/host_apps/atecc508/cryptoauthlib/lib/atca_iface.o
                0x00002330                atreceive
 .text.atwake   0x00002338        0x8 src/host_apps/atecc508/cryptoauthlib/lib/atca_iface.o
                0x00002338                atwake
 .text.atidle   0x00002340       0x18 src/host_apps/atecc508/cryptoauthlib/lib/atca_iface.o
                0x00002340                atidle
 .text.atgetifacecfg
                0x00002358        0x4 src/host_apps/atecc508/cryptoauthlib/lib/atca_iface.o
                0x00002358                atgetifacecfg
 .text.deleteATCAIface
                0x0000235c       0x28 src/host_apps/atecc508/cryptoauthlib/lib/atca_iface.o
                0x0000235c                deleteATCAIface
 .text._atinit  0x00002384       0x34 src/host_apps/atecc508/cryptoauthlib/lib/atca_iface.o
                0x00002384                _atinit
 .text.atinit   0x000023b8       0x2c src/host_apps/atecc508/cryptoauthlib/lib/atca_iface.o
                0x000023b8                atinit
 .text.newATCAIface
                0x000023e4       0x34 src/host_apps/atecc508/cryptoauthlib/lib/atca_iface.o
                0x000023e4                newATCAIface
 .text.atcab_release
                0x00002418       0x14 src/host_apps/atecc508/cryptoauthlib/lib/basic/atca_basic.o
                0x00002418                atcab_release
 .text.atcab_init
                0x0000242c       0x5c src/host_apps/atecc508/cryptoauthlib/lib/basic/atca_basic.o
                0x0000242c                atcab_init
 .text.atcab_wakeup
                0x00002488       0x24 src/host_apps/atecc508/cryptoauthlib/lib/basic/atca_basic.o
                0x00002488                atcab_wakeup
 .text.atcab_idle
                0x000024ac       0x24 src/host_apps/atecc508/cryptoauthlib/lib/basic/atca_basic.o
                0x000024ac                atcab_idle
 .text._atcab_exit
                0x000024d0        0xc src/host_apps/atecc508/cryptoauthlib/lib/basic/atca_basic.o
 .text.atcab_info
                0x000024dc       0xdc src/host_apps/atecc508/cryptoauthlib/lib/basic/atca_basic.o
                0x000024dc                atcab_info
 .text.atcab_random
                0x000025b8       0xe4 src/host_apps/atecc508/cryptoauthlib/lib/basic/atca_basic.o
                0x000025b8                atcab_random
 .text.atcab_genkey_base
                0x0000269c       0xec src/host_apps/atecc508/cryptoauthlib/lib/basic/atca_basic.o
                0x0000269c                atcab_genkey_base
 .text.atcab_genkey
                0x00002788       0x14 src/host_apps/atecc508/cryptoauthlib/lib/basic/atca_basic.o
                0x00002788                atcab_genkey
 .text.atcab_challenge
                0x0000279c       0xc0 src/host_apps/atecc508/cryptoauthlib/lib/basic/atca_basic.o
                0x0000279c                atcab_challenge
 .text.atcab_verify
                0x0000285c      0x100 src/host_apps/atecc508/cryptoauthlib/lib/basic/atca_basic.o
                0x0000285c                atcab_verify
 .text.atcab_verify_extern
                0x0000295c       0x50 src/host_apps/atecc508/cryptoauthlib/lib/basic/atca_basic.o
                0x0000295c                atcab_verify_extern
 .text.atcab_ecdh
                0x000029ac       0xf0 src/host_apps/atecc508/cryptoauthlib/lib/basic/atca_basic.o
                0x000029ac                atcab_ecdh
 .text.atcab_get_addr
                0x00002a9c       0x36 src/host_apps/atecc508/cryptoauthlib/lib/basic/atca_basic.o
                0x00002a9c                atcab_get_addr
 *fill*         0x00002ad2        0x2 
 .text.atcab_read_zone.part.6
                0x00002ad4       0xec src/host_apps/atecc508/cryptoauthlib/lib/basic/atca_basic.o
 .text.atcab_read_serial_number
                0x00002bc0       0x44 src/host_apps/atecc508/cryptoauthlib/lib/basic/atca_basic.o
                0x00002bc0                atcab_read_serial_number
 .text.atcab_get_zone_size
                0x00002c04       0x70 src/host_apps/atecc508/cryptoauthlib/lib/basic/atca_basic.o
                0x00002c04                atcab_get_zone_size
 .text.atcab_read_zone
                0x00002c74       0x28 src/host_apps/atecc508/cryptoauthlib/lib/basic/atca_basic.o
                0x00002c74                atcab_read_zone
 .text.atcab_sign_base
                0x00002c9c       0xdc src/host_apps/atecc508/cryptoauthlib/lib/basic/atca_basic.o
                0x00002c9c                atcab_sign_base
 .text.atcab_sign
                0x00002d78       0x34 src/host_apps/atecc508/cryptoauthlib/lib/basic/atca_basic.o
                0x00002d78                atcab_sign
 .text.atcab_get_pubkey
                0x00002dac       0x14 src/host_apps/atecc508/cryptoauthlib/lib/basic/atca_basic.o
                0x00002dac                atcab_get_pubkey
 .text.atcab_read_bytes_zone
                0x00002dc0       0xe0 src/host_apps/atecc508/cryptoauthlib/lib/basic/atca_basic.o
                0x00002dc0                atcab_read_bytes_zone
 .text.atcac_sw_sha1
                0x00002ea0       0x34 src/host_apps/atecc508/cryptoauthlib/lib/crypto/atca_crypto_sw_sha1.o
                0x00002ea0                atcac_sw_sha1
 .text.atcac_sw_sha2_256
                0x00002ed4       0x34 src/host_apps/atecc508/cryptoauthlib/lib/crypto/atca_crypto_sw_sha2.o
                0x00002ed4                atcac_sw_sha2_256
 .text.CL_hashInit
                0x00002f08       0x24 src/host_apps/atecc508/cryptoauthlib/lib/crypto/hashes/sha1_routines.o
                0x00002f08                CL_hashInit
 .text.shaEngine
                0x00002f2c      0x128 src/host_apps/atecc508/cryptoauthlib/lib/crypto/hashes/sha1_routines.o
                0x00002f2c                shaEngine
 .text.CL_hashUpdate
                0x00003054       0x78 src/host_apps/atecc508/cryptoauthlib/lib/crypto/hashes/sha1_routines.o
                0x00003054                CL_hashUpdate
 .text.CL_hashFinal
                0x000030cc       0xa8 src/host_apps/atecc508/cryptoauthlib/lib/crypto/hashes/sha1_routines.o
                0x000030cc                CL_hashFinal
 .text.sw_sha256_process
                0x00003174      0x170 src/host_apps/atecc508/cryptoauthlib/lib/crypto/hashes/sha2_routines.o
 .text.sw_sha256_init
                0x000032e4       0x58 src/host_apps/atecc508/cryptoauthlib/lib/crypto/hashes/sha2_routines.o
                0x000032e4                sw_sha256_init
 .text.sw_sha256_update
                0x0000333c       0x78 src/host_apps/atecc508/cryptoauthlib/lib/crypto/hashes/sha2_routines.o
                0x0000333c                sw_sha256_update
 .text.sw_sha256_final
                0x000033b4       0x80 src/host_apps/atecc508/cryptoauthlib/lib/crypto/hashes/sha2_routines.o
                0x000033b4                sw_sha256_final
 .text.hal_iface_init
                0x00003434       0x50 src/host_apps/atecc508/cryptoauthlib/lib/hal/atca_hal.o
                0x00003434                hal_iface_init
 .text.hal_iface_release
                0x00003484       0x18 src/host_apps/atecc508/cryptoauthlib/lib/hal/atca_hal.o
                0x00003484                hal_iface_release
 .text.i2c_master_enable
                0x0000349c       0x28 src/host_apps/atecc508/cryptoauthlib/lib/hal/hal_samd21_i2c_asf.o
 .text.hal_i2c_init
                0x000034c4      0x124 src/host_apps/atecc508/cryptoauthlib/lib/hal/hal_samd21_i2c_asf.o
                0x000034c4                hal_i2c_init
 .text.hal_i2c_post_init
                0x000035e8        0x4 src/host_apps/atecc508/cryptoauthlib/lib/hal/hal_samd21_i2c_asf.o
                0x000035e8                hal_i2c_post_init
 .text.hal_i2c_send
                0x000035ec       0x50 src/host_apps/atecc508/cryptoauthlib/lib/hal/hal_samd21_i2c_asf.o
                0x000035ec                hal_i2c_send
 .text.hal_i2c_receive
                0x0000363c       0x68 src/host_apps/atecc508/cryptoauthlib/lib/hal/hal_samd21_i2c_asf.o
                0x0000363c                hal_i2c_receive
 .text.change_i2c_speed
                0x000036a4       0xa8 src/host_apps/atecc508/cryptoauthlib/lib/hal/hal_samd21_i2c_asf.o
                0x000036a4                change_i2c_speed
 .text.hal_i2c_wake
                0x0000374c       0xdc src/host_apps/atecc508/cryptoauthlib/lib/hal/hal_samd21_i2c_asf.o
                0x0000374c                hal_i2c_wake
 .text.hal_i2c_idle
                0x00003828       0x4c src/host_apps/atecc508/cryptoauthlib/lib/hal/hal_samd21_i2c_asf.o
                0x00003828                hal_i2c_idle
 .text.hal_i2c_sleep
                0x00003874       0x4c src/host_apps/atecc508/cryptoauthlib/lib/hal/hal_samd21_i2c_asf.o
                0x00003874                hal_i2c_sleep
 .text.hal_i2c_release
                0x000038c0       0x50 src/host_apps/atecc508/cryptoauthlib/lib/hal/hal_samd21_i2c_asf.o
                0x000038c0                hal_i2c_release
 .text.atca_delay_us
                0x00003910        0xc src/host_apps/atecc508/cryptoauthlib/lib/hal/hal_samd21_timer_asf.o
                0x00003910                atca_delay_us
 .text.atca_delay_ms
                0x0000391c        0xc src/host_apps/atecc508/cryptoauthlib/lib/hal/hal_samd21_timer_asf.o
                0x0000391c                atca_delay_ms
 .text.atcatls_sign
                0x00003928       0x1c src/host_apps/atecc508/cryptoauthlib/lib/tls/atcatls.o
                0x00003928                atcatls_sign
 .text.atcatls_verify
                0x00003944       0x24 src/host_apps/atecc508/cryptoauthlib/lib/tls/atcatls.o
                0x00003944                atcatls_verify
 .text.atcatls_create_key
                0x00003968       0x18 src/host_apps/atecc508/cryptoauthlib/lib/tls/atcatls.o
                0x00003968                atcatls_create_key
 .text.atcatls_calc_pubkey
                0x00003980       0x18 src/host_apps/atecc508/cryptoauthlib/lib/tls/atcatls.o
                0x00003980                atcatls_calc_pubkey
 .text.bin2hex  0x00003998       0x48 src/host_apps/atecc508/ecc_crypto_ecc508.o
 .text.winc_certs_append_file_buf.constprop.0
                0x000039e0       0xf0 src/host_apps/atecc508/ecc_crypto_ecc508.o
 .text.eccSendCertsToWINC
                0x00003ad0      0x20c src/host_apps/atecc508/ecc_crypto_ecc508.o
 .text.eccReadAWSData
                0x00003cdc       0x34 src/host_apps/atecc508/ecc_crypto_ecc508.o
                0x00003cdc                eccReadAWSData
 .text.eccInit  0x00003d10       0xcc src/host_apps/atecc508/ecc_crypto_ecc508.o
                0x00003d10                eccInit
 .text.eccTransferCertificates
                0x00003ddc       0x40 src/host_apps/atecc508/ecc_crypto_ecc508.o
                0x00003ddc                eccTransferCertificates
 .text.eccProcessREQ
                0x00003e1c      0x23c src/host_apps/atecc508/ecc_crypto_ecc508.o
                0x00003e1c                eccProcessREQ
 .text._tcc_callback_to_change_duty_cycle
                0x00004058       0xc4 src/host_apps/bsp/source/nm_bsp_samd21_app.o
 .text.nm_bsp_app_init
                0x0000411c       0x94 src/host_apps/bsp/source/nm_bsp_samd21_app.o
                0x0000411c                nm_bsp_app_init
 .text.nm_bsp_start_timer
                0x000041b0       0x1c src/host_apps/bsp/source/nm_bsp_samd21_app.o
                0x000041b0                nm_bsp_start_timer
 .text.nm_bsp_start_1ms_timer
                0x000041cc        0xc src/host_apps/bsp/source/nm_bsp_samd21_app.o
                0x000041cc                nm_bsp_start_1ms_timer
 .text.nm_bsp_stop_timer
                0x000041d8        0xc src/host_apps/bsp/source/nm_bsp_samd21_app.o
                0x000041d8                nm_bsp_stop_timer
 .text.nm_bsp_stop_1ms_timer
                0x000041e4        0xc src/host_apps/bsp/source/nm_bsp_samd21_app.o
                0x000041e4                nm_bsp_stop_1ms_timer
 .text.SHA1ProcessBlock
                0x000041f0      0x194 src/host_apps/Hash/Hash.o
 .text.Sha_HashFinish
                0x00004384       0x74 src/host_apps/Hash/Hash.o
 .text.MD5ProcessBlock
                0x000043f8      0x1b4 src/host_apps/Hash/Hash.o
 .text.Sha_HashUpdate
                0x000045ac       0xbc src/host_apps/Hash/Hash.o
 .text.SHA1_Hash
                0x00004668      0x118 src/host_apps/Hash/Hash.o
                0x00004668                SHA1_Hash
 .text.MD5_Hash
                0x00004780       0xc0 src/host_apps/Hash/Hash.o
                0x00004780                MD5_Hash
 .text.Iperf1msTimerCB
                0x00004840       0x10 src/iperf/Iperf.o
 .text.IperfAddUint64
                0x00004850       0x12 src/iperf/Iperf.o
 *fill*         0x00004862        0x2 
 .text.IperfTCP_SendTestPacket
                0x00004864       0x9c src/iperf/Iperf.o
 .text.inet_ntoa
                0x00004900       0x34 src/iperf/Iperf.o
 .text.IperfUDP_SendTestPacket
                0x00004934      0x17c src/iperf/Iperf.o
 .text.IperfIncrementTimerUse
                0x00004ab0       0x34 src/iperf/Iperf.o
 .text.IperfCalculateBandwidthKbps
                0x00004ae4       0x48 src/iperf/Iperf.o
 .text.IperfPrintUdpServerStats
                0x00004b2c       0x8c src/iperf/Iperf.o
 .text.IperfDecrementTimerUse
                0x00004bb8       0x54 src/iperf/Iperf.o
 .text.IperfInit
                0x00004c0c       0x60 src/iperf/Iperf.o
                0x00004c0c                IperfInit
 .text.IperfPrintStats
                0x00004c6c       0xfc src/iperf/Iperf.o
                0x00004c6c                IperfPrintStats
 .text.IperfSocketClose
                0x00004d68       0xf0 src/iperf/Iperf.o
                0x00004d68                IperfSocketClose
 .text.IperfSocketEventHandler
                0x00004e58      0x5f0 src/iperf/Iperf.o
 .text.init_and_shuffle
                0x00005448       0x40 src/iperf/Iperf.o
                0x00005448                init_and_shuffle
 .text.IperfUpdate
                0x00005488      0x318 src/iperf/Iperf.o
                0x00005488                IperfUpdate
 .text.IperfCreate
                0x000057a0      0x2c4 src/iperf/Iperf.o
                0x000057a0                IperfCreate
 .text.IperfStart
                0x00005a64       0x78 src/iperf/Iperf.o
                0x00005a64                IperfStart
 .text.IperfStop
                0x00005adc       0x7c src/iperf/Iperf.o
                0x00005adc                IperfStop
 .text.P2P_APPSocketEventHandler
                0x00005b58      0x19c src/led_btn_demo/led_btn_demo.o
 .text.LedBtnDemo_AppStart
                0x00005cf4      0x130 src/led_btn_demo/led_btn_demo.o
                0x00005cf4                LedBtnDemo_AppStart
 .text.LedBtnDemo_AppStop
                0x00005e24       0x34 src/led_btn_demo/led_btn_demo.o
                0x00005e24                LedBtnDemo_AppStop
 .text.m2m_ssl_cb
                0x00005e58      0x13c src/host_drv/driver/source/m2m_ssl.o
 .text.m2m_ssl_init
                0x00005f94       0x60 src/host_drv/driver/source/m2m_ssl.o
                0x00005f94                m2m_ssl_init
 .text.m2m_ssl_handshake_rsp
                0x00005ff4       0x1c src/host_drv/driver/source/m2m_ssl.o
                0x00005ff4                m2m_ssl_handshake_rsp
 .text.m2m_ssl_send_certs_to_winc
                0x00006010      0x160 src/host_drv/driver/source/m2m_ssl.o
                0x00006010                m2m_ssl_send_certs_to_winc
 .text.m2m_ssl_retrieve_next_for_verifying
                0x00006170      0x194 src/host_drv/driver/source/m2m_ssl.o
                0x00006170                m2m_ssl_retrieve_next_for_verifying
 .text.m2m_ssl_retrieve_cert
                0x00006304       0x24 src/host_drv/driver/source/m2m_ssl.o
                0x00006304                m2m_ssl_retrieve_cert
 .text.m2m_ssl_retrieve_hash
                0x00006328       0x78 src/host_drv/driver/source/m2m_ssl.o
                0x00006328                m2m_ssl_retrieve_hash
 .text.m2m_ssl_stop_retrieving
                0x000063a0       0x48 src/host_drv/driver/source/m2m_ssl.o
                0x000063a0                m2m_ssl_stop_retrieving
 .text.m2m_ssl_stop_processing_certs
                0x000063e8        0xc src/host_drv/driver/source/m2m_ssl.o
                0x000063e8                m2m_ssl_stop_processing_certs
 .text.m2m_ssl_ecc_process_done
                0x000063f4        0xc src/host_drv/driver/source/m2m_ssl.o
                0x000063f4                m2m_ssl_ecc_process_done
 .text.m2m_ssl_set_active_ciphersuites
                0x00006400       0x24 src/host_drv/driver/source/m2m_ssl.o
                0x00006400                m2m_ssl_set_active_ciphersuites
 .text.spi_flash_load_to_cortus_mem.constprop.2
                0x00006424       0x98 src/host_drv/spi_flash/source/spi_flash.o
 .text.spi_flash_enable
                0x000064bc       0xd4 src/host_drv/spi_flash/source/spi_flash.o
                0x000064bc                spi_flash_enable
 .text.spi_flash_read
                0x00006590       0x64 src/host_drv/spi_flash/source/spi_flash.o
                0x00006590                spi_flash_read
 .text.spi_flexible_flash_find_section
                0x000065f4       0x88 src/common/flexible_flash.o
                0x000065f4                spi_flexible_flash_find_section
 .text._crc32_recalculate_bytes_helper
                0x0000667c       0x24 src/ASF/common/services/crc32/crc32.o
 .text.crc32_recalculate
                0x000066a0       0x88 src/ASF/common/services/crc32/crc32.o
                0x000066a0                crc32_recalculate
 .text.RTC_Handler
                0x00006728       0x4c src/ASF/sam0/drivers/rtc/rtc_sam_d_r/rtc_count_interrupt.o
                0x00006728                RTC_Handler
 .text.atCmd_MonDis_Handler
                0x00006774        0x6 src/at_cmd_handler/at_cmd_Handler.o
                0x00006774                atCmd_MonDis_Handler
 .text.decodeLength
                0x0000677a       0x2e src/at_cmd_handler/at_cmd_Handler.o
 .text.FileEraseCallback
                0x000067a8       0x3c src/at_cmd_handler/at_cmd_Handler.o
 .text.atCmd_List_Handler
                0x000067e4       0x94 src/at_cmd_handler/at_cmd_Handler.o
                0x000067e4                atCmd_List_Handler
 .text.atCmd_Help_Handler
                0x00006878       0x90 src/at_cmd_handler/at_cmd_Handler.o
                0x00006878                atCmd_Help_Handler
 .text.atCmd_AppConfig_Handler
                0x00006908       0xf8 src/at_cmd_handler/at_cmd_Handler.o
                0x00006908                atCmd_AppConfig_Handler
 .text.atCmd_SetStaticIP_Handler
                0x00006a00       0xf8 src/at_cmd_handler/at_cmd_Handler.o
                0x00006a00                atCmd_SetStaticIP_Handler
 .text.atCmd_TlsCrlReset_Handler
                0x00006af8       0x70 src/at_cmd_handler/at_cmd_Handler.o
                0x00006af8                atCmd_TlsCrlReset_Handler
 .text.atCmd_SslGlobalOption_Handler
                0x00006b68       0xbc src/at_cmd_handler/at_cmd_Handler.o
                0x00006b68                atCmd_SslGlobalOption_Handler
 .text.atCmd_DisConnect_Handler
                0x00006c24       0x54 src/at_cmd_handler/at_cmd_Handler.o
                0x00006c24                atCmd_DisConnect_Handler
 .text.atCmd_Connect_Handler
                0x00006c78      0x1c4 src/at_cmd_handler/at_cmd_Handler.o
                0x00006c78                atCmd_Connect_Handler
 .text.PIperf_BuildInitConfig
                0x00006e3c      0x1d8 src/at_cmd_handler/at_cmd_Handler.o
 .text.atCmd_PIperf_Start_Handler
                0x00007014       0x50 src/at_cmd_handler/at_cmd_Handler.o
                0x00007014                atCmd_PIperf_Start_Handler
 .text.atCmd_PIperf_Create_Handler
                0x00007064       0x50 src/at_cmd_handler/at_cmd_Handler.o
                0x00007064                atCmd_PIperf_Create_Handler
 .text.atCmd_PIperf_Stop_Handler
                0x000070b4       0x4c src/at_cmd_handler/at_cmd_Handler.o
                0x000070b4                atCmd_PIperf_Stop_Handler
 .text.atCmd_DefaultConnect_Handler
                0x00007100       0x34 src/at_cmd_handler/at_cmd_Handler.o
                0x00007100                atCmd_DefaultConnect_Handler
 .text.atCmd_ApDisable_Handler
                0x00007134       0x5c src/at_cmd_handler/at_cmd_Handler.o
                0x00007134                atCmd_ApDisable_Handler
 .text.atCmd_ApEnable_Handler
                0x00007190      0x174 src/at_cmd_handler/at_cmd_Handler.o
                0x00007190                atCmd_ApEnable_Handler
 .text.atCmd_ProvisionDisable_Handler
                0x00007304       0x5c src/at_cmd_handler/at_cmd_Handler.o
                0x00007304                atCmd_ProvisionDisable_Handler
 .text.atCmd_ProvisionEnable_Handler
                0x00007360      0x184 src/at_cmd_handler/at_cmd_Handler.o
                0x00007360                atCmd_ProvisionEnable_Handler
 .text.atCmd_ScanRegion_Handler
                0x000074e4       0x18 src/at_cmd_handler/at_cmd_Handler.o
                0x000074e4                atCmd_ScanRegion_Handler
 .text.atCmd_Scan_Options_Handler
                0x000074fc       0x80 src/at_cmd_handler/at_cmd_Handler.o
                0x000074fc                atCmd_Scan_Options_Handler
 .text.atCmd_CurRSSI_Handler
                0x0000757c       0x2c src/at_cmd_handler/at_cmd_Handler.o
                0x0000757c                atCmd_CurRSSI_Handler
 .text.atCmd_WifiDirectDeinit_Handler
                0x000075a8       0x38 src/at_cmd_handler/at_cmd_Handler.o
                0x000075a8                atCmd_WifiDirectDeinit_Handler
 .text.atCmd_WifiDirectInit_Handler
                0x000075e0       0x3c src/at_cmd_handler/at_cmd_Handler.o
                0x000075e0                atCmd_WifiDirectInit_Handler
 .text.atCmd_WpsConnect_Handler
                0x0000761c       0x60 src/at_cmd_handler/at_cmd_Handler.o
                0x0000761c                atCmd_WpsConnect_Handler
 .text.atCmd_HTTPCon_Handler
                0x0000767c       0xc4 src/at_cmd_handler/at_cmd_Handler.o
                0x0000767c                atCmd_HTTPCon_Handler
 .text.MapToControlCharacter
                0x00007740      0x158 src/at_cmd_handler/at_cmd_Handler.o
 .text.atCmd_TLS_SetCipherSuite_Handler
                0x00007898       0x64 src/at_cmd_handler/at_cmd_Handler.o
                0x00007898                atCmd_TLS_SetCipherSuite_Handler
 .text.atCmd_TLS_CertTransfer_Handler
                0x000078fc       0x5c src/at_cmd_handler/at_cmd_Handler.o
                0x000078fc                atCmd_TLS_CertTransfer_Handler
 .text.atCmd_OTA_Handler
                0x00007958       0xa8 src/at_cmd_handler/at_cmd_Handler.o
                0x00007958                atCmd_OTA_Handler
 .text.atCmd_GetVer_Handler
                0x00007a00      0x164 src/at_cmd_handler/at_cmd_Handler.o
                0x00007a00                atCmd_GetVer_Handler
 .text.atCmd_Reset_Handler
                0x00007b64       0xac src/at_cmd_handler/at_cmd_Handler.o
                0x00007b64                atCmd_Reset_Handler
 .text.atCmd_PsMode_Handler
                0x00007c10       0xb0 src/at_cmd_handler/at_cmd_Handler.o
                0x00007c10                atCmd_PsMode_Handler
 .text.atCmd_GetConnInfo_Handler
                0x00007cc0        0xc src/at_cmd_handler/at_cmd_Handler.o
                0x00007cc0                atCmd_GetConnInfo_Handler
 .text.atCmd_SetPowerProfile_Handler
                0x00007ccc       0x18 src/at_cmd_handler/at_cmd_Handler.o
                0x00007ccc                atCmd_SetPowerProfile_Handler
 .text.atCmd_SslEnableCertExpirationCheck
                0x00007ce4       0x4c src/at_cmd_handler/at_cmd_Handler.o
                0x00007ce4                atCmd_SslEnableCertExpirationCheck
 .text.atCmd_Ping
                0x00007d30      0x12c src/at_cmd_handler/at_cmd_Handler.o
                0x00007d30                atCmd_Ping
 .text.atCmd_TlsCrlSend_Handler
                0x00007e5c       0x50 src/at_cmd_handler/at_cmd_Handler.o
                0x00007e5c                atCmd_TlsCrlSend_Handler
 .text.atCmd_HostFileGet_Handler
                0x00007eac       0x70 src/at_cmd_handler/at_cmd_Handler.o
                0x00007eac                atCmd_HostFileGet_Handler
 .text.FileReadCallback_hif
                0x00007f1c       0xd0 src/at_cmd_handler/at_cmd_Handler.o
 .text.atCmd_HostFileRead_Handler
                0x00007fec      0x1c8 src/at_cmd_handler/at_cmd_Handler.o
                0x00007fec                atCmd_HostFileRead_Handler
 .text.atCmd_HostFileErase_Handler
                0x000081b4       0x8c src/at_cmd_handler/at_cmd_Handler.o
                0x000081b4                atCmd_HostFileErase_Handler
 .text.atCmd_NTP_Handler
                0x00008240       0x50 src/at_cmd_handler/at_cmd_Handler.o
                0x00008240                atCmd_NTP_Handler
 .text.enterpriseStateProcess
                0x00008290      0x1a0 src/at_cmd_handler/at_cmd_Handler.o
 .text.atCmd_1X_TLS_Cred_Handler
                0x00008430       0xc0 src/at_cmd_handler/at_cmd_Handler.o
                0x00008430                atCmd_1X_TLS_Cred_Handler
 .text.httpEnterpiseClientCallback
                0x000084f0      0x270 src/at_cmd_handler/at_cmd_Handler.o
 .text.atCmd_1X_Connect_Handler
                0x00008760      0x204 src/at_cmd_handler/at_cmd_Handler.o
                0x00008760                atCmd_1X_Connect_Handler
 .text.atCmd_1X_Options_Handler
                0x00008964       0xd4 src/at_cmd_handler/at_cmd_Handler.o
                0x00008964                atCmd_1X_Options_Handler
 .text.atCmd_TlsStart_Handler
                0x00008a38       0x40 src/at_cmd_handler/at_cmd_Handler.o
                0x00008a38                atCmd_TlsStart_Handler
 .text.atCmd_APIConfig_Handler
                0x00008a78      0x158 src/at_cmd_handler/at_cmd_Handler.o
                0x00008a78                atCmd_APIConfig_Handler
 .text.atCmd_XOEnable_Handler
                0x00008bd0       0x58 src/at_cmd_handler/at_cmd_Handler.o
                0x00008bd0                atCmd_XOEnable_Handler
 .text.Ascii2Hex
                0x00008c28       0x28 src/at_cmd_handler/at_cmd_Handler.o
 .text.atCmd_TlsCrlAdd_Handler
                0x00008c50      0x11c src/at_cmd_handler/at_cmd_Handler.o
                0x00008c50                atCmd_TlsCrlAdd_Handler
 .text.FileGetCallback
                0x00008d6c       0x58 src/at_cmd_handler/at_cmd_Handler.o
 .text.atCmd_WpsDisable_Handler
                0x00008dc4       0x50 src/at_cmd_handler/at_cmd_Handler.o
                0x00008dc4                atCmd_WpsDisable_Handler
 .text.atCmd_GetSysTime_Handler
                0x00008e14       0x4c src/at_cmd_handler/at_cmd_Handler.o
                0x00008e14                atCmd_GetSysTime_Handler
 .text.atCmd_TxPwr_Handler
                0x00008e60       0x74 src/at_cmd_handler/at_cmd_Handler.o
                0x00008e60                atCmd_TxPwr_Handler
 .text.atCmd_SetTxRate_Handler
                0x00008ed4       0x6c src/at_cmd_handler/at_cmd_Handler.o
                0x00008ed4                atCmd_SetTxRate_Handler
 .text.atCmd_Roaming_Handler
                0x00008f40       0x88 src/at_cmd_handler/at_cmd_Handler.o
                0x00008f40                atCmd_Roaming_Handler
 .text.atCmd_APIAPConn_Handler
                0x00008fc8       0x3c src/at_cmd_handler/at_cmd_Handler.o
                0x00008fc8                atCmd_APIAPConn_Handler
 .text.atCmd_MonEn_Handler
                0x00009004        0x6 src/at_cmd_handler/at_cmd_Handler.o
                0x00009004                atCmd_MonEn_Handler
 *fill*         0x0000900a        0x2 
 .text.init_at_cmd_handler
                0x0000900c       0x28 src/at_cmd_handler/at_cmd_Handler.o
                0x0000900c                init_at_cmd_handler
 .text.at_cmd_cfg_is_echo_on
                0x00009034        0xc src/at_cmd_handler/at_cmd_Handler.o
                0x00009034                at_cmd_cfg_is_echo_on
 .text.parse_cmd
                0x00009040      0x1e0 src/at_cmd_handler/at_cmd_Handler.o
                0x00009040                parse_cmd
 .text.get_index_cmdHandler
                0x00009220       0x4c src/at_cmd_handler/at_cmd_Handler.o
                0x00009220                get_index_cmdHandler
 .text.print_cmd_handler_arr
                0x0000926c       0x54 src/at_cmd_handler/at_cmd_Handler.o
                0x0000926c                print_cmd_handler_arr
 .text.print_Handle_status
                0x000092c0       0xc4 src/at_cmd_handler/at_cmd_Handler.o
                0x000092c0                print_Handle_status
 .text.get_cmd_txt
                0x00009384       0x30 src/at_cmd_handler/at_cmd_Handler.o
                0x00009384                get_cmd_txt
 .text.SetScanTimeStart
                0x000093b4       0x14 src/at_cmd_handler/at_cmd_Handler.o
                0x000093b4                SetScanTimeStart
 .text.atCmd_Scan_Handler
                0x000093c8       0x3c src/at_cmd_handler/at_cmd_Handler.o
                0x000093c8                atCmd_Scan_Handler
 .text.atCmd_ScanSsidList_Handler
                0x00009404       0xb8 src/at_cmd_handler/at_cmd_Handler.o
                0x00009404                atCmd_ScanSsidList_Handler
 .text.atCmd_ScanPassive_Handler
                0x000094bc       0x30 src/at_cmd_handler/at_cmd_Handler.o
                0x000094bc                atCmd_ScanPassive_Handler
 .text.GetScanTimeStart
                0x000094ec        0xc src/at_cmd_handler/at_cmd_Handler.o
                0x000094ec                GetScanTimeStart
 .text.SetDownloadStartTime
                0x000094f8       0x14 src/at_cmd_handler/at_cmd_Handler.o
                0x000094f8                SetDownloadStartTime
 .text.atCmd_FileDownload_Handler
                0x0000950c       0x2c src/at_cmd_handler/at_cmd_Handler.o
                0x0000950c                atCmd_FileDownload_Handler
 .text.GetDownloadStartTime
                0x00009538        0xc src/at_cmd_handler/at_cmd_Handler.o
                0x00009538                GetDownloadStartTime
 .text.PrintSockConnections
                0x00009544       0x64 src/at_cmd_handler/at_cmd_Handler.o
                0x00009544                PrintSockConnections
 .text.GetCID   0x000095a8       0x1c src/at_cmd_handler/at_cmd_Handler.o
                0x000095a8                GetCID
 .text.FreeCID  0x000095c4       0x10 src/at_cmd_handler/at_cmd_Handler.o
                0x000095c4                FreeCID
 .text.AddSockConn
                0x000095d4       0x60 src/at_cmd_handler/at_cmd_Handler.o
                0x000095d4                AddSockConn
 .text.DeleteSockConn
                0x00009634       0x70 src/at_cmd_handler/at_cmd_Handler.o
                0x00009634                DeleteSockConn
 .text.RetrieveConnectionFromSocket
                0x000096a4       0x14 src/at_cmd_handler/at_cmd_Handler.o
                0x000096a4                RetrieveConnectionFromSocket
 .text.RetrieveConnectionFromCID
                0x000096b8       0x12 src/at_cmd_handler/at_cmd_Handler.o
                0x000096b8                RetrieveConnectionFromCID
 *fill*         0x000096ca        0x2 
 .text.atCmd_SocketDataStream_Handler
                0x000096cc      0x238 src/at_cmd_handler/at_cmd_Handler.o
                0x000096cc                atCmd_SocketDataStream_Handler
 .text.atCmd_DeleteCID_Handler
                0x00009904       0x74 src/at_cmd_handler/at_cmd_Handler.o
                0x00009904                atCmd_DeleteCID_Handler
 .text.atCmd_IsParameterNumericOnly
                0x00009978       0x1e src/at_cmd_handler/at_cmd_Handler.o
                0x00009978                atCmd_IsParameterNumericOnly
 *fill*         0x00009996        0x2 
 .text.atCmd_IPCon_Handler
                0x00009998      0x320 src/at_cmd_handler/at_cmd_Handler.o
                0x00009998                atCmd_IPCon_Handler
 .text.atCmd_Inquiries_Handler
                0x00009cb8      0xc48 src/at_cmd_handler/at_cmd_Handler.o
                0x00009cb8                atCmd_Inquiries_Handler
 .text.GetFiledownloadStarted
                0x0000a900        0xc src/at_cmd_handler/at_cmd_Handler.o
                0x0000a900                GetFiledownloadStarted
 .text.httpClientDnsCallback
                0x0000a90c       0xa8 src/http_client/http_client.o
 .text.httpClientConnectCb
                0x0000a9b4       0xe4 src/http_client/http_client.o
 .text.httpClientSocketCallback
                0x0000aa98      0x3f0 src/http_client/http_client.o
 .text.HTTP_ClientConnect
                0x0000ae88      0x338 src/http_client/http_client.o
                0x0000ae88                HTTP_ClientConnect
 .text.HTTP_ClientStop
                0x0000b1c0       0x34 src/http_client/http_client.o
                0x0000b1c0                HTTP_ClientStop
 .text.HTTP_ClientInit
                0x0000b1f4       0x40 src/http_client/http_client.o
                0x0000b1f4                HTTP_ClientInit
 .text.HttpstrCmpIgnoreCase
                0x0000b234       0x44 src/http_client/http_utils.o
                0x0000b234                HttpstrCmpIgnoreCase
 .text.Ascii2Dec
                0x0000b278       0x40 src/http_client/http_utils.o
                0x0000b278                Ascii2Dec
 .text.HttpstrTOK
                0x0000b2b8       0xa0 src/http_client/http_utils.o
                0x0000b2b8                HttpstrTOK
 .text.usart_serial_getchar
                0x0000b358       0x24 src/serial_bridge.o
 .text.usart_serial_putchar
                0x0000b37c       0x18 src/serial_bridge.o
 .text.usart_tx_complete_handler
                0x0000b394       0x5c src/serial_bridge.o
 .text.configure_console
                0x0000b3f0      0x13c src/serial_bridge.o
 .text.usart_rx_complete_handler
                0x0000b52c       0x40 src/serial_bridge.o
 .text.enter_wifi_firmware_download
                0x0000b56c      0x468 src/serial_bridge.o
 .text.enter_sb_from_at
                0x0000b9d4       0x5c src/serial_bridge.o
                0x0000b9d4                enter_sb_from_at
 .text.usart_serial_getchar
                0x0000ba30       0x24 src/uart_handler/uart_handler.o
 .text.usart_serial_putchar
                0x0000ba54       0x18 src/uart_handler/uart_handler.o
 .text.configure_uart
                0x0000ba6c       0xf4 src/uart_handler/uart_handler.o
                0x0000ba6c                configure_uart
 .text.configure_uart_callbacks
                0x0000bb60       0x24 src/uart_handler/uart_handler.o
                0x0000bb60                configure_uart_callbacks
 .text.uart_tx_isr
                0x0000bb84        0x2 src/main.o
                0x0000bb84                uart_tx_isr
 *fill*         0x0000bb86        0x2 
 .text.timer_cb
                0x0000bb88        0xc src/main.o
 .text.eth_mode_cb
                0x0000bb94        0x2 src/main.o
 *fill*         0x0000bb96        0x2 
 .text.uart_rx_isr
                0x0000bb98      0x108 src/main.o
                0x0000bb98                uart_rx_isr
 .text.OtaNotifCb
                0x0000bca0       0x20 src/main.o
 .text.tcp_cb   0x0000bcc0       0x50 src/main.o
 .text.pingCb   0x0000bd10       0xa0 src/main.o
                0x0000bd10                pingCb
 .text.ssl_cb   0x0000bdb0       0x54 src/main.o
 .text.OtaUpdateCb
                0x0000be04      0x1b0 src/main.o
 .text.m2m_wifi_resolve_handler
                0x0000bfb4      0x12c src/main.o
                0x0000bfb4                m2m_wifi_resolve_handler
 .text.m2m_wifi_socket_handler
                0x0000c0e0      0x664 src/main.o
                0x0000c0e0                m2m_wifi_socket_handler
 .text.SysTick_Handler
                0x0000c744       0x10 src/main.o
                0x0000c744                SysTick_Handler
 .text.get_systicks
                0x0000c754        0xc src/main.o
                0x0000c754                get_systicks
 .text.GetScanTime
                0x0000c760       0x24 src/main.o
                0x0000c760                GetScanTime
 .text.wifi_cb  0x0000c784      0x6e4 src/main.o
 .text.GetDownloadTime
                0x0000ce68       0x24 src/main.o
                0x0000ce68                GetDownloadTime
 .text.httpsClientCallback
                0x0000ce8c      0x138 src/main.o
 .text.set_download_url
                0x0000cfc4       0x18 src/main.o
                0x0000cfc4                set_download_url
 .text.http_client_test_init
                0x0000cfdc       0x78 src/main.o
                0x0000cfdc                http_client_test_init
 .text.winc_reset
                0x0000d054      0x270 src/main.o
                0x0000d054                winc_reset
 .text.unlikely.init_m2m_app
                0x0000d2c4      0x1bc src/main.o
 .text.startup.main
                0x0000d480      0x588 src/main.o
                0x0000d480                main
 .text.chip_isr
                0x0000da08       0x14 src/host_drv/bsp/source/nm_bsp_samd21.o
 .text.nm_bsp_init
                0x0000da1c       0x6c src/host_drv/bsp/source/nm_bsp_samd21.o
                0x0000da1c                nm_bsp_init
 .text.nm_bsp_deinit
                0x0000da88       0x28 src/host_drv/bsp/source/nm_bsp_samd21.o
                0x0000da88                nm_bsp_deinit
 .text.nm_bsp_sleep
                0x0000dab0       0x18 src/host_drv/bsp/source/nm_bsp_samd21.o
                0x0000dab0                nm_bsp_sleep
 .text.nm_bsp_reset
                0x0000dac8       0x2c src/host_drv/bsp/source/nm_bsp_samd21.o
                0x0000dac8                nm_bsp_reset
 .text.nm_bsp_register_isr
                0x0000daf4       0x4c src/host_drv/bsp/source/nm_bsp_samd21.o
                0x0000daf4                nm_bsp_register_isr
 .text.nm_bsp_interrupt_ctrl
                0x0000db40       0x20 src/host_drv/bsp/source/nm_bsp_samd21.o
                0x0000db40                nm_bsp_interrupt_ctrl
 .text.spi_dma_tx_completion_callback
                0x0000db60        0xc src/host_drv/bus_wrapper/source/nm_bus_wrapper_samd21.o
 .text.spi_dma_rx_completion_callback
                0x0000db6c        0xc src/host_drv/bus_wrapper/source/nm_bus_wrapper_samd21.o
 .text.nm_spi_rw
                0x0000db78      0x184 src/host_drv/bus_wrapper/source/nm_bus_wrapper_samd21.o
                0x0000db78                nm_spi_rw
 .text.nm_bus_init
                0x0000dcfc      0x1b0 src/host_drv/bus_wrapper/source/nm_bus_wrapper_samd21.o
                0x0000dcfc                nm_bus_init
 .text.nm_bus_deinit
                0x0000deac       0x64 src/host_drv/bus_wrapper/source/nm_bus_wrapper_samd21.o
                0x0000deac                nm_bus_deinit
 .text.m2m_memcpy
                0x0000df10       0x12 src/host_drv/common/source/nm_common.o
                0x0000df10                m2m_memcpy
 .text.m2m_memset
                0x0000df22       0x10 src/host_drv/common/source/nm_common.o
                0x0000df22                m2m_memset
 .text.m2m_strlen
                0x0000df32       0x10 src/host_drv/common/source/nm_common.o
                0x0000df32                m2m_strlen
 .text.m2m_memcmp
                0x0000df42       0x1c src/host_drv/common/source/nm_common.o
                0x0000df42                m2m_memcmp
 .text.hexstr_2_bytes
                0x0000df5e       0x54 src/host_drv/common/source/nm_common.o
                0x0000df5e                hexstr_2_bytes
 *fill*         0x0000dfb2        0x2 
 .text.isr      0x0000dfb4       0x10 src/host_drv/driver/source/m2m_hif.o
 .text.m2m_hif_cb
                0x0000dfc4        0x2 src/host_drv/driver/source/m2m_hif.o
 *fill*         0x0000dfc6        0x2 
 .text.hif_set_rx_done
                0x0000dfc8       0x40 src/host_drv/driver/source/m2m_hif.o
 .text.hif_chip_wake
                0x0000e008       0x38 src/host_drv/driver/source/m2m_hif.o
                0x0000e008                hif_chip_wake
 .text.hif_set_sleep_mode
                0x0000e040        0xc src/host_drv/driver/source/m2m_hif.o
                0x0000e040                hif_set_sleep_mode
 .text.hif_chip_sleep_sc
                0x0000e04c       0x18 src/host_drv/driver/source/m2m_hif.o
                0x0000e04c                hif_chip_sleep_sc
 .text.hif_chip_sleep
                0x0000e064       0x30 src/host_drv/driver/source/m2m_hif.o
                0x0000e064                hif_chip_sleep
 .text.hif_deinit
                0x0000e094       0x24 src/host_drv/driver/source/m2m_hif.o
                0x0000e094                hif_deinit
 .text.hif_send
                0x0000e0b8      0x21c src/host_drv/driver/source/m2m_hif.o
                0x0000e0b8                hif_send
 .text.hif_yield
                0x0000e2d4        0xc src/host_drv/driver/source/m2m_hif.o
                0x0000e2d4                hif_yield
 .text.hif_handle_isr
                0x0000e2e0      0x318 src/host_drv/driver/source/m2m_hif.o
                0x0000e2e0                hif_handle_isr
 .text.hif_receive
                0x0000e5f8       0xc4 src/host_drv/driver/source/m2m_hif.o
                0x0000e5f8                hif_receive
 .text.hif_register_cb
                0x0000e6bc       0x70 src/host_drv/driver/source/m2m_hif.o
                0x0000e6bc                hif_register_cb
 .text.hif_init
                0x0000e72c       0x38 src/host_drv/driver/source/m2m_hif.o
                0x0000e72c                hif_init
 .text.m2m_ota_cb
                0x0000e764      0x1a8 src/host_drv/driver/source/m2m_ota.o
 .text.m2m_ota_init
                0x0000e90c       0x94 src/host_drv/driver/source/m2m_ota.o
                0x0000e90c                m2m_ota_init
 .text.m2m_ota_start_update
                0x0000e9a0       0x2c src/host_drv/driver/source/m2m_ota.o
                0x0000e9a0                m2m_ota_start_update
 .text.m2m_ota_rollback
                0x0000e9cc       0x1c src/host_drv/driver/source/m2m_ota.o
                0x0000e9cc                m2m_ota_rollback
 .text.m2m_ota_abort
                0x0000e9e8       0x1c src/host_drv/driver/source/m2m_ota.o
                0x0000e9e8                m2m_ota_abort
 .text.m2m_ota_switch_firmware
                0x0000ea04       0x1c src/host_drv/driver/source/m2m_ota.o
                0x0000ea04                m2m_ota_switch_firmware
 .text.m2m_ota_get_firmware_version
                0x0000ea20       0x28 src/host_drv/driver/source/m2m_ota.o
                0x0000ea20                m2m_ota_get_firmware_version
 .text.m2m_ota_host_file_get
                0x0000ea48       0xb0 src/host_drv/driver/source/m2m_ota.o
                0x0000ea48                m2m_ota_host_file_get
 .text.m2m_ota_host_file_read_hif
                0x0000eaf8       0x54 src/host_drv/driver/source/m2m_ota.o
                0x0000eaf8                m2m_ota_host_file_read_hif
 .text.m2m_ota_host_file_read_spi
                0x0000eb4c       0xe8 src/host_drv/driver/source/m2m_ota.o
                0x0000eb4c                m2m_ota_host_file_read_spi
 .text.m2m_ota_host_file_erase
                0x0000ec34       0x48 src/host_drv/driver/source/m2m_ota.o
                0x0000ec34                m2m_ota_host_file_erase
 .text.m2m_periph_pullup_ctrl
                0x0000ec7c        0xc src/host_drv/driver/source/m2m_periph.o
                0x0000ec7c                m2m_periph_pullup_ctrl
 .text.m2m_wifi_cb
                0x0000ec88      0x250 src/host_drv/driver/source/m2m_wifi.o
 .text.m2m_validate_ap_parameters
                0x0000eed8       0xfc src/host_drv/driver/source/m2m_wifi.o
 .text.m2m_wifi_connect_prepare_msg
                0x0000efd4       0xa8 src/host_drv/driver/source/m2m_wifi.o
 .text.m2m_wifi_download_mode
                0x0000f07c       0x24 src/host_drv/driver/source/m2m_wifi.o
                0x0000f07c                m2m_wifi_download_mode
 .text.m2m_wifi_send_crl
                0x0000f0a0       0x20 src/host_drv/driver/source/m2m_wifi.o
                0x0000f0a0                m2m_wifi_send_crl
 .text.m2m_wifi_init_hold
                0x0000f0c0       0x1c src/host_drv/driver/source/m2m_wifi.o
                0x0000f0c0                m2m_wifi_init_hold
 .text.m2m_wifi_init_start
                0x0000f0dc      0x174 src/host_drv/driver/source/m2m_wifi.o
                0x0000f0dc                m2m_wifi_init_start
 .text.m2m_wifi_init
                0x0000f250       0x1c src/host_drv/driver/source/m2m_wifi.o
                0x0000f250                m2m_wifi_init
 .text.m2m_wifi_deinit
                0x0000f26c       0x24 src/host_drv/driver/source/m2m_wifi.o
                0x0000f26c                m2m_wifi_deinit
 .text.m2m_wifi_yield
                0x0000f290        0xc src/host_drv/driver/source/m2m_wifi.o
                0x0000f290                m2m_wifi_yield
 .text.m2m_wifi_handle_events
                0x0000f29c        0xc src/host_drv/driver/source/m2m_wifi.o
                0x0000f29c                m2m_wifi_handle_events
 .text.m2m_wifi_default_connect
                0x0000f2a8       0x1c src/host_drv/driver/source/m2m_wifi.o
                0x0000f2a8                m2m_wifi_default_connect
 .text.m2m_wifi_connect_open
                0x0000f2c4       0x34 src/host_drv/driver/source/m2m_wifi.o
                0x0000f2c4                m2m_wifi_connect_open
 .text.m2m_wifi_connect_psk
                0x0000f2f8       0xc4 src/host_drv/driver/source/m2m_wifi.o
                0x0000f2f8                m2m_wifi_connect_psk
 .text.m2m_wifi_1x_set_option
                0x0000f3bc       0xdc src/host_drv/driver/source/m2m_wifi.o
                0x0000f3bc                m2m_wifi_1x_set_option
 .text.m2m_wifi_connect_1x_mschap2
                0x0000f498      0x118 src/host_drv/driver/source/m2m_wifi.o
                0x0000f498                m2m_wifi_connect_1x_mschap2
 .text.m2m_wifi_connect_1x_tls
                0x0000f5b0      0x184 src/host_drv/driver/source/m2m_wifi.o
                0x0000f5b0                m2m_wifi_connect_1x_tls
 .text.m2m_wifi_connect_sc
                0x0000f734       0xdc src/host_drv/driver/source/m2m_wifi.o
                0x0000f734                m2m_wifi_connect_sc
 .text.m2m_wifi_connect
                0x0000f810       0x18 src/host_drv/driver/source/m2m_wifi.o
                0x0000f810                m2m_wifi_connect
 .text.m2m_wifi_disconnect
                0x0000f828       0x1c src/host_drv/driver/source/m2m_wifi.o
                0x0000f828                m2m_wifi_disconnect
 .text.m2m_wifi_set_mac_address
                0x0000f844       0x30 src/host_drv/driver/source/m2m_wifi.o
                0x0000f844                m2m_wifi_set_mac_address
 .text.m2m_wifi_set_static_ip
                0x0000f874       0x20 src/host_drv/driver/source/m2m_wifi.o
                0x0000f874                m2m_wifi_set_static_ip
 .text.m2m_wifi_set_lsn_int
                0x0000f894       0x20 src/host_drv/driver/source/m2m_wifi.o
                0x0000f894                m2m_wifi_set_lsn_int
 .text.m2m_wifi_set_cust_InfoElement
                0x0000f8b4       0x2c src/host_drv/driver/source/m2m_wifi.o
                0x0000f8b4                m2m_wifi_set_cust_InfoElement
 .text.m2m_wifi_set_scan_options
                0x0000f8e0       0xd8 src/host_drv/driver/source/m2m_wifi.o
                0x0000f8e0                m2m_wifi_set_scan_options
 .text.m2m_wifi_set_stop_scan_on_first
                0x0000f9b8       0x68 src/host_drv/driver/source/m2m_wifi.o
                0x0000f9b8                m2m_wifi_set_stop_scan_on_first
 .text.m2m_wifi_set_scan_region
                0x0000fa20       0x24 src/host_drv/driver/source/m2m_wifi.o
                0x0000fa20                m2m_wifi_set_scan_region
 .text.m2m_wifi_request_scan
                0x0000fa44       0x4c src/host_drv/driver/source/m2m_wifi.o
                0x0000fa44                m2m_wifi_request_scan
 .text.m2m_wifi_request_scan_passive
                0x0000fa90       0x4c src/host_drv/driver/source/m2m_wifi.o
                0x0000fa90                m2m_wifi_request_scan_passive
 .text.m2m_wifi_request_scan_ssid_list
                0x0000fadc       0x68 src/host_drv/driver/source/m2m_wifi.o
                0x0000fadc                m2m_wifi_request_scan_ssid_list
 .text.m2m_wifi_wps
                0x0000fb44       0x40 src/host_drv/driver/source/m2m_wifi.o
                0x0000fb44                m2m_wifi_wps
 .text.m2m_wifi_wps_disable
                0x0000fb84       0x1c src/host_drv/driver/source/m2m_wifi.o
                0x0000fb84                m2m_wifi_wps_disable
 .text.m2m_wifi_enable_ap_ext
                0x0000fba0       0x30 src/host_drv/driver/source/m2m_wifi.o
                0x0000fba0                m2m_wifi_enable_ap_ext
 .text.m2m_wifi_disable_ap
                0x0000fbd0       0x1c src/host_drv/driver/source/m2m_wifi.o
                0x0000fbd0                m2m_wifi_disable_ap
 .text.m2m_wifi_req_curr_rssi
                0x0000fbec       0x1c src/host_drv/driver/source/m2m_wifi.o
                0x0000fbec                m2m_wifi_req_curr_rssi
 .text.m2m_wifi_get_otp_mac_address
                0x0000fc08       0x2c src/host_drv/driver/source/m2m_wifi.o
                0x0000fc08                m2m_wifi_get_otp_mac_address
 .text.m2m_wifi_get_mac_address
                0x0000fc34       0x28 src/host_drv/driver/source/m2m_wifi.o
                0x0000fc34                m2m_wifi_get_mac_address
 .text.m2m_wifi_req_scan_result
                0x0000fc5c       0x24 src/host_drv/driver/source/m2m_wifi.o
                0x0000fc5c                m2m_wifi_req_scan_result
 .text.m2m_wifi_get_num_ap_found
                0x0000fc80        0xc src/host_drv/driver/source/m2m_wifi.o
                0x0000fc80                m2m_wifi_get_num_ap_found
 .text.m2m_wifi_set_sleep_mode
                0x0000fc8c       0x58 src/host_drv/driver/source/m2m_wifi.o
                0x0000fc8c                m2m_wifi_set_sleep_mode
 .text.m2m_wifi_set_device_name
                0x0000fce4       0x38 src/host_drv/driver/source/m2m_wifi.o
                0x0000fce4                m2m_wifi_set_device_name
 .text.m2m_wifi_configure_sntp
                0x0000fd1c       0x48 src/host_drv/driver/source/m2m_wifi.o
                0x0000fd1c                m2m_wifi_configure_sntp
 .text.m2m_wifi_get_firmware_version
                0x0000fd64       0x28 src/host_drv/driver/source/m2m_wifi.o
                0x0000fd64                m2m_wifi_get_firmware_version
 .text.m2m_wifi_start_provision_mode_ext
                0x0000fd8c       0xb4 src/host_drv/driver/source/m2m_wifi.o
                0x0000fd8c                m2m_wifi_start_provision_mode_ext
 .text.m2m_wifi_stop_provision_mode
                0x0000fe40       0x1c src/host_drv/driver/source/m2m_wifi.o
                0x0000fe40                m2m_wifi_stop_provision_mode
 .text.m2m_wifi_get_connection_info
                0x0000fe5c       0x1c src/host_drv/driver/source/m2m_wifi.o
                0x0000fe5c                m2m_wifi_get_connection_info
 .text.m2m_wifi_set_system_time
                0x0000fe78       0x24 src/host_drv/driver/source/m2m_wifi.o
                0x0000fe78                m2m_wifi_set_system_time
 .text.m2m_wifi_get_system_time
                0x0000fe9c       0x1c src/host_drv/driver/source/m2m_wifi.o
                0x0000fe9c                m2m_wifi_get_system_time
 .text.m2m_wifi_enable_sntp
                0x0000feb8       0x20 src/host_drv/driver/source/m2m_wifi.o
                0x0000feb8                m2m_wifi_enable_sntp
 .text.m2m_wifi_set_power_profile
                0x0000fed8       0x24 src/host_drv/driver/source/m2m_wifi.o
                0x0000fed8                m2m_wifi_set_power_profile
 .text.m2m_wifi_set_tx_power
                0x0000fefc       0x24 src/host_drv/driver/source/m2m_wifi.o
                0x0000fefc                m2m_wifi_set_tx_power
 .text.m2m_wifi_enable_firmware_logs
                0x0000ff20       0x24 src/host_drv/driver/source/m2m_wifi.o
                0x0000ff20                m2m_wifi_enable_firmware_logs
 .text.m2m_wifi_set_battery_voltage
                0x0000ff44       0x24 src/host_drv/driver/source/m2m_wifi.o
                0x0000ff44                m2m_wifi_set_battery_voltage
 .text.m2m_wifi_prng_get_random_bytes
                0x0000ff68       0x7c src/host_drv/driver/source/m2m_wifi.o
                0x0000ff68                m2m_wifi_prng_get_random_bytes
 .text.m2m_wifi_conf_auto_rate
                0x0000ffe4       0x20 src/host_drv/driver/source/m2m_wifi.o
                0x0000ffe4                m2m_wifi_conf_auto_rate
 .text.m2m_wifi_reinit_hold
                0x00010004       0x18 src/host_drv/driver/source/m2m_wifi.o
                0x00010004                m2m_wifi_reinit_hold
 .text.m2m_wifi_reinit
                0x0001001c       0x1c src/host_drv/driver/source/m2m_wifi.o
                0x0001001c                m2m_wifi_reinit
 .text.m2m_wifi_get_state
                0x00010038        0xc src/host_drv/driver/source/m2m_wifi.o
                0x00010038                m2m_wifi_get_state
 .text.m2m_wifi_enable_roaming
                0x00010044       0x30 src/host_drv/driver/source/m2m_wifi.o
                0x00010044                m2m_wifi_enable_roaming
 .text.m2m_wifi_disable_roaming
                0x00010074       0x24 src/host_drv/driver/source/m2m_wifi.o
                0x00010074                m2m_wifi_disable_roaming
 .text.m2m_wifi_enable_XO_during_sleep
                0x00010098       0x2c src/host_drv/driver/source/m2m_wifi.o
                0x00010098                m2m_wifi_enable_XO_during_sleep
 .text.chip_apply_conf
                0x000100c4       0x34 src/host_drv/driver/source/nmasic.o
                0x000100c4                chip_apply_conf
 .text.enable_interrupts
                0x000100f8       0x50 src/host_drv/driver/source/nmasic.o
                0x000100f8                enable_interrupts
 .text.nmi_get_chipid
                0x00010148       0xa4 src/host_drv/driver/source/nmasic.o
                0x00010148                nmi_get_chipid
 .text.chip_sleep
                0x000101ec       0x60 src/host_drv/driver/source/nmasic.o
                0x000101ec                chip_sleep
 .text.chip_wake
                0x0001024c       0xdc src/host_drv/driver/source/nmasic.o
                0x0001024c                chip_wake
 .text.cpu_halt
                0x00010328       0x68 src/host_drv/driver/source/nmasic.o
                0x00010328                cpu_halt
 .text.chip_reset
                0x00010390       0x20 src/host_drv/driver/source/nmasic.o
                0x00010390                chip_reset
 .text.chip_reset_and_cpu_halt
                0x000103b0       0x24 src/host_drv/driver/source/nmasic.o
                0x000103b0                chip_reset_and_cpu_halt
 .text.wait_for_bootrom
                0x000103d4       0xf8 src/host_drv/driver/source/nmasic.o
                0x000103d4                wait_for_bootrom
 .text.wait_for_firmware_start
                0x000104cc       0x6c src/host_drv/driver/source/nmasic.o
                0x000104cc                wait_for_firmware_start
 .text.chip_deinit
                0x00010538       0x70 src/host_drv/driver/source/nmasic.o
                0x00010538                chip_deinit
 .text.pullup_ctrl
                0x000105a8       0x84 src/host_drv/driver/source/nmasic.o
                0x000105a8                pullup_ctrl
 .text.nmi_get_otp_mac_address
                0x0001062c       0x8c src/host_drv/driver/source/nmasic.o
                0x0001062c                nmi_get_otp_mac_address
 .text.nmi_get_mac_address
                0x000106b8       0x64 src/host_drv/driver/source/nmasic.o
                0x000106b8                nmi_get_mac_address
 .text.nm_bus_iface_init
                0x0001071c        0xc src/host_drv/driver/source/nmbus.o
                0x0001071c                nm_bus_iface_init
 .text.nm_bus_iface_deinit
                0x00010728        0xc src/host_drv/driver/source/nmbus.o
                0x00010728                nm_bus_iface_deinit
 .text.nm_bus_reset
                0x00010734        0xc src/host_drv/driver/source/nmbus.o
                0x00010734                nm_bus_reset
 .text.nm_read_reg
                0x00010740        0xc src/host_drv/driver/source/nmbus.o
                0x00010740                nm_read_reg
 .text.nm_read_reg_with_ret
                0x0001074c        0xc src/host_drv/driver/source/nmbus.o
                0x0001074c                nm_read_reg_with_ret
 .text.nm_write_reg
                0x00010758        0xc src/host_drv/driver/source/nmbus.o
                0x00010758                nm_write_reg
 .text.nm_read_block
                0x00010764       0x40 src/host_drv/driver/source/nmbus.o
                0x00010764                nm_read_block
 .text.nm_write_block
                0x000107a4       0x40 src/host_drv/driver/source/nmbus.o
                0x000107a4                nm_write_block
 .text.nm_get_firmware_full_info
                0x000107e4       0xc4 src/host_drv/driver/source/nmdrv.o
                0x000107e4                nm_get_firmware_full_info
 .text.nm_get_ota_firmware_info
                0x000108a8       0xc8 src/host_drv/driver/source/nmdrv.o
                0x000108a8                nm_get_ota_firmware_info
 .text.nm_drv_init_download_mode
                0x00010970       0x8c src/host_drv/driver/source/nmdrv.o
                0x00010970                nm_drv_init_download_mode
 .text.nm_drv_init_hold
                0x000109fc       0x6c src/host_drv/driver/source/nmdrv.o
                0x000109fc                nm_drv_init_hold
 .text.nm_drv_init_start
                0x00010a68       0x88 src/host_drv/driver/source/nmdrv.o
                0x00010a68                nm_drv_init_start
 .text.nm_drv_init
                0x00010af0       0x1c src/host_drv/driver/source/nmdrv.o
                0x00010af0                nm_drv_init
 .text.nm_drv_deinit
                0x00010b0c       0x8c src/host_drv/driver/source/nmdrv.o
                0x00010b0c                nm_drv_deinit
 .text.spi_cmd  0x00010b98      0x144 src/host_drv/driver/source/nmspi.o
 .text.spi_data_read
                0x00010cdc      0x10c src/host_drv/driver/source/nmspi.o
 .text.spi_cmd_rsp
                0x00010de8       0xa0 src/host_drv/driver/source/nmspi.o
 .text.nm_spi_reset
                0x00010e88       0xac src/host_drv/driver/source/nmspi.o
                0x00010e88                nm_spi_reset
 .text.nm_spi_write_reg
                0x00010f34       0xdc src/host_drv/driver/source/nmspi.o
                0x00010f34                nm_spi_write_reg
 .text.nm_spi_read_reg_with_ret
                0x00011010      0x13c src/host_drv/driver/source/nmspi.o
                0x00011010                nm_spi_read_reg_with_ret
 .text.nm_spi_deinit
                0x0001114c        0xc src/host_drv/driver/source/nmspi.o
                0x0001114c                nm_spi_deinit
 .text.nm_spi_read_reg
                0x00011158       0x10 src/host_drv/driver/source/nmspi.o
                0x00011158                nm_spi_read_reg
 .text.nm_spi_init
                0x00011168      0x104 src/host_drv/driver/source/nmspi.o
                0x00011168                nm_spi_init
 .text.nm_spi_read_block
                0x0001126c      0x120 src/host_drv/driver/source/nmspi.o
                0x0001126c                nm_spi_read_block
 .text.nm_spi_write_block
                0x0001138c      0x23c src/host_drv/driver/source/nmspi.o
                0x0001138c                nm_spi_write_block
 .text.Socket_ReadSocketData
                0x000115c8       0xc0 src/host_drv/socket/source/socket.o
                0x000115c8                Socket_ReadSocketData
 .text.m2m_ip_cb
                0x00011688      0x340 src/host_drv/socket/source/socket.o
 .text.socketInit
                0x000119c8       0x40 src/host_drv/socket/source/socket.o
                0x000119c8                socketInit
 .text.socketDeinit
                0x00011a08       0x3c src/host_drv/socket/source/socket.o
                0x00011a08                socketDeinit
 .text.registerSocketCallback
                0x00011a44       0x14 src/host_drv/socket/source/socket.o
                0x00011a44                registerSocketCallback
 .text.socket   0x00011a58      0x130 src/host_drv/socket/source/socket.o
                0x00011a58                socket
 .text.bind     0x00011b88       0x6c src/host_drv/socket/source/socket.o
                0x00011b88                bind
 .text.listen   0x00011bf4       0x4c src/host_drv/socket/source/socket.o
                0x00011bf4                listen
 .text.accept   0x00011c40       0x20 src/host_drv/socket/source/socket.o
                0x00011c40                accept
 .text.connect  0x00011c60       0x78 src/host_drv/socket/source/socket.o
                0x00011c60                connect
 .text.secure   0x00011cd8       0x7c src/host_drv/socket/source/socket.o
                0x00011cd8                secure
 .text.send     0x00011d54       0x7c src/host_drv/socket/source/socket.o
                0x00011d54                send
 .text.sendto   0x00011dd0       0x8c src/host_drv/socket/source/socket.o
                0x00011dd0                sendto
 .text.recv     0x00011e5c       0x8c src/host_drv/socket/source/socket.o
                0x00011e5c                recv
 .text.close    0x00011ee8       0x88 src/host_drv/socket/source/socket.o
                0x00011ee8                close
 .text.recvfrom
                0x00011f70       0x80 src/host_drv/socket/source/socket.o
                0x00011f70                recvfrom
 .text.nmi_inet_addr
                0x00011ff0       0x58 src/host_drv/socket/source/socket.o
                0x00011ff0                nmi_inet_addr
 .text.gethostbyname
                0x00012048       0x34 src/host_drv/socket/source/socket.o
                0x00012048                gethostbyname
 .text.setsockopt
                0x0001207c      0x178 src/host_drv/socket/source/socket.o
                0x0001207c                setsockopt
 .text.m2m_ping_req
                0x000121f4       0x50 src/host_drv/socket/source/socket.o
                0x000121f4                m2m_ping_req
 .text.set_alpn_list
                0x00012244       0x98 src/host_drv/socket/source/socket.o
                0x00012244                set_alpn_list
 .text.get_alpn_index
                0x000122dc       0x28 src/host_drv/socket/source/socket.o
                0x000122dc                get_alpn_index
 .text.sslEnableCertExpirationCheck
                0x00012304       0x24 src/host_drv/socket/source/socket.o
                0x00012304                sslEnableCertExpirationCheck
 .text.IsSocketReady
                0x00012328        0xc src/host_drv/socket/source/socket.o
                0x00012328                IsSocketReady
 .text.get_error_detail
                0x00012334       0x2c src/host_drv/socket/source/socket.o
                0x00012334                get_error_detail
 .text.delay_init
                0x00012360       0x40 src/ASF/common2/services/delay/sam0/systick_counter.o
                0x00012360                delay_init
 .text.delay_cycles_us
                0x000123a0       0x2c src/ASF/common2/services/delay/sam0/systick_counter.o
                0x000123a0                delay_cycles_us
 .text.delay_cycles_ms
                0x000123cc       0x2c src/ASF/common2/services/delay/sam0/systick_counter.o
                0x000123cc                delay_cycles_ms
 .text.DMAC_Handler
                0x000123f8       0xa4 src/ASF/sam0/drivers/dma/dma.o
                0x000123f8                DMAC_Handler
 .text.dma_get_config_defaults
                0x0001249c       0x10 src/ASF/sam0/drivers/dma/dma.o
                0x0001249c                dma_get_config_defaults
 .text.dma_allocate
                0x000124ac      0x12c src/ASF/sam0/drivers/dma/dma.o
                0x000124ac                dma_allocate
 .text.dma_free
                0x000125d8       0x54 src/ASF/sam0/drivers/dma/dma.o
                0x000125d8                dma_free
 .text.dma_start_transfer_job
                0x0001262c       0x7c src/ASF/sam0/drivers/dma/dma.o
                0x0001262c                dma_start_transfer_job
 .text.dma_descriptor_create
                0x000126a8       0xa8 src/ASF/sam0/drivers/dma/dma.o
                0x000126a8                dma_descriptor_create
 .text.dma_add_descriptor
                0x00012750       0x22 src/ASF/sam0/drivers/dma/dma.o
                0x00012750                dma_add_descriptor
 *fill*         0x00012772        0x2 
 .text.extint_is_syncing
                0x00012774        0xc src/ASF/sam0/drivers/extint/extint.o
 .text._extint_enable
                0x00012780       0x20 src/ASF/sam0/drivers/extint/extint.o
 .text._system_extint_init
                0x000127a0       0x68 src/ASF/sam0/drivers/extint/extint.o
                0x000127a0                _system_extint_init
 .text.extint_chan_set_config
                0x00012808       0x70 src/ASF/sam0/drivers/extint/extint.o
                0x00012808                extint_chan_set_config
 .text.extint_register_callback
                0x00012878       0x28 src/ASF/sam0/drivers/extint/extint_callback.o
                0x00012878                extint_register_callback
 .text.extint_chan_enable_callback
                0x000128a0       0x20 src/ASF/sam0/drivers/extint/extint_callback.o
                0x000128a0                extint_chan_enable_callback
 .text.extint_chan_disable_callback
                0x000128c0       0x20 src/ASF/sam0/drivers/extint/extint_callback.o
                0x000128c0                extint_chan_disable_callback
 .text.EIC_Handler
                0x000128e0       0x40 src/ASF/sam0/drivers/extint/extint_callback.o
                0x000128e0                EIC_Handler
 .text._i2c_master_wait_for_sync
                0x00012920        0xc src/ASF/sam0/drivers/sercom/i2c/i2c_samd21_r21_d10_d11/i2c_master.o
 .text.i2c_master_init
                0x0001292c      0x1a8 src/ASF/sam0/drivers/sercom/i2c/i2c_samd21_r21_d10_d11/i2c_master.o
                0x0001292c                i2c_master_init
 .text.i2c_master_reset
                0x00012ad4       0x28 src/ASF/sam0/drivers/sercom/i2c/i2c_samd21_r21_d10_d11/i2c_master.o
                0x00012ad4                i2c_master_reset
 .text._i2c_master_address_response
                0x00012afc       0x2c src/ASF/sam0/drivers/sercom/i2c/i2c_samd21_r21_d10_d11/i2c_master.o
                0x00012afc                _i2c_master_address_response
 .text._i2c_master_wait_for_bus
                0x00012b28       0x28 src/ASF/sam0/drivers/sercom/i2c/i2c_samd21_r21_d10_d11/i2c_master.o
                0x00012b28                _i2c_master_wait_for_bus
 .text._i2c_master_send_hs_master_code
                0x00012b50       0x20 src/ASF/sam0/drivers/sercom/i2c/i2c_samd21_r21_d10_d11/i2c_master.o
                0x00012b50                _i2c_master_send_hs_master_code
 .text._i2c_master_read_packet
                0x00012b70      0x130 src/ASF/sam0/drivers/sercom/i2c/i2c_samd21_r21_d10_d11/i2c_master.o
 .text._i2c_master_write_packet
                0x00012ca0       0xc8 src/ASF/sam0/drivers/sercom/i2c/i2c_samd21_r21_d10_d11/i2c_master.o
 .text.i2c_master_read_packet_wait
                0x00012d68       0x10 src/ASF/sam0/drivers/sercom/i2c/i2c_samd21_r21_d10_d11/i2c_master.o
                0x00012d68                i2c_master_read_packet_wait
 .text.i2c_master_write_packet_wait
                0x00012d78       0x10 src/ASF/sam0/drivers/sercom/i2c/i2c_samd21_r21_d10_d11/i2c_master.o
                0x00012d78                i2c_master_write_packet_wait
 .text._sercom_get_sync_baud_val
                0x00012d88       0x28 src/ASF/sam0/drivers/sercom/sercom.o
                0x00012d88                _sercom_get_sync_baud_val
 .text._sercom_get_async_baud_val
                0x00012db0      0x150 src/ASF/sam0/drivers/sercom/sercom.o
                0x00012db0                _sercom_get_async_baud_val
 .text.sercom_set_gclk_generator
                0x00012f00       0x44 src/ASF/sam0/drivers/sercom/sercom.o
                0x00012f00                sercom_set_gclk_generator
 .text._sercom_get_default_pad
                0x00012f44      0x15c src/ASF/sam0/drivers/sercom/sercom.o
                0x00012f44                _sercom_get_default_pad
 .text.spi_is_ready_to_write
                0x000130a0        0xa src/ASF/sam0/drivers/sercom/spi/spi.o
 .text.spi_is_ready_to_read
                0x000130aa        0xa src/ASF/sam0/drivers/sercom/spi/spi.o
 .text.spi_write
                0x000130b4       0x20 src/ASF/sam0/drivers/sercom/spi/spi.o
 .text.spi_read
                0x000130d4       0x40 src/ASF/sam0/drivers/sercom/spi/spi.o
 .text.port_pin_set_output_level
                0x00013114       0x2c src/ASF/sam0/drivers/sercom/spi/spi.o
 .text.spi_init
                0x00013140      0x300 src/ASF/sam0/drivers/sercom/spi/spi.o
                0x00013140                spi_init
 .text.spi_select_slave
                0x00013440       0x98 src/ASF/sam0/drivers/sercom/spi/spi.o
                0x00013440                spi_select_slave
 .text._usart_wait_for_sync
                0x000134d8        0xa src/ASF/sam0/drivers/sercom/usart/usart.o
 *fill*         0x000134e2        0x2 
 .text.usart_init
                0x000134e4      0x2c4 src/ASF/sam0/drivers/sercom/usart/usart.o
                0x000134e4                usart_init
 .text.usart_write_wait
                0x000137a8       0x30 src/ASF/sam0/drivers/sercom/usart/usart.o
                0x000137a8                usart_write_wait
 .text.usart_read_wait
                0x000137d8       0x7c src/ASF/sam0/drivers/sercom/usart/usart.o
                0x000137d8                usart_read_wait
 .text._usart_read_buffer
                0x00013854       0x28 src/ASF/sam0/drivers/sercom/usart/usart_interrupt.o
                0x00013854                _usart_read_buffer
 .text.usart_register_callback
                0x0001387c       0x18 src/ASF/sam0/drivers/sercom/usart/usart_interrupt.o
                0x0001387c                usart_register_callback
 .text.usart_write_job
                0x00013894       0x30 src/ASF/sam0/drivers/sercom/usart/usart_interrupt.o
                0x00013894                usart_write_job
 .text.usart_read_job
                0x000138c4       0x1c src/ASF/sam0/drivers/sercom/usart/usart_interrupt.o
                0x000138c4                usart_read_job
 .text.usart_write_buffer_job
                0x000138e0       0x30 src/ASF/sam0/drivers/sercom/usart/usart_interrupt.o
                0x000138e0                usart_write_buffer_job
 .text.usart_read_buffer_job
                0x00013910       0x28 src/ASF/sam0/drivers/sercom/usart/usart_interrupt.o
                0x00013910                usart_read_buffer_job
 .text._usart_interrupt_handler
                0x00013938      0x16c src/ASF/sam0/drivers/sercom/usart/usart_interrupt.o
                0x00013938                _usart_interrupt_handler
 .text._sercom_default_handler
                0x00013aa4        0x2 src/ASF/sam0/drivers/sercom/sercom_interrupt.o
 *fill*         0x00013aa6        0x2 
 .text._sercom_get_sercom_inst_index
                0x00013aa8       0x30 src/ASF/sam0/drivers/sercom/sercom_interrupt.o
                0x00013aa8                _sercom_get_sercom_inst_index
 .text._sercom_set_handler
                0x00013ad8       0x38 src/ASF/sam0/drivers/sercom/sercom_interrupt.o
                0x00013ad8                _sercom_set_handler
 .text._sercom_get_interrupt_vector
                0x00013b10       0x2c src/ASF/sam0/drivers/sercom/sercom_interrupt.o
                0x00013b10                _sercom_get_interrupt_vector
 .text.SERCOM0_Handler
                0x00013b3c       0x10 src/ASF/sam0/drivers/sercom/sercom_interrupt.o
                0x00013b3c                SERCOM0_Handler
 .text.SERCOM1_Handler
                0x00013b4c       0x10 src/ASF/sam0/drivers/sercom/sercom_interrupt.o
                0x00013b4c                SERCOM1_Handler
 .text.SERCOM2_Handler
                0x00013b5c       0x10 src/ASF/sam0/drivers/sercom/sercom_interrupt.o
                0x00013b5c                SERCOM2_Handler
 .text.SERCOM3_Handler
                0x00013b6c       0x10 src/ASF/sam0/drivers/sercom/sercom_interrupt.o
                0x00013b6c                SERCOM3_Handler
 .text.SERCOM4_Handler
                0x00013b7c       0x10 src/ASF/sam0/drivers/sercom/sercom_interrupt.o